Archive member included to satisfy reference by file (symbol)

c:/nxp/mcuxpressoide_10.2.0_759/ide/tools/bin/../lib/gcc/arm-none-eabi/7.2.1/../../../../arm-none-eabi/lib/thumb/v7e-m/fpv4-sp/hard\libcr_c.a(atan2.o)
                              ./source/App.o (atan2)
c:/nxp/mcuxpressoide_10.2.0_759/ide/tools/bin/../lib/gcc/arm-none-eabi/7.2.1/../../../../arm-none-eabi/lib/thumb/v7e-m/fpv4-sp/hard\libcr_c.a(errno.o)
                              c:/nxp/mcuxpressoide_10.2.0_759/ide/tools/bin/../lib/gcc/arm-none-eabi/7.2.1/../../../../arm-none-eabi/lib/thumb/v7e-m/fpv4-sp/hard\libcr_c.a(atan2.o) (errno)
c:/nxp/mcuxpressoide_10.2.0_759/ide/tools/bin/../lib/gcc/arm-none-eabi/7.2.1/../../../../arm-none-eabi/lib/thumb/v7e-m/fpv4-sp/hard\libcr_c.a(fabs.o)
                              c:/nxp/mcuxpressoide_10.2.0_759/ide/tools/bin/../lib/gcc/arm-none-eabi/7.2.1/../../../../arm-none-eabi/lib/thumb/v7e-m/fpv4-sp/hard\libcr_c.a(atan2.o) (fabs)
c:/nxp/mcuxpressoide_10.2.0_759/ide/tools/bin/../lib/gcc/arm-none-eabi/7.2.1/../../../../arm-none-eabi/lib/thumb/v7e-m/fpv4-sp/hard\libcr_c.a(sqrt.o)
                              ./source/App.o (sqrt)
c:/nxp/mcuxpressoide_10.2.0_759/ide/tools/bin/../lib/gcc/arm-none-eabi/7.2.1/../../../../arm-none-eabi/lib/thumb/v7e-m/fpv4-sp/hard\libcr_c.a(_hugeval.o)
                              c:/nxp/mcuxpressoide_10.2.0_759/ide/tools/bin/../lib/gcc/arm-none-eabi/7.2.1/../../../../arm-none-eabi/lib/thumb/v7e-m/fpv4-sp/hard\libcr_c.a(atan2.o) (__huge_val)
c:/nxp/mcuxpressoide_10.2.0_759/ide/tools/bin/../lib/gcc/arm-none-eabi/7.2.1/../../../../arm-none-eabi/lib/thumb/v7e-m/fpv4-sp/hard\libcr_c.a(atan.o)
                              c:/nxp/mcuxpressoide_10.2.0_759/ide/tools/bin/../lib/gcc/arm-none-eabi/7.2.1/../../../../arm-none-eabi/lib/thumb/v7e-m/fpv4-sp/hard\libcr_c.a(atan2.o) (atan)
c:/nxp/mcuxpressoide_10.2.0_759/ide/tools/bin/../lib/gcc/arm-none-eabi/7.2.1/thumb/v7e-m/fpv4-sp/hard\libcr_eabihelpers.a(double.o)
                              ./source/drivers/drv_FXOS8700CQ.o (__aeabi_dmul)
c:/nxp/mcuxpressoide_10.2.0_759/ide/tools/bin/../lib/gcc/arm-none-eabi/7.2.1/thumb/v7e-m/fpv4-sp/hard\libcr_eabihelpers.a(float.o)
                              ./source/App.o (__aeabi_f2d)

Discarded input sections

 .group         0x00000000        0xc ./source/timers/SysTick.o
 .group         0x00000000        0xc ./source/timers/SysTick.o
 .group         0x00000000        0xc ./source/timers/SysTick.o
 .group         0x00000000        0xc ./source/timers/SysTick.o
 .group         0x00000000        0xc ./source/timers/SysTick.o
 .group         0x00000000        0xc ./source/timers/SysTick.o
 .group         0x00000000        0xc ./source/timers/SysTick.o
 .group         0x00000000        0xc ./source/timers/SysTick.o
 .group         0x00000000        0xc ./source/timers/SysTick.o
 .group         0x00000000        0xc ./source/timers/SysTick.o
 .group         0x00000000        0xc ./source/timers/SysTick.o
 .group         0x00000000        0xc ./source/timers/SysTick.o
 .group         0x00000000        0xc ./source/timers/SysTick.o
 .text          0x00000000        0x0 ./source/timers/SysTick.o
 .data          0x00000000        0x0 ./source/timers/SysTick.o
 .bss           0x00000000        0x0 ./source/timers/SysTick.o
 .group         0x00000000        0xc ./source/timers/timer.o
 .group         0x00000000        0xc ./source/timers/timer.o
 .group         0x00000000        0xc ./source/timers/timer.o
 .group         0x00000000        0xc ./source/timers/timer.o
 .group         0x00000000        0xc ./source/timers/timer.o
 .group         0x00000000        0xc ./source/timers/timer.o
 .group         0x00000000        0xc ./source/timers/timer.o
 .group         0x00000000        0xc ./source/timers/timer.o
 .group         0x00000000        0xc ./source/timers/timer.o
 .group         0x00000000        0xc ./source/timers/timer.o
 .group         0x00000000        0xc ./source/timers/timer.o
 .group         0x00000000        0xc ./source/timers/timer.o
 .group         0x00000000        0xc ./source/timers/timer.o
 .group         0x00000000        0xc ./source/timers/timer.o
 .group         0x00000000        0xc ./source/timers/timer.o
 .group         0x00000000        0xc ./source/timers/timer.o
 .group         0x00000000        0xc ./source/timers/timer.o
 .group         0x00000000        0xc ./source/timers/timer.o
 .group         0x00000000        0xc ./source/timers/timer.o
 .group         0x00000000        0xc ./source/timers/timer.o
 .group         0x00000000        0xc ./source/timers/timer.o
 .group         0x00000000        0xc ./source/timers/timer.o
 .group         0x00000000        0xc ./source/timers/timer.o
 .group         0x00000000        0xc ./source/timers/timer.o
 .group         0x00000000        0xc ./source/timers/timer.o
 .group         0x00000000        0xc ./source/timers/timer.o
 .group         0x00000000        0xc ./source/timers/timer.o
[...]
Memory Configuration

Name             Origin             Length             Attributes
PROGRAM_FLASH    0x00000000         0x00100000         xr
SRAM_UPPER       0x20000000         0x00030000         xrw
SRAM_LOWER       0x1fff0000         0x00010000         xrw
FLEX_RAM         0x14000000         0x00001000         xrw
*default*        0x00000000         0xffffffff

Linker script and memory map

LOAD ./source/timers/SysTick.o
LOAD ./source/timers/timer.o
LOAD ./source/protocols/CAN.o
LOAD ./source/protocols/I2C.o
LOAD ./source/protocols/uart.o
LOAD ./source/drivers/drv_CAN.o
LOAD ./source/drivers/drv_DEVBOARD.o
LOAD ./source/drivers/drv_FXOS8700CQ.o
LOAD ./source/drivers/drv_I2C.o
LOAD ./source/drivers/drv_K64.o
LOAD ./source/drivers/drv_UART.o
LOAD ./source/MCAL/IRQ.o
LOAD ./source/MCAL/gpio.o
LOAD ./source/App.o
LOAD ./SDK/startup/hardware.o
LOAD ./SDK/startup/main.o
LOAD ./SDK/startup/semihost_hardfault.o
LOAD ./SDK/startup/startup_mk64f12.o
LOAD ./SDK/CMSIS/system_MK64F12.o
START GROUP
LOAD c:/nxp/mcuxpressoide_10.2.0_759/ide/tools/bin/../lib/gcc/arm-none-eabi/7.2.1/../../../../arm-none-eabi/lib/thumb/v7e-m/fpv4-sp/hard\libcr_c.a
LOAD c:/nxp/mcuxpressoide_10.2.0_759/ide/tools/bin/../lib/gcc/arm-none-eabi/7.2.1/thumb/v7e-m/fpv4-sp/hard\libcr_eabihelpers.a
END GROUP
                0x00000000                __base_PROGRAM_FLASH = 0x0
                0x00000000                __base_Flash = 0x0
                0x00100000                __top_PROGRAM_FLASH = 0x100000
                0x00100000                __top_Flash = 0x100000
                0x20000000                __base_SRAM_UPPER = 0x20000000
                0x20000000                __base_RAM = 0x20000000
                0x20030000                __top_SRAM_UPPER = 0x20030000
                0x20030000                __top_RAM = 0x20030000
                0x1fff0000                __base_SRAM_LOWER = 0x1fff0000
                0x1fff0000                __base_RAM2 = 0x1fff0000
                0x20000000                __top_SRAM_LOWER = 0x20000000
                0x20000000                __top_RAM2 = 0x20000000
                0x14000000                __base_FLEX_RAM = 0x14000000
                0x14000000                __base_RAM3 = 0x14000000
                0x14001000                __top_FLEX_RAM = 0x14001000
                0x14001000                __top_RAM3 = 0x14001000

.text           0x00000000     0x3868
 FILL mask 0xff
                0x00000000                __vectors_start__ = ABSOLUTE (.)
 *(SORT_BY_ALIGNMENT(.isr_vector))
 .isr_vector    0x00000000      0x198 ./SDK/startup/startup_mk64f12.o
                0x00000000                g_pfnVectors
                0x00000000                __Vectors
                0x00000198                . = ALIGN (0x4)
                0x00000198                __section_table_start = .
                0x00000198                __data_section_table = .
                0x00000198        0x4 LONG 0x3868 LOADADDR (.data)
                0x0000019c        0x4 LONG 0x20000000 ADDR (.data)
                0x000001a0        0x4 LONG 0xa8 SIZEOF (.data)
                0x000001a4        0x4 LONG 0x3868 LOADADDR (.data_RAM2)
                0x000001a8        0x4 LONG 0x1fff0000 ADDR (.data_RAM2)
                0x000001ac        0x4 LONG 0x0 SIZEOF (.data_RAM2)
                0x000001b0        0x4 LONG 0x3868 LOADADDR (.data_RAM3)
                0x000001b4        0x4 LONG 0x14000000 ADDR (.data_RAM3)
                0x000001b8        0x4 LONG 0x0 SIZEOF (.data_RAM3)
                0x000001bc                __data_section_table_end = .
                0x000001bc                __bss_section_table = .
                0x000001bc        0x4 LONG 0x200000a8 ADDR (.bss)
                0x000001c0        0x4 LONG 0x800 SIZEOF (.bss)
                0x000001c4        0x4 LONG 0x1fff0000 ADDR (.bss_RAM2)
                0x000001c8        0x4 LONG 0x0 SIZEOF (.bss_RAM2)
                0x000001cc        0x4 LONG 0x14000000 ADDR (.bss_RAM3)
                0x000001d0        0x4 LONG 0x0 SIZEOF (.bss_RAM3)
                0x000001d4                __bss_section_table_end = .
                0x000001d4                __section_table_end = .
 *(SORT_BY_ALIGNMENT(.after_vectors*))
 .after_vectors.reset
                0x000001d4       0x4c ./SDK/startup/startup_mk64f12.o
                0x000001d4                ResetISR
 .after_vectors.init_data
                0x00000220       0x1e ./SDK/startup/startup_mk64f12.o
                0x00000220                data_init
 .after_vectors.init_bss
                0x0000023e       0x12 ./SDK/startup/startup_mk64f12.o
                0x0000023e                bss_init
 .after_vectors
                0x00000250       0x14 ./SDK/startup/startup_mk64f12.o
                0x00000250                NMI_Handler
                0x00000254                MemManage_Handler
                0x00000256                BusFault_Handler
                0x00000258                UsageFault_Handler
                0x0000025a                SVC_Handler
                0x0000025c                DebugMon_Handler
                0x0000025e                PendSV_Handler
                0x00000262                DMA_Error_DriverIRQHandler
                0x00000262                LPTMR0_DriverIRQHandler
                0x00000262                FTM1_DriverIRQHandler
                0x00000262                FTM2_DriverIRQHandler
                0x00000262                PIT2_DriverIRQHandler
                0x00000262                SDHC_DriverIRQHandler
                0x00000262                I2S0_Tx_DriverIRQHandler
                0x00000262                RTC_Seconds_DriverIRQHandler
                0x00000262                DMA6_DriverIRQHandler
                0x00000262                LLWU_DriverIRQHandler
                0x00000262                MCM_DriverIRQHandler
                0x00000262                MCG_DriverIRQHandler
                0x00000262                ENET_1588_Timer_DriverIRQHandler
                0x00000262                I2C2_DriverIRQHandler
                0x00000262                DAC1_DriverIRQHandler
                0x00000262                SPI1_DriverIRQHandler
                0x00000262                CMP1_DriverIRQHandler
                0x00000262                UART5_RX_TX_DriverIRQHandler
                0x00000262                FTM0_DriverIRQHandler
                0x00000262                IntDefaultHandler
                0x00000262                USB0_DriverIRQHandler
                0x00000262                UART5_ERR_DriverIRQHandler
                0x00000262                PORTC_DriverIRQHandler
                0x00000262                DMA11_DriverIRQHandler
                0x00000262                DAC0_DriverIRQHandler
                0x00000262                DMA10_DriverIRQHandler
                0x00000262                CMP2_DriverIRQHandler
                0x00000262                UART2_ERR_DriverIRQHandler
                0x00000262                SPI2_DriverIRQHandler
                0x00000262                LVD_LVW_DriverIRQHandler
                0x00000262                PIT0_DriverIRQHandler
                0x00000262                RNG_DriverIRQHandler
                0x00000262                DMA5_DriverIRQHandler
                0x00000262                DMA12_DriverIRQHandler
                0x00000262                UART2_RX_TX_DriverIRQHandler
                0x00000262                USBDCD_DriverIRQHandler
                0x00000262                UART3_ERR_DriverIRQHandler
                0x00000262                DMA3_DriverIRQHandler
                0x00000262                DMA8_DriverIRQHandler
                0x00000262                DMA9_DriverIRQHandler
                0x00000262                UART0_ERR_DriverIRQHandler
                0x00000262                CMT_DriverIRQHandler
                0x00000262                Reserved71_DriverIRQHandler
                0x00000262                ADC1_DriverIRQHandler
                0x00000262                PORTA_DriverIRQHandler
                0x00000262                DMA14_DriverIRQHandler
                0x00000262                PIT3_DriverIRQHandler
                0x00000262                PIT1_DriverIRQHandler
                0x00000262                WDOG_EWM_DriverIRQHandler
                0x00000262                PDB0_DriverIRQHandler
                0x00000262                RTC_DriverIRQHandler
                0x00000262                I2S0_Rx_DriverIRQHandler
                0x00000262                Read_Collision_DriverIRQHandler
                0x00000262                SWI_DriverIRQHandler
                0x00000262                UART4_RX_TX_DriverIRQHandler
                0x00000262                UART4_ERR_DriverIRQHandler
                0x00000262                PORTB_DriverIRQHandler
                0x00000262                UART0_LON_DriverIRQHandler
                0x00000262                DMA0_DriverIRQHandler
                0x00000262                DMA1_DriverIRQHandler
                0x00000262                I2C1_DriverIRQHandler
                0x00000262                UART3_RX_TX_DriverIRQHandler
                0x00000262                ENET_Receive_DriverIRQHandler
                0x00000262                DMA13_DriverIRQHandler
                0x00000262                ENET_Error_DriverIRQHandler
                0x00000262                DMA15_DriverIRQHandler
                0x00000262                UART0_RX_TX_DriverIRQHandler
                0x00000262                SPI0_DriverIRQHandler
                0x00000262                ADC0_DriverIRQHandler
                0x00000262                CMP0_DriverIRQHandler
                0x00000262                CAN0_DriverIRQHandler
                0x00000262                FTM3_DriverIRQHandler
                0x00000262                DMA4_DriverIRQHandler
                0x00000262                UART1_ERR_DriverIRQHandler
                0x00000262                DMA2_DriverIRQHandler
                0x00000262                ENET_Transmit_DriverIRQHandler
                0x00000262                PORTD_DriverIRQHandler
                0x00000262                PORTE_DriverIRQHandler
                0x00000262                FTFE_DriverIRQHandler
                0x00000262                I2C0_DriverIRQHandler
                0x00000262                DMA7_DriverIRQHandler
                0x00000262                UART1_RX_TX_DriverIRQHandler
                0x00000400                . = 0x400
 *fill*         0x00000264      0x19c ff
                0x00000400                PROVIDE (__FLASH_CONFIG_START__, .)
 *(SORT_BY_ALIGNMENT(.FlashConfig))
 .FlashConfig   0x00000400       0x10 ./SDK/startup/startup_mk64f12.o
                0x00000400                Flash_Config
                0x00000410                PROVIDE (__FLASH_CONFIG_END__, .)
                0x00000001                ASSERT (! ((__FLASH_CONFIG_START__ == __FLASH_CONFIG_END__)), Linker Flash Config Support Enabled, but no .FlashConfig section provided within application)
 *(SORT_BY_ALIGNMENT(.text*))
 .text.callbackRead
                0x00000410      0x150 ./source/drivers/drv_FXOS8700CQ.o
                0x00000410                callbackRead
 .text.normalize
                0x00000560      0x250 ./source/App.o
                0x00000560                normalize
 .text.atan2    0x000007b0      0x128 c:/nxp/mcuxpressoide_10.2.0_759/ide/tools/bin/../lib/gcc/arm-none-eabi/7.2.1/../../../../arm-none-eabi/lib/thumb/v7e-m/fpv4-sp/hard\libcr_c.a(atan2.o)
                0x000007b0                atan2
 .text.sqrt     0x000008d8      0x11c c:/nxp/mcuxpressoide_10.2.0_759/ide/tools/bin/../lib/gcc/arm-none-eabi/7.2.1/../../../../arm-none-eabi/lib/thumb/v7e-m/fpv4-sp/hard\libcr_c.a(sqrt.o)
                0x000008d8                sqrt
 *fill*         0x000009f4        0x4 ff
 .text.atan     0x000009f8      0x224 c:/nxp/mcuxpressoide_10.2.0_759/ide/tools/bin/../lib/gcc/arm-none-eabi/7.2.1/../../../../arm-none-eabi/lib/thumb/v7e-m/fpv4-sp/hard\libcr_c.a(atan.o)
                0x000009f8                atan
 .text.SysTick_Init
                0x00000c1c       0x60 ./source/timers/SysTick.o
                0x00000c1c                SysTick_Init
 .text.SysTick_Handler
                0x00000c7c       0x2c ./source/timers/SysTick.o
                0x00000c7c                SysTick_Handler
 .text.timerInit
                0x00000ca8       0x28 ./source/timers/timer.o
                0x00000ca8                timerInit
 .text.timerGetId
                0x00000cd0       0x5c ./source/timers/timer.o
                0x00000cd0                timerGetId
 .text.timerStart
                0x00000d2c      0x130 ./source/timers/timer.o
                0x00000d2c                timerStart
 .text.timer_isr
                0x00000e5c       0xf4 ./source/timers/timer.o
 .text.__NVIC_EnableIRQ
                0x00000f50       0x3c ./source/protocols/CAN.o
 .text.initCAN  0x00000f8c      0x128 ./source/protocols/CAN.o
                0x00000f8c                initCAN
 .text.enableCAN
                0x000010b4       0x2c ./source/protocols/CAN.o
                0x000010b4                enableCAN
 .text.disableCAN
                0x000010e0       0x30 ./source/protocols/CAN.o
                0x000010e0                disableCAN
 .text.enableCanInterrup
                0x00001110       0x40 ./source/protocols/CAN.o
                0x00001110                enableCanInterrup
 .text.configureCANClock
                0x00001150       0x38 ./source/protocols/CAN.o
                0x00001150                configureCANClock
 .text.defaultCANConfig
                0x00001188       0x3c ./source/protocols/CAN.o
                0x00001188                defaultCANConfig
 .text.configRxMB
                0x000011c4       0x70 ./source/protocols/CAN.o
                0x000011c4                configRxMB
 .text.readCAN  0x00001234      0x154 ./source/protocols/CAN.o
                0x00001234                readCAN
 .text.CAN0_ORed_Message_buffer_IRQHandler
                0x00001388       0x74 ./source/protocols/CAN.o
                0x00001388                CAN0_ORed_Message_buffer_IRQHandler
 .text.__NVIC_EnableIRQ
                0x000013fc       0x3c ./source/protocols/I2C.o
 .text.initI2C  0x00001438       0xfc ./source/protocols/I2C.o
                0x00001438                initI2C
 .text.i2cDefaultConfig
                0x00001534       0x54 ./source/protocols/I2C.o
                0x00001534                i2cDefaultConfig
 .text.i2cLoadCallback
                0x00001588       0x20 ./source/protocols/I2C.o
                0x00001588                i2cLoadCallback
 .text.i2cWriteAndRead
                0x000015a8       0xdc ./source/protocols/I2C.o
                0x000015a8                i2cWriteAndRead
 .text.i2cCommunication
                0x00001684      0x1c8 ./source/protocols/I2C.o
                0x00001684                i2cCommunication
 .text.i2cEndCommunication
                0x0000184c       0x44 ./source/protocols/I2C.o
 .text.I2C0_IRQHandler
                0x00001890       0x2c ./source/protocols/I2C.o
                0x00001890                I2C0_IRQHandler
 .text.getFault
                0x000018bc       0x18 ./source/protocols/I2C.o
                0x000018bc                getFault
 .text.__NVIC_EnableIRQ
                0x000018d4       0x3c ./source/protocols/uart.o
 .text.uartInit
                0x00001910      0x1ac ./source/protocols/uart.o
                0x00001910                uartInit
 .text.uartWriteMsg
                0x00001abc      0x13c ./source/protocols/uart.o
                0x00001abc                uartWriteMsg
 .text.uartIsTxMsgComplete
                0x00001bf8       0x2c ./source/protocols/uart.o
                0x00001bf8                uartIsTxMsgComplete
 .text.UART_SetBaudRate
                0x00001c24       0x98 ./source/protocols/uart.o
                0x00001c24                UART_SetBaudRate
 .text.UARTX_IRQ_HANDLER
                0x00001cbc      0x204 ./source/protocols/uart.o
                0x00001cbc                UARTX_IRQ_HANDLER
 .text.initBoardsCan
                0x00001ec0       0x3c ./source/drivers/drv_CAN.o
                0x00001ec0                initBoardsCan
 .text.callback
                0x00001efc       0x30 ./source/drivers/drv_CAN.o
                0x00001efc                callback
 .text.configSensor
                0x00001f2c      0x1f0 ./source/drivers/drv_FXOS8700CQ.o
                0x00001f2c                configSensor
 .text.callbackIsFinished
                0x0000211c       0x18 ./source/drivers/drv_FXOS8700CQ.o
                0x0000211c                callbackIsFinished
 .text.getMagData
                0x00002134       0x40 ./source/drivers/drv_FXOS8700CQ.o
                0x00002134                getMagData
 .text.getAccData
                0x00002174       0x40 ./source/drivers/drv_FXOS8700CQ.o
                0x00002174                getAccData
 .text.ReadAccelMagnData
                0x000021b4       0x34 ./source/drivers/drv_FXOS8700CQ.o
                0x000021b4                ReadAccelMagnData
 .text.getStatus
                0x000021e8       0x18 ./source/drivers/drv_FXOS8700CQ.o
                0x000021e8                getStatus
 .text.PORT_ClearInterruptFlag
                0x00002200       0x40 ./source/MCAL/IRQ.o
                0x00002200                PORT_ClearInterruptFlag
 .text.PORTA_IRQHandler
                0x00002240       0x40 ./source/MCAL/IRQ.o
                0x00002240                PORTA_IRQHandler
 .text.PORTB_IRQHandler
                0x00002280       0x40 ./source/MCAL/IRQ.o
                0x00002280                PORTB_IRQHandler
 .text.PORTC_IRQHandler
                0x000022c0       0x40 ./source/MCAL/IRQ.o
                0x000022c0                PORTC_IRQHandler
 .text.PORTD_IRQHandler
                0x00002300       0x40 ./source/MCAL/IRQ.o
                0x00002300                PORTD_IRQHandler
 .text.PORTE_IRQHandler
                0x00002340       0x40 ./source/MCAL/IRQ.o
                0x00002340                PORTE_IRQHandler
 .text.FindPinNum
                0x00002380       0x50 ./source/MCAL/IRQ.o
                0x00002380                FindPinNum
 .text.gpioMode
                0x000023d0       0xf4 ./source/MCAL/gpio.o
                0x000023d0                gpioMode
 .text.gpioWrite
                0x000024c4       0x70 ./source/MCAL/gpio.o
                0x000024c4                gpioWrite
 .text.App_Init
                0x00002534       0x70 ./source/App.o
                0x00002534                App_Init
 .text.updateDispositives
                0x000025a4       0x78 ./source/App.o
                0x000025a4                updateDispositives
 .text.updateMessage4CPU
                0x0000261c      0x234 ./source/App.o
                0x0000261c                updateMessage4CPU
 .text.initDispositives
                0x00002850       0x38 ./source/App.o
                0x00002850                initDispositives
 .text.initBuffer
                0x00002888       0x5c ./source/App.o
                0x00002888                initBuffer
 .text.callbackTimerTx
                0x000028e4       0x3c ./source/App.o
                0x000028e4                callbackTimerTx
 .text.sendPos2Boards
                0x00002920       0xa8 ./source/App.o
                0x00002920                sendPos2Boards
 .text.byteToChars
                0x000029c8       0xdc ./source/App.o
                0x000029c8                byteToChars
 .text.hw_Init  0x00002aa4      0x10c ./SDK/startup/hardware.o
                0x00002aa4                hw_Init
 .text.hw_EnableInterrupts
                0x00002bb0       0x30 ./SDK/startup/hardware.o
                0x00002bb0                hw_EnableInterrupts
 .text.SystemInit
                0x00002be0       0x3c ./SDK/CMSIS/system_MK64F12.o
                0x00002be0                SystemInit
 .text.__aeabi_dmul
                0x00002c1c      0x11c c:/nxp/mcuxpressoide_10.2.0_759/ide/tools/bin/../lib/gcc/arm-none-eabi/7.2.1/thumb/v7e-m/fpv4-sp/hard\libcr_eabihelpers.a(double.o)
                0x00002c1c                __aeabi_dmul
 .text.__aeabi_ddiv
                0x00002d38      0x138 c:/nxp/mcuxpressoide_10.2.0_759/ide/tools/bin/../lib/gcc/arm-none-eabi/7.2.1/thumb/v7e-m/fpv4-sp/hard\libcr_eabihelpers.a(double.o)
                0x00002d38                __aeabi_ddiv
 .text.__aeabi_dsub
                0x00002e70      0x1b4 c:/nxp/mcuxpressoide_10.2.0_759/ide/tools/bin/../lib/gcc/arm-none-eabi/7.2.1/thumb/v7e-m/fpv4-sp/hard\libcr_eabihelpers.a(double.o)
                0x00002e70                __aeabi_dsub
 .text.__aeabi_dadd
                0x00003024      0x10c c:/nxp/mcuxpressoide_10.2.0_759/ide/tools/bin/../lib/gcc/arm-none-eabi/7.2.1/thumb/v7e-m/fpv4-sp/hard\libcr_eabihelpers.a(double.o)
                0x00003024                __aeabi_dadd
 .text.__aeabi_d2f
                0x00003130       0x54 c:/nxp/mcuxpressoide_10.2.0_759/ide/tools/bin/../lib/gcc/arm-none-eabi/7.2.1/thumb/v7e-m/fpv4-sp/hard\libcr_eabihelpers.a(double.o)
                0x00003130                __aeabi_d2f
 .text.__aeabi_f2d
                0x00003184       0x38 c:/nxp/mcuxpressoide_10.2.0_759/ide/tools/bin/../lib/gcc/arm-none-eabi/7.2.1/thumb/v7e-m/fpv4-sp/hard\libcr_eabihelpers.a(float.o)
                0x00003184                __aeabi_f2d
 .text.UART0_RX_TX_IRQHandler
                0x000031bc       0x1e ./source/protocols/uart.o
                0x000031bc                UART0_RX_TX_IRQHandler
 .text.UART1_RX_TX_IRQHandler
                0x000031da       0x1e ./source/protocols/uart.o
                0x000031da                UART1_RX_TX_IRQHandler
 .text.UART2_RX_TX_IRQHandler
                0x000031f8       0x1e ./source/protocols/uart.o
                0x000031f8                UART2_RX_TX_IRQHandler
 .text.UART3_RX_TX_IRQHandler
                0x00003216       0x1e ./source/protocols/uart.o
                0x00003216                UART3_RX_TX_IRQHandler
 .text.UART4_RX_TX_IRQHandler
                0x00003234       0x1e ./source/protocols/uart.o
                0x00003234                UART4_RX_TX_IRQHandler
 .text.UART5_RX_TX_IRQHandler
                0x00003252       0x1e ./source/protocols/uart.o
                0x00003252                UART5_RX_TX_IRQHandler
 .text.init_DEVBOARD
                0x00003270        0xe ./source/drivers/drv_DEVBOARD.o
                0x00003270                init_DEVBOARD
 .text.initSensor
                0x0000327e       0x18 ./source/drivers/drv_FXOS8700CQ.o
                0x0000327e                initSensor
 .text.initI2c  0x00003296       0x12 ./source/drivers/drv_I2C.o
                0x00003296                initI2c
 .text.loadCallback
                0x000032a8       0x16 ./source/drivers/drv_I2C.o
                0x000032a8                loadCallback
 .text.i2cCommunicationHandler
                0x000032be       0x2c ./source/drivers/drv_I2C.o
                0x000032be                i2cCommunicationHandler
 .text.init_K64Leds
                0x000032ea       0x38 ./source/drivers/drv_K64.o
                0x000032ea                init_K64Leds
 .text.initUART
                0x00003322       0x2c ./source/drivers/drv_UART.o
                0x00003322                initUART
 .text.sendPackage
                0x0000334e       0x28 ./source/drivers/drv_UART.o
                0x0000334e                sendPackage
 .text.App_Run  0x00003376       0x1e ./source/App.o
                0x00003376                App_Run
 .text.main     0x00003394       0x16 ./SDK/startup/main.o
                0x00003394                main
 .text.HardFault_Handler
                0x000033aa       0x2c ./SDK/startup/semihost_hardfault.o
                0x000033aa                HardFault_Handler
 .text.DMA0_IRQHandler
                0x000033d6        0x8 ./SDK/startup/startup_mk64f12.o
                0x000033d6                DMA0_IRQHandler
 .text.DMA1_IRQHandler
                0x000033de        0x8 ./SDK/startup/startup_mk64f12.o
                0x000033de                DMA1_IRQHandler
 .text.DMA2_IRQHandler
                0x000033e6        0x8 ./SDK/startup/startup_mk64f12.o
                0x000033e6                DMA2_IRQHandler
 .text.DMA3_IRQHandler
                0x000033ee        0x8 ./SDK/startup/startup_mk64f12.o
                0x000033ee                DMA3_IRQHandler
 .text.DMA4_IRQHandler
                0x000033f6        0x8 ./SDK/startup/startup_mk64f12.o
                0x000033f6                DMA4_IRQHandler
 .text.DMA5_IRQHandler
                0x000033fe        0x8 ./SDK/startup/startup_mk64f12.o
                0x000033fe                DMA5_IRQHandler
 .text.DMA6_IRQHandler
                0x00003406        0x8 ./SDK/startup/startup_mk64f12.o
                0x00003406                DMA6_IRQHandler
 .text.DMA7_IRQHandler
                0x0000340e        0x8 ./SDK/startup/startup_mk64f12.o
                0x0000340e                DMA7_IRQHandler
 .text.DMA8_IRQHandler
                0x00003416        0x8 ./SDK/startup/startup_mk64f12.o
                0x00003416                DMA8_IRQHandler
 .text.DMA9_IRQHandler
                0x0000341e        0x8 ./SDK/startup/startup_mk64f12.o
                0x0000341e                DMA9_IRQHandler
 .text.DMA10_IRQHandler
                0x00003426        0x8 ./SDK/startup/startup_mk64f12.o
                0x00003426                DMA10_IRQHandler
 .text.DMA11_IRQHandler
                0x0000342e        0x8 ./SDK/startup/startup_mk64f12.o
                0x0000342e                DMA11_IRQHandler
 .text.DMA12_IRQHandler
                0x00003436        0x8 ./SDK/startup/startup_mk64f12.o
                0x00003436                DMA12_IRQHandler
 .text.DMA13_IRQHandler
                0x0000343e        0x8 ./SDK/startup/startup_mk64f12.o
                0x0000343e                DMA13_IRQHandler
 .text.DMA14_IRQHandler
                0x00003446        0x8 ./SDK/startup/startup_mk64f12.o
                0x00003446                DMA14_IRQHandler
 .text.DMA15_IRQHandler
                0x0000344e        0x8 ./SDK/startup/startup_mk64f12.o
                0x0000344e                DMA15_IRQHandler
 .text.DMA_Error_IRQHandler
                0x00003456        0x8 ./SDK/startup/startup_mk64f12.o
                0x00003456                DMA_Error_IRQHandler
 .text.MCM_IRQHandler
                0x0000345e        0x8 ./SDK/startup/startup_mk64f12.o
                0x0000345e                MCM_IRQHandler
 .text.FTFE_IRQHandler
                0x00003466        0x8 ./SDK/startup/startup_mk64f12.o
                0x00003466                FTFE_IRQHandler
 .text.Read_Collision_IRQHandler
                0x0000346e        0x8 ./SDK/startup/startup_mk64f12.o
                0x0000346e                Read_Collision_IRQHandler
 .text.LVD_LVW_IRQHandler
                0x00003476        0x8 ./SDK/startup/startup_mk64f12.o
                0x00003476                LVD_LVW_IRQHandler
 .text.LLWU_IRQHandler
                0x0000347e        0x8 ./SDK/startup/startup_mk64f12.o
                0x0000347e                LLWU_IRQHandler
 .text.WDOG_EWM_IRQHandler
                0x00003486        0x8 ./SDK/startup/startup_mk64f12.o
                0x00003486                WDOG_EWM_IRQHandler
 .text.RNG_IRQHandler
                0x0000348e        0x8 ./SDK/startup/startup_mk64f12.o
                0x0000348e                RNG_IRQHandler
 .text.I2C1_IRQHandler
                0x00003496        0x8 ./SDK/startup/startup_mk64f12.o
                0x00003496                I2C1_IRQHandler
 .text.SPI0_IRQHandler
                0x0000349e        0x8 ./SDK/startup/startup_mk64f12.o
                0x0000349e                SPI0_IRQHandler
 .text.SPI1_IRQHandler
                0x000034a6        0x8 ./SDK/startup/startup_mk64f12.o
                0x000034a6                SPI1_IRQHandler
 .text.I2S0_Tx_IRQHandler
                0x000034ae        0x8 ./SDK/startup/startup_mk64f12.o
                0x000034ae                I2S0_Tx_IRQHandler
 .text.I2S0_Rx_IRQHandler
                0x000034b6        0x8 ./SDK/startup/startup_mk64f12.o
                0x000034b6                I2S0_Rx_IRQHandler
 .text.UART0_LON_IRQHandler
                0x000034be        0x8 ./SDK/startup/startup_mk64f12.o
                0x000034be                UART0_LON_IRQHandler
 .text.UART0_ERR_IRQHandler
                0x000034c6        0x8 ./SDK/startup/startup_mk64f12.o
                0x000034c6                UART0_ERR_IRQHandler
 .text.UART1_ERR_IRQHandler
                0x000034ce        0x8 ./SDK/startup/startup_mk64f12.o
                0x000034ce                UART1_ERR_IRQHandler
 .text.UART2_ERR_IRQHandler
                0x000034d6        0x8 ./SDK/startup/startup_mk64f12.o
                0x000034d6                UART2_ERR_IRQHandler
 .text.UART3_ERR_IRQHandler
                0x000034de        0x8 ./SDK/startup/startup_mk64f12.o
                0x000034de                UART3_ERR_IRQHandler
 .text.ADC0_IRQHandler
                0x000034e6        0x8 ./SDK/startup/startup_mk64f12.o
                0x000034e6                ADC0_IRQHandler
 .text.CMP0_IRQHandler
                0x000034ee        0x8 ./SDK/startup/startup_mk64f12.o
                0x000034ee                CMP0_IRQHandler
 .text.CMP1_IRQHandler
                0x000034f6        0x8 ./SDK/startup/startup_mk64f12.o
                0x000034f6                CMP1_IRQHandler
 .text.FTM0_IRQHandler
                0x000034fe        0x8 ./SDK/startup/startup_mk64f12.o
                0x000034fe                FTM0_IRQHandler
 .text.FTM1_IRQHandler
                0x00003506        0x8 ./SDK/startup/startup_mk64f12.o
                0x00003506                FTM1_IRQHandler
 .text.FTM2_IRQHandler
                0x0000350e        0x8 ./SDK/startup/startup_mk64f12.o
                0x0000350e                FTM2_IRQHandler
 .text.CMT_IRQHandler
                0x00003516        0x8 ./SDK/startup/startup_mk64f12.o
                0x00003516                CMT_IRQHandler
 .text.RTC_IRQHandler
                0x0000351e        0x8 ./SDK/startup/startup_mk64f12.o
                0x0000351e                RTC_IRQHandler
 .text.RTC_Seconds_IRQHandler
                0x00003526        0x8 ./SDK/startup/startup_mk64f12.o
                0x00003526                RTC_Seconds_IRQHandler
 .text.PIT0_IRQHandler
                0x0000352e        0x8 ./SDK/startup/startup_mk64f12.o
                0x0000352e                PIT0_IRQHandler
 .text.PIT1_IRQHandler
                0x00003536        0x8 ./SDK/startup/startup_mk64f12.o
                0x00003536                PIT1_IRQHandler
 .text.PIT2_IRQHandler
                0x0000353e        0x8 ./SDK/startup/startup_mk64f12.o
                0x0000353e                PIT2_IRQHandler
 .text.PIT3_IRQHandler
                0x00003546        0x8 ./SDK/startup/startup_mk64f12.o
                0x00003546                PIT3_IRQHandler
 .text.PDB0_IRQHandler
                0x0000354e        0x8 ./SDK/startup/startup_mk64f12.o
                0x0000354e                PDB0_IRQHandler
 .text.USB0_IRQHandler
                0x00003556        0x8 ./SDK/startup/startup_mk64f12.o
                0x00003556                USB0_IRQHandler
 .text.USBDCD_IRQHandler
                0x0000355e        0x8 ./SDK/startup/startup_mk64f12.o
                0x0000355e                USBDCD_IRQHandler
 .text.Reserved71_IRQHandler
                0x00003566        0x8 ./SDK/startup/startup_mk64f12.o
                0x00003566                Reserved71_IRQHandler
 .text.DAC0_IRQHandler
                0x0000356e        0x8 ./SDK/startup/startup_mk64f12.o
                0x0000356e                DAC0_IRQHandler
 .text.MCG_IRQHandler
                0x00003576        0x8 ./SDK/startup/startup_mk64f12.o
                0x00003576                MCG_IRQHandler
 .text.LPTMR0_IRQHandler
                0x0000357e        0x8 ./SDK/startup/startup_mk64f12.o
                0x0000357e                LPTMR0_IRQHandler
 .text.SWI_IRQHandler
                0x00003586        0x8 ./SDK/startup/startup_mk64f12.o
                0x00003586                SWI_IRQHandler
 .text.SPI2_IRQHandler
                0x0000358e        0x8 ./SDK/startup/startup_mk64f12.o
                0x0000358e                SPI2_IRQHandler
 .text.UART4_ERR_IRQHandler
                0x00003596        0x8 ./SDK/startup/startup_mk64f12.o
                0x00003596                UART4_ERR_IRQHandler
 .text.UART5_ERR_IRQHandler
                0x0000359e        0x8 ./SDK/startup/startup_mk64f12.o
                0x0000359e                UART5_ERR_IRQHandler
 .text.CMP2_IRQHandler
                0x000035a6        0x8 ./SDK/startup/startup_mk64f12.o
                0x000035a6                CMP2_IRQHandler
 .text.FTM3_IRQHandler
                0x000035ae        0x8 ./SDK/startup/startup_mk64f12.o
                0x000035ae                FTM3_IRQHandler
 .text.DAC1_IRQHandler
                0x000035b6        0x8 ./SDK/startup/startup_mk64f12.o
                0x000035b6                DAC1_IRQHandler
 .text.ADC1_IRQHandler
                0x000035be        0x8 ./SDK/startup/startup_mk64f12.o
                0x000035be                ADC1_IRQHandler
 .text.I2C2_IRQHandler
                0x000035c6        0x8 ./SDK/startup/startup_mk64f12.o
                0x000035c6                I2C2_IRQHandler
 .text.CAN0_Bus_Off_IRQHandler
                0x000035ce        0x8 ./SDK/startup/startup_mk64f12.o
                0x000035ce                CAN0_Bus_Off_IRQHandler
 .text.CAN0_Error_IRQHandler
                0x000035d6        0x8 ./SDK/startup/startup_mk64f12.o
                0x000035d6                CAN0_Error_IRQHandler
 .text.CAN0_Tx_Warning_IRQHandler
                0x000035de        0x8 ./SDK/startup/startup_mk64f12.o
                0x000035de                CAN0_Tx_Warning_IRQHandler
 .text.CAN0_Rx_Warning_IRQHandler
                0x000035e6        0x8 ./SDK/startup/startup_mk64f12.o
                0x000035e6                CAN0_Rx_Warning_IRQHandler
 .text.CAN0_Wake_Up_IRQHandler
                0x000035ee        0x8 ./SDK/startup/startup_mk64f12.o
                0x000035ee                CAN0_Wake_Up_IRQHandler
 .text.SDHC_IRQHandler
                0x000035f6        0x8 ./SDK/startup/startup_mk64f12.o
                0x000035f6                SDHC_IRQHandler
 .text.ENET_1588_Timer_IRQHandler
                0x000035fe        0x8 ./SDK/startup/startup_mk64f12.o
                0x000035fe                ENET_1588_Timer_IRQHandler
 .text.ENET_Transmit_IRQHandler
                0x00003606        0x8 ./SDK/startup/startup_mk64f12.o
                0x00003606                ENET_Transmit_IRQHandler
 .text.ENET_Receive_IRQHandler
                0x0000360e        0x8 ./SDK/startup/startup_mk64f12.o
                0x0000360e                ENET_Receive_IRQHandler
 .text.ENET_Error_IRQHandler
                0x00003616        0x8 ./SDK/startup/startup_mk64f12.o
                0x00003616                ENET_Error_IRQHandler
 .text.SystemInitHook
                0x0000361e        0xe ./SDK/CMSIS/system_MK64F12.o
                0x0000361e                SystemInitHook
 .text.fabs     0x0000362c       0x22 c:/nxp/mcuxpressoide_10.2.0_759/ide/tools/bin/../lib/gcc/arm-none-eabi/7.2.1/../../../../arm-none-eabi/lib/thumb/v7e-m/fpv4-sp/hard\libcr_c.a(fabs.o)
                0x0000362c                fabs
 .text.__aeabi_d2iz
                0x0000364e       0x40 c:/nxp/mcuxpressoide_10.2.0_759/ide/tools/bin/../lib/gcc/arm-none-eabi/7.2.1/thumb/v7e-m/fpv4-sp/hard\libcr_eabihelpers.a(double.o)
                0x0000364e                __aeabi_d2iz
 .text.__bhs_ui2d
                0x0000368e       0x46 c:/nxp/mcuxpressoide_10.2.0_759/ide/tools/bin/../lib/gcc/arm-none-eabi/7.2.1/thumb/v7e-m/fpv4-sp/hard\libcr_eabihelpers.a(double.o)
                0x0000368e                __bhs_ui2d
 .text.__aeabi_i2d
                0x000036d4       0x12 c:/nxp/mcuxpressoide_10.2.0_759/ide/tools/bin/../lib/gcc/arm-none-eabi/7.2.1/thumb/v7e-m/fpv4-sp/hard\libcr_eabihelpers.a(double.o)
                0x000036d4                __aeabi_i2d
 .text.__aeabi_dcmpeq
                0x000036e6       0x30 c:/nxp/mcuxpressoide_10.2.0_759/ide/tools/bin/../lib/gcc/arm-none-eabi/7.2.1/thumb/v7e-m/fpv4-sp/hard\libcr_eabihelpers.a(double.o)
                0x000036e6                __aeabi_dcmpeq
 .text.__aeabi_dcmplt
                0x00003716       0x58 c:/nxp/mcuxpressoide_10.2.0_759/ide/tools/bin/../lib/gcc/arm-none-eabi/7.2.1/thumb/v7e-m/fpv4-sp/hard\libcr_eabihelpers.a(double.o)
                0x00003716                __aeabi_dcmplt
 .text.__aeabi_dcmpgt
                0x0000376e       0x58 c:/nxp/mcuxpressoide_10.2.0_759/ide/tools/bin/../lib/gcc/arm-none-eabi/7.2.1/thumb/v7e-m/fpv4-sp/hard\libcr_eabihelpers.a(double.o)
                0x0000376e                __aeabi_dcmpgt
 .text.__aeabi_dcmple
                0x000037c6       0x5a c:/nxp/mcuxpressoide_10.2.0_759/ide/tools/bin/../lib/gcc/arm-none-eabi/7.2.1/thumb/v7e-m/fpv4-sp/hard\libcr_eabihelpers.a(double.o)
                0x000037c6                __aeabi_dcmple
 *(SORT_BY_ALIGNMENT(.rodata) SORT_BY_ALIGNMENT(.rodata.*) SORT_BY_ALIGNMENT(.constdata) SORT_BY_ALIGNMENT(.constdata.*))
 .rodata.__huge_val
                0x00003820        0x8 c:/nxp/mcuxpressoide_10.2.0_759/ide/tools/bin/../lib/gcc/arm-none-eabi/7.2.1/../../../../arm-none-eabi/lib/thumb/v7e-m/fpv4-sp/hard\libcr_c.a(_hugeval.o)
                0x00003820                __huge_val
 .rodata.a.5195
                0x00003828       0x20 c:/nxp/mcuxpressoide_10.2.0_759/ide/tools/bin/../lib/gcc/arm-none-eabi/7.2.1/../../../../arm-none-eabi/lib/thumb/v7e-m/fpv4-sp/hard\libcr_c.a(atan.o)
 .rodata        0x00003848       0x14 ./source/protocols/CAN.o
 .rodata.IRQn   0x0000385c        0x6 ./source/protocols/uart.o
                0x00003868                . = ALIGN (0x8)
 *fill*         0x00003862        0x6 ff

.glue_7         0x00003868        0x0
 .glue_7        0x00003868        0x0 linker stubs

.glue_7t        0x00003868        0x0
 .glue_7t       0x00003868        0x0 linker stubs

.vfp11_veneer   0x00003868        0x0
 .vfp11_veneer  0x00003868        0x0 linker stubs

.v4_bx          0x00003868        0x0
 .v4_bx         0x00003868        0x0 linker stubs

.iplt           0x00003868        0x0
 .iplt          0x00003868        0x0 ./source/timers/SysTick.o

.rel.dyn        0x00003868        0x0
 .rel.iplt      0x00003868        0x0 ./source/timers/SysTick.o

.ARM.extab
 *(SORT_BY_ALIGNMENT(.ARM.extab*) SORT_BY_ALIGNMENT(.gnu.linkonce.armextab.*))
                0x00003868                __exidx_start = .

.ARM.exidx
 *(SORT_BY_ALIGNMENT(.ARM.exidx*) SORT_BY_ALIGNMENT(.gnu.linkonce.armexidx.*))
                0x00003868                __exidx_end = .
                0x00003868                _etext = .

.m_usb_data
 *(SORT_BY_ALIGNMENT(m_usb_bdt))

.data_RAM2      0x1fff0000        0x0 load address 0x00003868
 FILL mask 0xff
                [!provide]                PROVIDE (__start_data_RAM2, .)
 *(SORT_BY_ALIGNMENT(.ramfunc.$RAM2))
 *(SORT_BY_ALIGNMENT(.ramfunc.$SRAM_LOWER))
 *(SORT_BY_ALIGNMENT(.data.$RAM2*))
 *(SORT_BY_ALIGNMENT(.data.$SRAM_LOWER*))
                0x1fff0000                . = ALIGN (0x8)
                [!provide]                PROVIDE (__end_data_RAM2, .)

.data_RAM3      0x14000000        0x0 load address 0x00003868
 FILL mask 0xff
                [!provide]                PROVIDE (__start_data_RAM3, .)
 *(SORT_BY_ALIGNMENT(.ramfunc.$RAM3))
 *(SORT_BY_ALIGNMENT(.ramfunc.$FLEX_RAM))
 *(SORT_BY_ALIGNMENT(.data.$RAM3*))
 *(SORT_BY_ALIGNMENT(.data.$FLEX_RAM*))
                0x14000000                . = ALIGN (0x8)
                [!provide]                PROVIDE (__end_data_RAM3, .)

.uninit_RESERVED
                0x20000000        0x0
 *(SORT_BY_ALIGNMENT(.bss.$RESERVED*))
                0x20000000                . = ALIGN (0x4)
                0x20000000                _end_uninit_RESERVED = .

.data           0x20000000       0xa8 load address 0x00003868
 FILL mask 0xff
                0x20000000                _data = .
 *(SORT_BY_ALIGNMENT(vtable))
 *(SORT_BY_ALIGNMENT(.ramfunc*))
 *(SORT_BY_ALIGNMENT(.data*))
 .data.SIM_MASK
                0x20000000       0x18 ./source/protocols/uart.o
 .data.SIM_PTR  0x20000018        0x4 ./source/protocols/uart.o
 .data.UART_POINTERS
                0x2000001c       0x18 ./source/protocols/uart.o
 .data.PORT_PTRS
                0x20000034       0x18 ./source/protocols/uart.o
 .data.PORT_PTRS
                0x2000004c       0x14 ./source/MCAL/IRQ.o
 .data.SIM_MASK
                0x20000060       0x14 ./source/MCAL/gpio.o
 .data.SIM_PTR  0x20000074        0x4 ./source/MCAL/gpio.o
 .data.GPIO_PTRS
                0x20000078       0x14 ./source/MCAL/gpio.o
 .data.PORT_PTRS
                0x2000008c       0x14 ./source/MCAL/gpio.o
 .data.messagePointer
                0x200000a0        0x4 ./source/App.o
 .data.timers_cant
                0x200000a4        0x1 ./source/timers/timer.o
                0x200000a8                . = ALIGN (0x8)
 *fill*         0x200000a5        0x3 ff
                0x200000a8                _edata = .

.igot.plt       0x200000a8        0x0 load address 0x00003910
 .igot.plt      0x200000a8        0x0 ./source/timers/SysTick.o

.bss_RAM2       0x1fff0000        0x0
                [!provide]                PROVIDE (__start_bss_RAM2, .)
 *(SORT_BY_ALIGNMENT(.bss.$RAM2*))
 *(SORT_BY_ALIGNMENT(.bss.$SRAM_LOWER*))
                0x1fff0000                . = ALIGN ((. != 0x0)?0x8:0x1)
                [!provide]                PROVIDE (__end_bss_RAM2, .)

.bss_RAM3       0x14000000        0x0
                [!provide]                PROVIDE (__start_bss_RAM3, .)
 *(SORT_BY_ALIGNMENT(.bss.$RAM3*))
 *(SORT_BY_ALIGNMENT(.bss.$FLEX_RAM*))
                0x14000000                . = ALIGN ((. != 0x0)?0x8:0x1)
                [!provide]                PROVIDE (__end_bss_RAM3, .)

.bss            0x200000a8      0x800
                0x200000a8                _bss = .
 *(SORT_BY_ALIGNMENT(.bss*))
 .bss.ptr_to_fun_systick
                0x200000a8        0x4 ./source/timers/SysTick.o
                0x200000a8                ptr_to_fun_systick
 .bss.timers    0x200000ac      0x100 ./source/timers/timer.o
 .bss.callbacks
                0x200001ac       0x40 ./source/protocols/CAN.o
 .bss.isrI2cConfig
                0x200001ec       0x18 ./source/protocols/I2C.o
 .bss.rx        0x20000204       0xf0 ./source/protocols/uart.o
 .bss.tx        0x200002f4       0xf0 ./source/protocols/uart.o
 .bss.MbBuffer  0x200003e4      0x100 ./source/drivers/drv_CAN.o
 .bss.accelerometer
                0x200004e4        0xc ./source/drivers/drv_FXOS8700CQ.o
 .bss.magnet    0x200004f0        0xc ./source/drivers/drv_FXOS8700CQ.o
 .bss.i2cSensor
                0x200004fc        0x1 ./source/drivers/drv_FXOS8700CQ.o
 *fill*         0x200004fd        0x3 
 .bss.buffer    0x20000500        0xd ./source/drivers/drv_FXOS8700CQ.o
 *fill*         0x2000050d        0x3 
 .bss.i         0x20000510        0x4 ./source/drivers/drv_FXOS8700CQ.o
 .bss.PTRS_TO_FUN
                0x20000514      0x280 ./source/MCAL/gpio.o
                0x20000514                PTRS_TO_FUN
 .bss.measurament
                0x20000794        0x8 ./source/App.o
 .bss.dispositives
                0x2000079c       0x38 ./source/App.o
 .bss.bufferDisp
                0x200007d4       0x38 ./source/App.o
 .bss.message4CPU
                0x2000080c       0x8c ./source/App.o
 .bss.__LDM_interruptDisableCount
                0x20000898        0x4 ./SDK/startup/hardware.o
 .bss.errno     0x2000089c        0x4 c:/nxp/mcuxpressoide_10.2.0_759/ide/tools/bin/../lib/gcc/arm-none-eabi/7.2.1/../../../../arm-none-eabi/lib/thumb/v7e-m/fpv4-sp/hard\libcr_c.a(errno.o)
                0x2000089c                errno
 .bss.yaInit.6772
                0x200008a0        0x1 ./source/timers/SysTick.o
 .bss.yaInit.7447
                0x200008a1        0x1 ./source/timers/timer.o
 .bss.timerTx   0x200008a2        0x1 ./source/App.o
 .bss.timerRx   0x200008a3        0x1 ./source/App.o
 .bss.sensorInit
                0x200008a4        0x1 ./source/App.o
 *(SORT_BY_ALIGNMENT(COMMON))
                0x200008a8                . = ALIGN (0x8)
 *fill*         0x200008a5        0x3 
                0x200008a8                _ebss = .
                [!provide]                PROVIDE (end, .)

.noinit_RAM2    0x1fff0000        0x0
 *(SORT_BY_ALIGNMENT(.noinit.$RAM2*))
 *(SORT_BY_ALIGNMENT(.noinit.$SRAM_LOWER*))
                0x1fff0000                . = ALIGN (0x8)

.noinit_RAM3    0x14000000        0x0
 *(SORT_BY_ALIGNMENT(.noinit.$RAM3*))
 *(SORT_BY_ALIGNMENT(.noinit.$FLEX_RAM*))
                0x14000000                . = ALIGN (0x8)

.noinit         0x200008a8        0x0
                0x200008a8                _noinit = .
 *(SORT_BY_ALIGNMENT(.noinit*))
                0x200008a8                . = ALIGN (0x8)
                0x200008a8                _end_noinit = .
                0x00001000                _HeapSize = 0x1000

.heap           0x200008a8     0x1000
                0x200008a8                _pvHeapStart = .
                0x200018a8                . = (. + _HeapSize)
 *fill*         0x200008a8     0x1000 
                0x200018a8                . = ALIGN (0x8)
                0x200018a8                _pvHeapLimit = .
                0x00001000                _StackSize = 0x1000

.heap2stackfill
                0x200018a8     0x1000
                0x200028a8                . = (. + _StackSize)
 *fill*         0x200018a8     0x1000 

.stack          0x2002f000        0x0
                0x2002f000                _vStackBase = .
                0x2002f000                . = ALIGN (0x8)
                0x20030000                _vStackTop = (. + _StackSize)
                0x00000000                _image_start = LOADADDR (.text)
                0x00003910                _image_end = (LOADADDR (.data) + SIZEOF (.data))
                0x00003910                _image_size = (_image_end - _image_start)
OUTPUT(UART.axf elf32-littlearm)

.debug_info     0x00000000     0x8147
 .debug_info    0x00000000      0x15f ./source/timers/SysTick.o
 .debug_info    0x0000015f      0xb7b ./source/timers/timer.o
 .debug_info    0x00000cda      0xdc6 ./source/protocols/CAN.o
 .debug_info    0x00001aa0     0x1371 ./source/protocols/I2C.o
 .debug_info    0x00002e11      0xd5c ./source/protocols/uart.o
 .debug_info    0x00003b6d      0x3ef ./source/drivers/drv_CAN.o
 .debug_info    0x00003f5c       0xe0 ./source/drivers/drv_DEVBOARD.o
 .debug_info    0x0000403c      0xba4 ./source/drivers/drv_FXOS8700CQ.o
 .debug_info    0x00004be0      0x1d3 ./source/drivers/drv_I2C.o
 .debug_info    0x00004db3      0x1a0 ./source/drivers/drv_K64.o
 .debug_info    0x00004f53      0x1ac ./source/drivers/drv_UART.o
 .debug_info    0x000050ff      0x32f ./source/MCAL/IRQ.o
 .debug_info    0x0000542e      0x9ae ./source/MCAL/gpio.o
 .debug_info    0x00005ddc      0xd58 ./source/App.o
 .debug_info    0x00006b34      0x675 ./SDK/startup/hardware.o
 .debug_info    0x000071a9       0xb7 ./SDK/startup/main.o
 .debug_info    0x00007260       0x3b ./SDK/startup/semihost_hardfault.o
 .debug_info    0x0000729b      0x8b0 ./SDK/startup/startup_mk64f12.o
 .debug_info    0x00007b4b      0x5fc ./SDK/CMSIS/system_MK64F12.o

.debug_abbrev   0x00000000     0x1d77
 .debug_abbrev  0x00000000      0x115 ./source/timers/SysTick.o
 .debug_abbrev  0x00000115      0x2b2 ./source/timers/timer.o
 .debug_abbrev  0x000003c7      0x2a0 ./source/protocols/CAN.o
 .debug_abbrev  0x00000667      0x2e7 ./source/protocols/I2C.o
 .debug_abbrev  0x0000094e      0x24e ./source/protocols/uart.o
 .debug_abbrev  0x00000b9c      0x18d ./source/drivers/drv_CAN.o
 .debug_abbrev  0x00000d29       0x9d ./source/drivers/drv_DEVBOARD.o
 .debug_abbrev  0x00000dc6      0x287 ./source/drivers/drv_FXOS8700CQ.o
 .debug_abbrev  0x0000104d       0xfa ./source/drivers/drv_I2C.o
 .debug_abbrev  0x00001147       0xb7 ./source/drivers/drv_K64.o
 .debug_abbrev  0x000011fe      0x10c ./source/drivers/drv_UART.o
 .debug_abbrev  0x0000130a      0x143 ./source/MCAL/IRQ.o
 .debug_abbrev  0x0000144d      0x1df ./source/MCAL/gpio.o
 .debug_abbrev  0x0000162c      0x2cc ./source/App.o
 .debug_abbrev  0x000018f8      0x138 ./SDK/startup/hardware.o
 .debug_abbrev  0x00001a30       0x7d ./SDK/startup/main.o
 .debug_abbrev  0x00001aad       0x2f ./SDK/startup/semihost_hardfault.o
 .debug_abbrev  0x00001adc      0x15c ./SDK/startup/startup_mk64f12.o
 .debug_abbrev  0x00001c38      0x13f ./SDK/CMSIS/system_MK64F12.o

.debug_aranges  0x00000000      0x850
 .debug_aranges
                0x00000000       0x28 ./source/timers/SysTick.o
 .debug_aranges
                0x00000028       0x58 ./source/timers/timer.o
 .debug_aranges
                0x00000080       0x78 ./source/protocols/CAN.o
 .debug_aranges
                0x000000f8       0x60 ./source/protocols/I2C.o
 .debug_aranges
                0x00000158       0x90 ./source/protocols/uart.o
 .debug_aranges
                0x000001e8       0x38 ./source/drivers/drv_CAN.o
 .debug_aranges
                0x00000220       0x20 ./source/drivers/drv_DEVBOARD.o
 .debug_aranges
                0x00000240       0x60 ./source/drivers/drv_FXOS8700CQ.o
 .debug_aranges
                0x000002a0       0x38 ./source/drivers/drv_I2C.o
 .debug_aranges
                0x000002d8       0x68 ./source/drivers/drv_K64.o
 .debug_aranges
                0x00000340       0x30 ./source/drivers/drv_UART.o
 .debug_aranges
                0x00000370       0x50 ./source/MCAL/IRQ.o
 .debug_aranges
                0x000003c0       0x48 ./source/MCAL/gpio.o
 .debug_aranges
                0x00000408       0x78 ./source/App.o
 .debug_aranges
                0x00000480       0x30 ./SDK/startup/hardware.o
 .debug_aranges
                0x000004b0       0x20 ./SDK/startup/main.o
 .debug_aranges
                0x000004d0       0x20 ./SDK/startup/semihost_hardfault.o
 .debug_aranges
                0x000004f0      0x330 ./SDK/startup/startup_mk64f12.o
 .debug_aranges
                0x00000820       0x30 ./SDK/CMSIS/system_MK64F12.o

.debug_ranges   0x00000000      0x720
 .debug_ranges  0x00000000       0x18 ./source/timers/SysTick.o
 .debug_ranges  0x00000018       0x48 ./source/timers/timer.o
 .debug_ranges  0x00000060       0x68 ./source/protocols/CAN.o
 .debug_ranges  0x000000c8       0x50 ./source/protocols/I2C.o
 .debug_ranges  0x00000118       0x80 ./source/protocols/uart.o
 .debug_ranges  0x00000198       0x28 ./source/drivers/drv_CAN.o
 .debug_ranges  0x000001c0       0x10 ./source/drivers/drv_DEVBOARD.o
 .debug_ranges  0x000001d0       0x50 ./source/drivers/drv_FXOS8700CQ.o
 .debug_ranges  0x00000220       0x28 ./source/drivers/drv_I2C.o
 .debug_ranges  0x00000248       0x58 ./source/drivers/drv_K64.o
 .debug_ranges  0x000002a0       0x20 ./source/drivers/drv_UART.o
 .debug_ranges  0x000002c0       0x40 ./source/MCAL/IRQ.o
 .debug_ranges  0x00000300       0x38 ./source/MCAL/gpio.o
 .debug_ranges  0x00000338       0x68 ./source/App.o
 .debug_ranges  0x000003a0       0x20 ./SDK/startup/hardware.o
 .debug_ranges  0x000003c0       0x10 ./SDK/startup/main.o
 .debug_ranges  0x000003d0       0x10 ./SDK/startup/semihost_hardfault.o
 .debug_ranges  0x000003e0      0x320 ./SDK/startup/startup_mk64f12.o
 .debug_ranges  0x00000700       0x20 ./SDK/CMSIS/system_MK64F12.o

.debug_macro    0x00000000    0x13976
 .debug_macro   0x00000000       0xbc ./source/timers/SysTick.o
 .debug_macro   0x000000bc      0xa5a ./source/timers/SysTick.o
 .debug_macro   0x00000b16       0x22 ./source/timers/SysTick.o
 .debug_macro   0x00000b38       0x5c ./source/timers/SysTick.o
 .debug_macro   0x00000b94      0x34e ./source/timers/SysTick.o
 .debug_macro   0x00000ee2       0x1c ./source/timers/SysTick.o
 .debug_macro   0x00000efe       0x22 ./source/timers/SysTick.o
 .debug_macro   0x00000f20       0xdf ./source/timers/SysTick.o
 .debug_macro   0x00000fff      0xecf ./source/timers/SysTick.o
 .debug_macro   0x00001ece       0x48 ./source/timers/SysTick.o
 .debug_macro   0x00001f16     0xe07b ./source/timers/SysTick.o
 .debug_macro   0x0000ff91       0x10 ./source/timers/SysTick.o
 .debug_macro   0x0000ffa1     0x122b ./source/timers/SysTick.o
 .debug_macro   0x000111cc       0x16 ./source/timers/SysTick.o
 .debug_macro   0x000111e2      0x1b0 ./source/timers/timer.o
 .debug_macro   0x00011392       0x17 ./source/timers/timer.o
 .debug_macro   0x000113a9       0x22 ./source/timers/timer.o
 .debug_macro   0x000113cb       0x52 ./source/timers/timer.o
 .debug_macro   0x0001141d       0x8d ./source/timers/timer.o
 .debug_macro   0x000114aa       0x35 ./source/timers/timer.o
 .debug_macro   0x000114df       0x9c ./source/timers/timer.o
 .debug_macro   0x0001157b       0x16 ./source/timers/timer.o
 .debug_macro   0x00011591      0x10e ./source/timers/timer.o
 .debug_macro   0x0001169f       0x8d ./source/timers/timer.o
 .debug_macro   0x0001172c       0x57 ./source/timers/timer.o
 .debug_macro   0x00011783       0x58 ./source/timers/timer.o
 .debug_macro   0x000117db       0x1f ./source/timers/timer.o
 .debug_macro   0x000117fa       0x43 ./source/timers/timer.o
 .debug_macro   0x0001183d       0x20 ./source/timers/timer.o
 .debug_macro   0x0001185d      0x18e ./source/timers/timer.o
 .debug_macro   0x000119eb      0x330 ./source/timers/timer.o
 .debug_macro   0x00011d1b       0x16 ./source/timers/timer.o
 .debug_macro   0x00011d31       0x29 ./source/timers/timer.o
 .debug_macro   0x00011d5a       0x28 ./source/timers/timer.o
 .debug_macro   0x00011d82       0xd9 ./source/timers/timer.o
 .debug_macro   0x00011e5b       0xcb ./source/protocols/CAN.o
 .debug_macro   0x00011f26       0x46 ./source/protocols/CAN.o
 .debug_macro   0x00011f6c      0x100 ./source/protocols/CAN.o
 .debug_macro   0x0001206c       0x1c ./source/protocols/CAN.o
 .debug_macro   0x00012088      0x286 ./source/protocols/I2C.o
 .debug_macro   0x0001230e       0x16 ./source/protocols/I2C.o
 .debug_macro   0x00012324       0x97 ./source/protocols/I2C.o
 .debug_macro   0x000123bb       0xfd ./source/protocols/I2C.o
 .debug_macro   0x000124b8       0x10 ./source/protocols/I2C.o
 .debug_macro   0x000124c8       0x10 ./source/protocols/I2C.o
 .debug_macro   0x000124d8       0x6a ./source/protocols/I2C.o
 .debug_macro   0x00012542       0x1c ./source/protocols/I2C.o
 .debug_macro   0x0001255e       0x52 ./source/protocols/I2C.o
 .debug_macro   0x000125b0       0x40 ./source/protocols/I2C.o
 .debug_macro   0x000125f0       0x10 ./source/protocols/I2C.o
 .debug_macro   0x00012600       0x40 ./source/protocols/I2C.o
 .debug_macro   0x00012640       0xd7 ./source/protocols/I2C.o
 .debug_macro   0x00012717       0x1c ./source/protocols/I2C.o
 .debug_macro   0x00012733       0x3d ./source/protocols/I2C.o
 .debug_macro   0x00012770       0x16 ./source/protocols/I2C.o
 .debug_macro   0x00012786      0x16f ./source/protocols/I2C.o
 .debug_macro   0x000128f5       0x10 ./source/protocols/I2C.o
 .debug_macro   0x00012905       0xc2 ./source/protocols/uart.o
 .debug_macro   0x000129c7       0x22 ./source/protocols/uart.o
 .debug_macro   0x000129e9       0xd7 ./source/drivers/drv_CAN.o
 .debug_macro   0x00012ac0       0x16 ./source/drivers/drv_CAN.o
 .debug_macro   0x00012ad6       0xcc ./source/drivers/drv_DEVBOARD.o
 .debug_macro   0x00012ba2      0x1df ./source/drivers/drv_FXOS8700CQ.o
 .debug_macro   0x00012d81       0x16 ./source/drivers/drv_FXOS8700CQ.o
 .debug_macro   0x00012d97       0xdb ./source/drivers/drv_I2C.o
 .debug_macro   0x00012e72       0xc2 ./source/drivers/drv_K64.o
 .debug_macro   0x00012f34       0xd9 ./source/drivers/drv_UART.o
 .debug_macro   0x0001300d       0x1c ./source/drivers/drv_UART.o
 .debug_macro   0x00013029       0x10 ./source/drivers/drv_UART.o
 .debug_macro   0x00013039       0xb3 ./source/MCAL/IRQ.o
 .debug_macro   0x000130ec       0xaf ./source/MCAL/gpio.o
 .debug_macro   0x0001319b      0x25f ./source/App.o
 .debug_macro   0x000133fa      0x174 ./source/App.o
 .debug_macro   0x0001356e      0x1e1 ./source/App.o
 .debug_macro   0x0001374f       0x35 ./source/App.o
 .debug_macro   0x00013784       0x9c ./SDK/startup/hardware.o
 .debug_macro   0x00013820       0x9c ./SDK/startup/main.o
 .debug_macro   0x000138bc       0x11 ./SDK/startup/semihost_hardfault.o
 .debug_macro   0x000138cd       0x29 ./SDK/startup/startup_mk64f12.o
 .debug_macro   0x000138f6       0x80 ./SDK/CMSIS/system_MK64F12.o

.debug_line     0x00000000     0x3659
 .debug_line    0x00000000      0x1b0 ./source/timers/SysTick.o
 .debug_line    0x000001b0      0x421 ./source/timers/timer.o
 .debug_line    0x000005d1      0x33a ./source/protocols/CAN.o
 .debug_line    0x0000090b      0x4fb ./source/protocols/I2C.o
 .debug_line    0x00000e06      0x38f ./source/protocols/uart.o
 .debug_line    0x00001195      0x21d ./source/drivers/drv_CAN.o
 .debug_line    0x000013b2      0x1bf ./source/drivers/drv_DEVBOARD.o
 .debug_line    0x00001571      0x4ce ./source/drivers/drv_FXOS8700CQ.o
 .debug_line    0x00001a3f      0x205 ./source/drivers/drv_I2C.o
 .debug_line    0x00001c44      0x24a ./source/drivers/drv_K64.o
 .debug_line    0x00001e8e      0x1f0 ./source/drivers/drv_UART.o
 .debug_line    0x0000207e      0x210 ./source/MCAL/IRQ.o
 .debug_line    0x0000228e      0x208 ./source/MCAL/gpio.o
 .debug_line    0x00002496      0x583 ./source/App.o
 .debug_line    0x00002a19      0x1d4 ./SDK/startup/hardware.o
 .debug_line    0x00002bed      0x174 ./SDK/startup/main.o
 .debug_line    0x00002d61       0x59 ./SDK/startup/semihost_hardfault.o
 .debug_line    0x00002dba      0x6d8 ./SDK/startup/startup_mk64f12.o
 .debug_line    0x00003492      0x1c7 ./SDK/CMSIS/system_MK64F12.o

.debug_str      0x00000000    0x7e5aa
 .debug_str     0x00000000    0x76f2d ./source/timers/SysTick.o
                              0x770b4 (size before relaxing)
 .debug_str     0x00076f2d     0x352e ./source/timers/timer.o
                              0x7a5fb (size before relaxing)
 .debug_str     0x0007a45b      0xf27 ./source/protocols/CAN.o
                              0x77f55 (size before relaxing)
 .debug_str     0x0007b382     0x16af ./source/protocols/I2C.o
                              0x7c5df (size before relaxing)
 .debug_str     0x0007ca31      0x25e ./source/protocols/uart.o
                              0x779e1 (size before relaxing)
 .debug_str     0x0007cc8f       0xab ./source/drivers/drv_CAN.o
                              0x7773c (size before relaxing)
 .debug_str     0x0007cd3a       0x41 ./source/drivers/drv_DEVBOARD.o
                              0x77531 (size before relaxing)
 .debug_str     0x0007cd7b      0x219 ./source/drivers/drv_FXOS8700CQ.o
                              0x7ac66 (size before relaxing)
 .debug_str     0x0007cf94       0x55 ./source/drivers/drv_I2C.o
                              0x77635 (size before relaxing)
 .debug_str     0x0007cfe9       0xb3 ./source/drivers/drv_K64.o
                              0x775a3 (size before relaxing)
 .debug_str     0x0007d09c       0xba ./source/drivers/drv_UART.o
                              0x77174 (size before relaxing)
 .debug_str     0x0007d156       0x9a ./source/MCAL/IRQ.o
                              0x77129 (size before relaxing)
 .debug_str     0x0007d1f0       0x9b ./source/MCAL/gpio.o
                              0x777ff (size before relaxing)
 .debug_str     0x0007d28b      0x9e6 ./source/App.o
                              0x7b683 (size before relaxing)
 .debug_str     0x0007dc71      0x16f ./SDK/startup/hardware.o
                              0x771f8 (size before relaxing)
 .debug_str     0x0007dde0       0x1b ./SDK/startup/main.o
                              0x76fcc (size before relaxing)
 .debug_str     0x0007ddfb       0x36 ./SDK/startup/semihost_hardfault.o
                               0x2d32 (size before relaxing)
 .debug_str     0x0007de31      0x717 ./SDK/startup/startup_mk64f12.o
                               0x35a0 (size before relaxing)
 .debug_str     0x0007e548       0x62 ./SDK/CMSIS/system_MK64F12.o
                              0x77107 (size before relaxing)

.comment        0x00000000       0x7e
 .comment       0x00000000       0x7e ./source/timers/SysTick.o
                                 0x7f (size before relaxing)
 .comment       0x0000007e       0x7f ./source/timers/timer.o
 .comment       0x0000007e       0x7f ./source/protocols/CAN.o
 .comment       0x0000007e       0x7f ./source/protocols/I2C.o
 .comment       0x0000007e       0x7f ./source/protocols/uart.o
 .comment       0x0000007e       0x7f ./source/drivers/drv_CAN.o
 .comment       0x0000007e       0x7f ./source/drivers/drv_DEVBOARD.o
 .comment       0x0000007e       0x7f ./source/drivers/drv_FXOS8700CQ.o
 .comment       0x0000007e       0x7f ./source/drivers/drv_I2C.o
 .comment       0x0000007e       0x7f ./source/drivers/drv_K64.o
 .comment       0x0000007e       0x7f ./source/drivers/drv_UART.o
 .comment       0x0000007e       0x7f ./source/MCAL/IRQ.o
 .comment       0x0000007e       0x7f ./source/MCAL/gpio.o
 .comment       0x0000007e       0x7f ./source/App.o
 .comment       0x0000007e       0x7f ./SDK/startup/hardware.o
 .comment       0x0000007e       0x7f ./SDK/startup/main.o
 .comment       0x0000007e       0x7f ./SDK/startup/semihost_hardfault.o
 .comment       0x0000007e       0x7f ./SDK/startup/startup_mk64f12.o
 .comment       0x0000007e       0x7f ./SDK/CMSIS/system_MK64F12.o
 .comment       0x0000007e       0x7f c:/nxp/mcuxpressoide_10.2.0_759/ide/tools/bin/../lib/gcc/arm-none-eabi/7.2.1/../../../../arm-none-eabi/lib/thumb/v7e-m/fpv4-sp/hard\libcr_c.a(atan2.o)
 .comment       0x0000007e       0x7f c:/nxp/mcuxpressoide_10.2.0_759/ide/tools/bin/../lib/gcc/arm-none-eabi/7.2.1/../../../../arm-none-eabi/lib/thumb/v7e-m/fpv4-sp/hard\libcr_c.a(errno.o)
 .comment       0x0000007e       0x7f c:/nxp/mcuxpressoide_10.2.0_759/ide/tools/bin/../lib/gcc/arm-none-eabi/7.2.1/../../../../arm-none-eabi/lib/thumb/v7e-m/fpv4-sp/hard\libcr_c.a(fabs.o)
 .comment       0x0000007e       0x7f c:/nxp/mcuxpressoide_10.2.0_759/ide/tools/bin/../lib/gcc/arm-none-eabi/7.2.1/../../../../arm-none-eabi/lib/thumb/v7e-m/fpv4-sp/hard\libcr_c.a(sqrt.o)
 .comment       0x0000007e       0x7f c:/nxp/mcuxpressoide_10.2.0_759/ide/tools/bin/../lib/gcc/arm-none-eabi/7.2.1/../../../../arm-none-eabi/lib/thumb/v7e-m/fpv4-sp/hard\libcr_c.a(_hugeval.o)
 .comment       0x0000007e       0x7f c:/nxp/mcuxpressoide_10.2.0_759/ide/tools/bin/../lib/gcc/arm-none-eabi/7.2.1/../../../../arm-none-eabi/lib/thumb/v7e-m/fpv4-sp/hard\libcr_c.a(atan.o)
 .comment       0x0000007e       0x7f c:/nxp/mcuxpressoide_10.2.0_759/ide/tools/bin/../lib/gcc/arm-none-eabi/7.2.1/thumb/v7e-m/fpv4-sp/hard\libcr_eabihelpers.a(double.o)
 .comment       0x0000007e       0x7f c:/nxp/mcuxpressoide_10.2.0_759/ide/tools/bin/../lib/gcc/arm-none-eabi/7.2.1/thumb/v7e-m/fpv4-sp/hard\libcr_eabihelpers.a(float.o)

.ARM.attributes
                0x00000000       0x39
 .ARM.attributes
                0x00000000       0x39 ./source/timers/SysTick.o
 .ARM.attributes
                0x00000039       0x39 ./source/timers/timer.o
 .ARM.attributes
                0x00000072       0x39 ./source/protocols/CAN.o
 .ARM.attributes
                0x000000ab       0x39 ./source/protocols/I2C.o
 .ARM.attributes
                0x000000e4       0x39 ./source/protocols/uart.o
 .ARM.attributes
                0x0000011d       0x39 ./source/drivers/drv_CAN.o
 .ARM.attributes
                0x00000156       0x39 ./source/drivers/drv_DEVBOARD.o
 .ARM.attributes
                0x0000018f       0x39 ./source/drivers/drv_FXOS8700CQ.o
 .ARM.attributes
                0x000001c8       0x39 ./source/drivers/drv_I2C.o
 .ARM.attributes
                0x00000201       0x39 ./source/drivers/drv_K64.o
 .ARM.attributes
                0x0000023a       0x39 ./source/drivers/drv_UART.o
 .ARM.attributes
                0x00000273       0x39 ./source/MCAL/IRQ.o
 .ARM.attributes
                0x000002ac       0x39 ./source/MCAL/gpio.o
 .ARM.attributes
                0x000002e5       0x39 ./source/App.o
 .ARM.attributes
                0x0000031e       0x39 ./SDK/startup/hardware.o
 .ARM.attributes
                0x00000357       0x39 ./SDK/startup/main.o
 .ARM.attributes
                0x00000390       0x39 ./SDK/startup/semihost_hardfault.o
 .ARM.attributes
                0x000003c9       0x39 ./SDK/startup/startup_mk64f12.o
 .ARM.attributes
                0x00000402       0x39 ./SDK/CMSIS/system_MK64F12.o
 .ARM.attributes
                0x0000043b       0x39 c:/nxp/mcuxpressoide_10.2.0_759/ide/tools/bin/../lib/gcc/arm-none-eabi/7.2.1/../../../../arm-none-eabi/lib/thumb/v7e-m/fpv4-sp/hard\libcr_c.a(atan2.o)
 .ARM.attributes
                0x00000474       0x39 c:/nxp/mcuxpressoide_10.2.0_759/ide/tools/bin/../lib/gcc/arm-none-eabi/7.2.1/../../../../arm-none-eabi/lib/thumb/v7e-m/fpv4-sp/hard\libcr_c.a(errno.o)
 .ARM.attributes
                0x000004ad       0x39 c:/nxp/mcuxpressoide_10.2.0_759/ide/tools/bin/../lib/gcc/arm-none-eabi/7.2.1/../../../../arm-none-eabi/lib/thumb/v7e-m/fpv4-sp/hard\libcr_c.a(fabs.o)
 .ARM.attributes
                0x000004e6       0x39 c:/nxp/mcuxpressoide_10.2.0_759/ide/tools/bin/../lib/gcc/arm-none-eabi/7.2.1/../../../../arm-none-eabi/lib/thumb/v7e-m/fpv4-sp/hard\libcr_c.a(sqrt.o)
 .ARM.attributes
                0x0000051f       0x39 c:/nxp/mcuxpressoide_10.2.0_759/ide/tools/bin/../lib/gcc/arm-none-eabi/7.2.1/../../../../arm-none-eabi/lib/thumb/v7e-m/fpv4-sp/hard\libcr_c.a(_hugeval.o)
 .ARM.attributes
                0x00000558       0x39 c:/nxp/mcuxpressoide_10.2.0_759/ide/tools/bin/../lib/gcc/arm-none-eabi/7.2.1/../../../../arm-none-eabi/lib/thumb/v7e-m/fpv4-sp/hard\libcr_c.a(atan.o)
 .ARM.attributes
                0x00000591       0x39 c:/nxp/mcuxpressoide_10.2.0_759/ide/tools/bin/../lib/gcc/arm-none-eabi/7.2.1/thumb/v7e-m/fpv4-sp/hard\libcr_eabihelpers.a(double.o)
 .ARM.attributes
                0x000005ca       0x39 c:/nxp/mcuxpressoide_10.2.0_759/ide/tools/bin/../lib/gcc/arm-none-eabi/7.2.1/thumb/v7e-m/fpv4-sp/hard\libcr_eabihelpers.a(float.o)

.debug_frame    0x00000000     0x19f4
 .debug_frame   0x00000000       0x64 ./source/timers/SysTick.o
 .debug_frame   0x00000064      0x138 ./source/timers/timer.o
 .debug_frame   0x0000019c      0x1e4 ./source/protocols/CAN.o
 .debug_frame   0x00000380      0x164 ./source/protocols/I2C.o
 .debug_frame   0x000004e4      0x27c ./source/protocols/uart.o
 .debug_frame   0x00000760       0xa8 ./source/drivers/drv_CAN.o
 .debug_frame   0x00000808       0x30 ./source/drivers/drv_DEVBOARD.o
 .debug_frame   0x00000838      0x148 ./source/drivers/drv_FXOS8700CQ.o
 .debug_frame   0x00000980       0x90 ./source/drivers/drv_I2C.o
 .debug_frame   0x00000a10      0x128 ./source/drivers/drv_K64.o
 .debug_frame   0x00000b38       0x7c ./source/drivers/drv_UART.o
 .debug_frame   0x00000bb4      0x150 ./source/MCAL/IRQ.o
 .debug_frame   0x00000d04       0xfc ./source/MCAL/gpio.o
 .debug_frame   0x00000e00      0x1c0 ./source/App.o
 .debug_frame   0x00000fc0       0x70 ./SDK/startup/hardware.o
 .debug_frame   0x00001030       0x2c ./SDK/startup/main.o
 .debug_frame   0x0000105c       0x20 ./SDK/startup/semihost_hardfault.o
 .debug_frame   0x0000107c      0x904 ./SDK/startup/startup_mk64f12.o
 .debug_frame   0x00001980       0x74 ./SDK/CMSIS/system_MK64F12.o
