
Discarded input sections

 .group         0x00000000        0xc ./source/timers/SysTick.o
 .group         0x00000000        0xc ./source/timers/SysTick.o
 .group         0x00000000        0xc ./source/timers/SysTick.o
 .group         0x00000000        0xc ./source/timers/SysTick.o
 .group         0x00000000        0xc ./source/timers/SysTick.o
 .group         0x00000000        0xc ./source/timers/SysTick.o
 .group         0x00000000        0xc ./source/timers/SysTick.o
 .group         0x00000000        0xc ./source/timers/SysTick.o
 .group         0x00000000        0xc ./source/timers/SysTick.o
 .group         0x00000000        0xc ./source/timers/SysTick.o
 .group         0x00000000        0xc ./source/timers/SysTick.o
 .group         0x00000000        0xc ./source/timers/SysTick.o
 .group         0x00000000        0xc ./source/timers/SysTick.o
 .text          0x00000000        0x0 ./source/timers/SysTick.o
 .data          0x00000000        0x0 ./source/timers/SysTick.o
 .bss           0x00000000        0x0 ./source/timers/SysTick.o
 .group         0x00000000        0xc ./source/timers/timer.o
 .group         0x00000000        0xc ./source/timers/timer.o
 .group         0x00000000        0xc ./source/timers/timer.o
 .group         0x00000000        0xc ./source/timers/timer.o
 .group         0x00000000        0xc ./source/timers/timer.o
 .group         0x00000000        0xc ./source/timers/timer.o
 .group         0x00000000        0xc ./source/timers/timer.o
 .group         0x00000000        0xc ./source/timers/timer.o
 .group         0x00000000        0xc ./source/timers/timer.o
 .group         0x00000000        0xc ./source/timers/timer.o
 .group         0x00000000        0xc ./source/timers/timer.o
 .group         0x00000000        0xc ./source/timers/timer.o
 .group         0x00000000        0xc ./source/timers/timer.o
 .group         0x00000000        0xc ./source/timers/timer.o
 .group         0x00000000        0xc ./source/timers/timer.o
 .group         0x00000000        0xc ./source/timers/timer.o
 .group         0x00000000        0xc ./source/timers/timer.o
 .group         0x00000000        0xc ./source/timers/timer.o
 .group         0x00000000        0xc ./source/timers/timer.o
 .group         0x00000000        0xc ./source/timers/timer.o
 .group         0x00000000        0xc ./source/timers/timer.o
 .group         0x00000000        0xc ./source/timers/timer.o
 .group         0x00000000        0xc ./source/timers/timer.o
 .group         0x00000000        0xc ./source/timers/timer.o
 .group         0x00000000        0xc ./source/timers/timer.o
 .group         0x00000000        0xc ./source/timers/timer.o
 .group         0x00000000        0xc ./source/timers/timer.o
 .group         0x00000000        0xc ./source/timers/timer.o
 .group         0x00000000        0xc ./source/timers/timer.o
 .group         0x00000000        0xc ./source/timers/timer.o
 .group         0x00000000        0xc ./source/timers/timer.o
 .group         0x00000000        0xc ./source/timers/timer.o
 .text          0x00000000        0x0 ./source/timers/timer.o
 .data          0x00000000        0x0 ./source/timers/timer.o
 .bss           0x00000000        0x0 ./source/timers/timer.o
 .text.timerStop
                0x00000000       0x58 ./source/timers/timer.o
 .text.timerExpired
                0x00000000       0x4c ./source/timers/timer.o
 .text.timerRunning
                0x00000000       0x38 ./source/timers/timer.o
 .text.timerDelay
                0x00000000       0x30 ./source/timers/timer.o
 .debug_macro   0x00000000      0xa5a ./source/timers/timer.o
 .debug_macro   0x00000000      0x34e ./source/timers/timer.o
 .debug_macro   0x00000000       0x22 ./source/timers/timer.o
 .debug_macro   0x00000000       0x5c ./source/timers/timer.o
 .debug_macro   0x00000000       0x1c ./source/timers/timer.o
 .debug_macro   0x00000000       0x22 ./source/timers/timer.o
 .debug_macro   0x00000000      0xecf ./source/timers/timer.o
 .debug_macro   0x00000000       0x48 ./source/timers/timer.o
 .debug_macro   0x00000000     0xe07b ./source/timers/timer.o
 .debug_macro   0x00000000       0x10 ./source/timers/timer.o
 .debug_macro   0x00000000     0x122b ./source/timers/timer.o
 .debug_macro   0x00000000       0x16 ./source/timers/timer.o
 .group         0x00000000        0xc ./source/protocols/CAN.o
 .group         0x00000000        0xc ./source/protocols/CAN.o
 .group         0x00000000        0xc ./source/protocols/CAN.o
 .group         0x00000000        0xc ./source/protocols/CAN.o
 .group         0x00000000        0xc ./source/protocols/CAN.o
 .group         0x00000000        0xc ./source/protocols/CAN.o
 .group         0x00000000        0xc ./source/protocols/CAN.o
 .group         0x00000000        0xc ./source/protocols/CAN.o
 .group         0x00000000        0xc ./source/protocols/CAN.o
 .group         0x00000000        0xc ./source/protocols/CAN.o
 .group         0x00000000        0xc ./source/protocols/CAN.o
 .group         0x00000000        0xc ./source/protocols/CAN.o
 .group         0x00000000        0xc ./source/protocols/CAN.o
 .group         0x00000000        0xc ./source/protocols/CAN.o
 .group         0x00000000        0xc ./source/protocols/CAN.o
 .text          0x00000000        0x0 ./source/protocols/CAN.o
 .data          0x00000000        0x0 ./source/protocols/CAN.o
 .bss           0x00000000        0x0 ./source/protocols/CAN.o
 .rodata        0x00000000       0x14 ./source/protocols/CAN.o
 .text.initCAN  0x00000000      0x114 ./source/protocols/CAN.o
 .text.enableCAN
                0x00000000       0x2c ./source/protocols/CAN.o
 .text.disableCAN
                0x00000000       0x30 ./source/protocols/CAN.o
 .text.configureCANClock
                0x00000000       0x38 ./source/protocols/CAN.o
 .text.defaultCANConfig
                0x00000000       0x3c ./source/protocols/CAN.o
 .text.configureIndivRxMask
                0x00000000       0x20 ./source/protocols/CAN.o
 .debug_info    0x00000000      0x71d ./source/protocols/CAN.o
 .debug_abbrev  0x00000000      0x1c2 ./source/protocols/CAN.o
 .debug_aranges
                0x00000000       0x48 ./source/protocols/CAN.o
 .debug_ranges  0x00000000       0x38 ./source/protocols/CAN.o
 .debug_macro   0x00000000       0xcc ./source/protocols/CAN.o
 .debug_macro   0x00000000      0xa5a ./source/protocols/CAN.o
 .debug_macro   0x00000000      0x34e ./source/protocols/CAN.o
 .debug_macro   0x00000000       0x22 ./source/protocols/CAN.o
 .debug_macro   0x00000000       0x5c ./source/protocols/CAN.o
 .debug_macro   0x00000000       0x1c ./source/protocols/CAN.o
 .debug_macro   0x00000000       0x22 ./source/protocols/CAN.o
 .debug_macro   0x00000000       0xdf ./source/protocols/CAN.o
 .debug_macro   0x00000000      0xecf ./source/protocols/CAN.o
 .debug_macro   0x00000000       0x48 ./source/protocols/CAN.o
 .debug_macro   0x00000000     0xe07b ./source/protocols/CAN.o
 .debug_macro   0x00000000       0x10 ./source/protocols/CAN.o
 .debug_macro   0x00000000     0x122b ./source/protocols/CAN.o
 .debug_macro   0x00000000       0x16 ./source/protocols/CAN.o
 .debug_macro   0x00000000       0x46 ./source/protocols/CAN.o
 .debug_macro   0x00000000       0x88 ./source/protocols/CAN.o
 .debug_line    0x00000000      0x25d ./source/protocols/CAN.o
 .debug_str     0x00000000    0x775be ./source/protocols/CAN.o
 .comment       0x00000000       0x7f ./source/protocols/CAN.o
 .debug_frame   0x00000000       0xe8 ./source/protocols/CAN.o
 .ARM.attributes
                0x00000000       0x39 ./source/protocols/CAN.o
 .group         0x00000000        0xc ./source/protocols/uart.o
 .group         0x00000000        0xc ./source/protocols/uart.o
 .group         0x00000000        0xc ./source/protocols/uart.o
 .group         0x00000000        0xc ./source/protocols/uart.o
 .group         0x00000000        0xc ./source/protocols/uart.o
 .group         0x00000000        0xc ./source/protocols/uart.o
 .group         0x00000000        0xc ./source/protocols/uart.o
 .group         0x00000000        0xc ./source/protocols/uart.o
 .group         0x00000000        0xc ./source/protocols/uart.o
 .group         0x00000000        0xc ./source/protocols/uart.o
 .group         0x00000000        0xc ./source/protocols/uart.o
 .group         0x00000000        0xc ./source/protocols/uart.o
 .group         0x00000000        0xc ./source/protocols/uart.o
 .group         0x00000000        0xc ./source/protocols/uart.o
 .group         0x00000000        0xc ./source/protocols/uart.o
 .text          0x00000000        0x0 ./source/protocols/uart.o
 .data          0x00000000        0x0 ./source/protocols/uart.o
 .bss           0x00000000        0x0 ./source/protocols/uart.o
 .text.uartIsRxMsg
                0x00000000       0x2c ./source/protocols/uart.o
 .text.uartGetRxMsgLength
                0x00000000       0x30 ./source/protocols/uart.o
 .text.uartReadMsg
                0x00000000      0x140 ./source/protocols/uart.o
 .debug_macro   0x00000000      0xa5a ./source/protocols/uart.o
 .debug_macro   0x00000000      0x34e ./source/protocols/uart.o
 .debug_macro   0x00000000       0x22 ./source/protocols/uart.o
 .debug_macro   0x00000000       0x5c ./source/protocols/uart.o
 .debug_macro   0x00000000       0x1c ./source/protocols/uart.o
 .debug_macro   0x00000000       0x22 ./source/protocols/uart.o
 .debug_macro   0x00000000       0xdf ./source/protocols/uart.o
 .debug_macro   0x00000000      0xecf ./source/protocols/uart.o
 .debug_macro   0x00000000       0x48 ./source/protocols/uart.o
 .debug_macro   0x00000000     0xe07b ./source/protocols/uart.o
 .debug_macro   0x00000000       0x10 ./source/protocols/uart.o
 .debug_macro   0x00000000     0x122b ./source/protocols/uart.o
 .debug_macro   0x00000000       0x16 ./source/protocols/uart.o
 .debug_macro   0x00000000       0x46 ./source/protocols/uart.o
 .group         0x00000000        0xc ./source/drivers/drv_DEVBOARD.o
 .group         0x00000000        0xc ./source/drivers/drv_DEVBOARD.o
 .group         0x00000000        0xc ./source/drivers/drv_DEVBOARD.o
 .group         0x00000000        0xc ./source/drivers/drv_DEVBOARD.o
 .group         0x00000000        0xc ./source/drivers/drv_DEVBOARD.o
 .group         0x00000000        0xc ./source/drivers/drv_DEVBOARD.o
 .group         0x00000000        0xc ./source/drivers/drv_DEVBOARD.o
 .group         0x00000000        0xc ./source/drivers/drv_DEVBOARD.o
 .group         0x00000000        0xc ./source/drivers/drv_DEVBOARD.o
 .group         0x00000000        0xc ./source/drivers/drv_DEVBOARD.o
 .group         0x00000000        0xc ./source/drivers/drv_DEVBOARD.o
 .group         0x00000000        0xc ./source/drivers/drv_DEVBOARD.o
 .group         0x00000000        0xc ./source/drivers/drv_DEVBOARD.o
 .group         0x00000000        0xc ./source/drivers/drv_DEVBOARD.o
 .group         0x00000000        0xc ./source/drivers/drv_DEVBOARD.o
 .text          0x00000000        0x0 ./source/drivers/drv_DEVBOARD.o
 .data          0x00000000        0x0 ./source/drivers/drv_DEVBOARD.o
 .bss           0x00000000        0x0 ./source/drivers/drv_DEVBOARD.o
 .debug_macro   0x00000000      0xa5a ./source/drivers/drv_DEVBOARD.o
 .debug_macro   0x00000000      0x34e ./source/drivers/drv_DEVBOARD.o
 .debug_macro   0x00000000       0x22 ./source/drivers/drv_DEVBOARD.o
 .debug_macro   0x00000000       0x5c ./source/drivers/drv_DEVBOARD.o
 .debug_macro   0x00000000       0x1c ./source/drivers/drv_DEVBOARD.o
 .debug_macro   0x00000000       0x22 ./source/drivers/drv_DEVBOARD.o
 .debug_macro   0x00000000       0xdf ./source/drivers/drv_DEVBOARD.o
 .debug_macro   0x00000000      0xecf ./source/drivers/drv_DEVBOARD.o
 .debug_macro   0x00000000       0x48 ./source/drivers/drv_DEVBOARD.o
 .debug_macro   0x00000000     0xe07b ./source/drivers/drv_DEVBOARD.o
 .debug_macro   0x00000000       0x10 ./source/drivers/drv_DEVBOARD.o
 .debug_macro   0x00000000     0x122b ./source/drivers/drv_DEVBOARD.o
 .debug_macro   0x00000000       0x16 ./source/drivers/drv_DEVBOARD.o
 .debug_macro   0x00000000       0x46 ./source/drivers/drv_DEVBOARD.o
 .debug_macro   0x00000000       0x88 ./source/drivers/drv_DEVBOARD.o
 .group         0x00000000        0xc ./source/drivers/drv_K64.o
 .group         0x00000000        0xc ./source/drivers/drv_K64.o
 .group         0x00000000        0xc ./source/drivers/drv_K64.o
 .group         0x00000000        0xc ./source/drivers/drv_K64.o
 .group         0x00000000        0xc ./source/drivers/drv_K64.o
 .group         0x00000000        0xc ./source/drivers/drv_K64.o
 .group         0x00000000        0xc ./source/drivers/drv_K64.o
 .group         0x00000000        0xc ./source/drivers/drv_K64.o
 .group         0x00000000        0xc ./source/drivers/drv_K64.o
 .group         0x00000000        0xc ./source/drivers/drv_K64.o
 .group         0x00000000        0xc ./source/drivers/drv_K64.o
 .group         0x00000000        0xc ./source/drivers/drv_K64.o
 .group         0x00000000        0xc ./source/drivers/drv_K64.o
 .group         0x00000000        0xc ./source/drivers/drv_K64.o
 .group         0x00000000        0xc ./source/drivers/drv_K64.o
 .text          0x00000000        0x0 ./source/drivers/drv_K64.o
 .data          0x00000000        0x0 ./source/drivers/drv_K64.o
 .bss           0x00000000        0x0 ./source/drivers/drv_K64.o
 .text.turnOn_RedLed
                0x00000000       0x10 ./source/drivers/drv_K64.o
 .text.turnOn_GreenLed
                0x00000000       0x10 ./source/drivers/drv_K64.o
 .text.turnOn_BlueLed
                0x00000000       0x10 ./source/drivers/drv_K64.o
 .text.turnOff_RedLed
                0x00000000       0x10 ./source/drivers/drv_K64.o
 .text.turnOff_GreenLed
                0x00000000       0x10 ./source/drivers/drv_K64.o
 .text.turnOff_BlueLed
                0x00000000       0x10 ./source/drivers/drv_K64.o
 .text.toggle_RedLed
                0x00000000        0xe ./source/drivers/drv_K64.o
 .text.toggle_GreenLed
                0x00000000        0xe ./source/drivers/drv_K64.o
 .text.toggle_BlueLed
                0x00000000        0xe ./source/drivers/drv_K64.o
 .debug_macro   0x00000000      0xa5a ./source/drivers/drv_K64.o
 .debug_macro   0x00000000      0x34e ./source/drivers/drv_K64.o
 .debug_macro   0x00000000       0x22 ./source/drivers/drv_K64.o
 .debug_macro   0x00000000       0x5c ./source/drivers/drv_K64.o
 .debug_macro   0x00000000       0x1c ./source/drivers/drv_K64.o
 .debug_macro   0x00000000       0x22 ./source/drivers/drv_K64.o
 .debug_macro   0x00000000       0xdf ./source/drivers/drv_K64.o
 .debug_macro   0x00000000      0xecf ./source/drivers/drv_K64.o
 .debug_macro   0x00000000       0x48 ./source/drivers/drv_K64.o
 .debug_macro   0x00000000     0xe07b ./source/drivers/drv_K64.o
 .debug_macro   0x00000000       0x10 ./source/drivers/drv_K64.o
 .debug_macro   0x00000000     0x122b ./source/drivers/drv_K64.o
 .debug_macro   0x00000000       0x16 ./source/drivers/drv_K64.o
 .debug_macro   0x00000000       0x46 ./source/drivers/drv_K64.o
 .debug_macro   0x00000000       0x88 ./source/drivers/drv_K64.o
 .group         0x00000000        0xc ./source/drivers/drv_UART.o
 .group         0x00000000        0xc ./source/drivers/drv_UART.o
 .group         0x00000000        0xc ./source/drivers/drv_UART.o
 .group         0x00000000        0xc ./source/drivers/drv_UART.o
 .group         0x00000000        0xc ./source/drivers/drv_UART.o
 .group         0x00000000        0xc ./source/drivers/drv_UART.o
 .group         0x00000000        0xc ./source/drivers/drv_UART.o
 .group         0x00000000        0xc ./source/drivers/drv_UART.o
 .group         0x00000000        0xc ./source/drivers/drv_UART.o
 .group         0x00000000        0xc ./source/drivers/drv_UART.o
 .group         0x00000000        0xc ./source/drivers/drv_UART.o
 .group         0x00000000        0xc ./source/drivers/drv_UART.o
 .group         0x00000000        0xc ./source/drivers/drv_UART.o
 .group         0x00000000        0xc ./source/drivers/drv_UART.o
 .group         0x00000000        0xc ./source/drivers/drv_UART.o
 .group         0x00000000        0xc ./source/drivers/drv_UART.o
 .text          0x00000000        0x0 ./source/drivers/drv_UART.o
 .data          0x00000000        0x0 ./source/drivers/drv_UART.o
 .bss           0x00000000        0x0 ./source/drivers/drv_UART.o
 .text.receivePackage
                0x00000000       0x44 ./source/drivers/drv_UART.o
 .debug_macro   0x00000000      0xa5a ./source/drivers/drv_UART.o
 .debug_macro   0x00000000      0x34e ./source/drivers/drv_UART.o
 .debug_macro   0x00000000       0x22 ./source/drivers/drv_UART.o
 .debug_macro   0x00000000       0x5c ./source/drivers/drv_UART.o
 .debug_macro   0x00000000       0x1c ./source/drivers/drv_UART.o
 .debug_macro   0x00000000       0x22 ./source/drivers/drv_UART.o
 .debug_macro   0x00000000       0xdf ./source/drivers/drv_UART.o
 .debug_macro   0x00000000      0xecf ./source/drivers/drv_UART.o
 .debug_macro   0x00000000       0x48 ./source/drivers/drv_UART.o
 .debug_macro   0x00000000     0xe07b ./source/drivers/drv_UART.o
 .debug_macro   0x00000000       0x10 ./source/drivers/drv_UART.o
 .debug_macro   0x00000000     0x122b ./source/drivers/drv_UART.o
 .debug_macro   0x00000000       0x16 ./source/drivers/drv_UART.o
 .debug_macro   0x00000000       0x22 ./source/drivers/drv_UART.o
 .group         0x00000000        0xc ./source/MCAL/IRQ.o
 .group         0x00000000        0xc ./source/MCAL/IRQ.o
 .group         0x00000000        0xc ./source/MCAL/IRQ.o
 .group         0x00000000        0xc ./source/MCAL/IRQ.o
 .group         0x00000000        0xc ./source/MCAL/IRQ.o
 .group         0x00000000        0xc ./source/MCAL/IRQ.o
 .group         0x00000000        0xc ./source/MCAL/IRQ.o
 .group         0x00000000        0xc ./source/MCAL/IRQ.o
 .group         0x00000000        0xc ./source/MCAL/IRQ.o
 .group         0x00000000        0xc ./source/MCAL/IRQ.o
 .group         0x00000000        0xc ./source/MCAL/IRQ.o
 .group         0x00000000        0xc ./source/MCAL/IRQ.o
 .group         0x00000000        0xc ./source/MCAL/IRQ.o
 .group         0x00000000        0xc ./source/MCAL/IRQ.o
 .text          0x00000000        0x0 ./source/MCAL/IRQ.o
 .data          0x00000000        0x0 ./source/MCAL/IRQ.o
 .bss           0x00000000        0x0 ./source/MCAL/IRQ.o
 .debug_macro   0x00000000      0xa5a ./source/MCAL/IRQ.o
 .debug_macro   0x00000000      0x34e ./source/MCAL/IRQ.o
 .debug_macro   0x00000000       0x22 ./source/MCAL/IRQ.o
 .debug_macro   0x00000000       0x5c ./source/MCAL/IRQ.o
 .debug_macro   0x00000000       0x1c ./source/MCAL/IRQ.o
 .debug_macro   0x00000000       0x22 ./source/MCAL/IRQ.o
 .debug_macro   0x00000000       0xdf ./source/MCAL/IRQ.o
 .debug_macro   0x00000000      0xecf ./source/MCAL/IRQ.o
 .debug_macro   0x00000000       0x48 ./source/MCAL/IRQ.o
 .debug_macro   0x00000000     0xe07b ./source/MCAL/IRQ.o
 .debug_macro   0x00000000       0x10 ./source/MCAL/IRQ.o
 .debug_macro   0x00000000     0x122b ./source/MCAL/IRQ.o
 .debug_macro   0x00000000       0x16 ./source/MCAL/IRQ.o
 .debug_macro   0x00000000       0x1c ./source/MCAL/IRQ.o
 .group         0x00000000        0xc ./source/MCAL/gpio.o
 .group         0x00000000        0xc ./source/MCAL/gpio.o
 .group         0x00000000        0xc ./source/MCAL/gpio.o
 .group         0x00000000        0xc ./source/MCAL/gpio.o
 .group         0x00000000        0xc ./source/MCAL/gpio.o
 .group         0x00000000        0xc ./source/MCAL/gpio.o
 .group         0x00000000        0xc ./source/MCAL/gpio.o
 .group         0x00000000        0xc ./source/MCAL/gpio.o
 .group         0x00000000        0xc ./source/MCAL/gpio.o
 .group         0x00000000        0xc ./source/MCAL/gpio.o
 .group         0x00000000        0xc ./source/MCAL/gpio.o
 .group         0x00000000        0xc ./source/MCAL/gpio.o
 .group         0x00000000        0xc ./source/MCAL/gpio.o
 .group         0x00000000        0xc ./source/MCAL/gpio.o
 .text          0x00000000        0x0 ./source/MCAL/gpio.o
 .data          0x00000000        0x0 ./source/MCAL/gpio.o
 .bss           0x00000000        0x0 ./source/MCAL/gpio.o
 .text.__NVIC_EnableIRQ
                0x00000000       0x3c ./source/MCAL/gpio.o
 .data.PORTS_IRQ
                0x00000000        0x5 ./source/MCAL/gpio.o
 .text.gpioIRQ  0x00000000       0x98 ./source/MCAL/gpio.o
 .text.gpioToggle
                0x00000000       0x80 ./source/MCAL/gpio.o
 .text.gpioRead
                0x00000000       0x54 ./source/MCAL/gpio.o
 .debug_macro   0x00000000      0xa5a ./source/MCAL/gpio.o
 .debug_macro   0x00000000      0x34e ./source/MCAL/gpio.o
 .debug_macro   0x00000000       0x22 ./source/MCAL/gpio.o
 .debug_macro   0x00000000       0x5c ./source/MCAL/gpio.o
 .debug_macro   0x00000000       0x1c ./source/MCAL/gpio.o
 .debug_macro   0x00000000       0x22 ./source/MCAL/gpio.o
 .debug_macro   0x00000000       0xdf ./source/MCAL/gpio.o
 .debug_macro   0x00000000      0xecf ./source/MCAL/gpio.o
 .debug_macro   0x00000000       0x48 ./source/MCAL/gpio.o
 .debug_macro   0x00000000     0xe07b ./source/MCAL/gpio.o
 .debug_macro   0x00000000       0x10 ./source/MCAL/gpio.o
 .debug_macro   0x00000000     0x122b ./source/MCAL/gpio.o
 .debug_macro   0x00000000       0x16 ./source/MCAL/gpio.o
 .debug_macro   0x00000000       0x46 ./source/MCAL/gpio.o
 .group         0x00000000        0xc ./source/App.o
 .group         0x00000000        0xc ./source/App.o
 .group         0x00000000        0xc ./source/App.o
 .group         0x00000000        0xc ./source/App.o
 .group         0x00000000        0xc ./source/App.o
 .group         0x00000000        0xc ./source/App.o
 .group         0x00000000        0xc ./source/App.o
 .group         0x00000000        0xc ./source/App.o
 .group         0x00000000        0xc ./source/App.o
 .group         0x00000000        0xc ./source/App.o
 .group         0x00000000        0xc ./source/App.o
 .group         0x00000000        0xc ./source/App.o
 .group         0x00000000        0xc ./source/App.o
 .group         0x00000000        0xc ./source/App.o
 .group         0x00000000        0xc ./source/App.o
 .group         0x00000000        0xc ./source/App.o
 .group         0x00000000        0xc ./source/App.o
 .group         0x00000000        0xc ./source/App.o
 .group         0x00000000        0xc ./source/App.o
 .group         0x00000000        0xc ./source/App.o
 .group         0x00000000        0xc ./source/App.o
 .group         0x00000000        0xc ./source/App.o
 .group         0x00000000        0xc ./source/App.o
 .group         0x00000000        0xc ./source/App.o
 .group         0x00000000        0xc ./source/App.o
 .group         0x00000000        0xc ./source/App.o
 .group         0x00000000        0xc ./source/App.o
 .group         0x00000000        0xc ./source/App.o
 .group         0x00000000        0xc ./source/App.o
 .group         0x00000000        0xc ./source/App.o
 .group         0x00000000        0xc ./source/App.o
 .group         0x00000000        0xc ./source/App.o
 .group         0x00000000        0xc ./source/App.o
 .group         0x00000000        0xc ./source/App.o
 .group         0x00000000        0xc ./source/App.o
 .group         0x00000000        0xc ./source/App.o
 .text          0x00000000        0x0 ./source/App.o
 .data          0x00000000        0x0 ./source/App.o
 .bss           0x00000000        0x0 ./source/App.o
 .debug_macro   0x00000000      0xa5a ./source/App.o
 .debug_macro   0x00000000      0x34e ./source/App.o
 .debug_macro   0x00000000       0x22 ./source/App.o
 .debug_macro   0x00000000       0x5c ./source/App.o
 .debug_macro   0x00000000       0x1c ./source/App.o
 .debug_macro   0x00000000       0x22 ./source/App.o
 .debug_macro   0x00000000       0xdf ./source/App.o
 .debug_macro   0x00000000      0xecf ./source/App.o
 .debug_macro   0x00000000       0x48 ./source/App.o
 .debug_macro   0x00000000     0xe07b ./source/App.o
 .debug_macro   0x00000000       0x10 ./source/App.o
 .debug_macro   0x00000000     0x122b ./source/App.o
 .debug_macro   0x00000000       0x16 ./source/App.o
 .debug_macro   0x00000000       0x46 ./source/App.o
 .debug_macro   0x00000000       0x88 ./source/App.o
 .debug_macro   0x00000000       0x17 ./source/App.o
 .debug_macro   0x00000000       0x22 ./source/App.o
 .debug_macro   0x00000000       0x52 ./source/App.o
 .debug_macro   0x00000000       0x8d ./source/App.o
 .debug_macro   0x00000000       0x35 ./source/App.o
 .debug_macro   0x00000000       0x9c ./source/App.o
 .debug_macro   0x00000000       0x16 ./source/App.o
 .debug_macro   0x00000000      0x10e ./source/App.o
 .debug_macro   0x00000000       0x8d ./source/App.o
 .debug_macro   0x00000000       0x57 ./source/App.o
 .debug_macro   0x00000000       0x58 ./source/App.o
 .debug_macro   0x00000000       0x1f ./source/App.o
 .debug_macro   0x00000000       0x43 ./source/App.o
 .debug_macro   0x00000000       0x20 ./source/App.o
 .debug_macro   0x00000000      0x18e ./source/App.o
 .debug_macro   0x00000000       0x16 ./source/App.o
 .debug_macro   0x00000000       0x29 ./source/App.o
 .debug_macro   0x00000000       0x28 ./source/App.o
 .debug_macro   0x00000000       0x22 ./source/App.o
 .debug_macro   0x00000000       0x10 ./source/App.o
 .group         0x00000000        0xc ./SDK/startup/hardware.o
 .group         0x00000000        0xc ./SDK/startup/hardware.o
 .group         0x00000000        0xc ./SDK/startup/hardware.o
 .group         0x00000000        0xc ./SDK/startup/hardware.o
 .group         0x00000000        0xc ./SDK/startup/hardware.o
 .group         0x00000000        0xc ./SDK/startup/hardware.o
 .group         0x00000000        0xc ./SDK/startup/hardware.o
 .group         0x00000000        0xc ./SDK/startup/hardware.o
 .group         0x00000000        0xc ./SDK/startup/hardware.o
 .group         0x00000000        0xc ./SDK/startup/hardware.o
 .group         0x00000000        0xc ./SDK/startup/hardware.o
 .group         0x00000000        0xc ./SDK/startup/hardware.o
 .group         0x00000000        0xc ./SDK/startup/hardware.o
 .text          0x00000000        0x0 ./SDK/startup/hardware.o
 .data          0x00000000        0x0 ./SDK/startup/hardware.o
 .bss           0x00000000        0x0 ./SDK/startup/hardware.o
 .debug_macro   0x00000000      0xa5a ./SDK/startup/hardware.o
 .debug_macro   0x00000000      0x34e ./SDK/startup/hardware.o
 .debug_macro   0x00000000       0x22 ./SDK/startup/hardware.o
 .debug_macro   0x00000000       0x10 ./SDK/startup/hardware.o
 .debug_macro   0x00000000       0x5c ./SDK/startup/hardware.o
 .debug_macro   0x00000000       0x1c ./SDK/startup/hardware.o
 .debug_macro   0x00000000       0x22 ./SDK/startup/hardware.o
 .debug_macro   0x00000000       0xdf ./SDK/startup/hardware.o
 .debug_macro   0x00000000      0xecf ./SDK/startup/hardware.o
 .debug_macro   0x00000000       0x48 ./SDK/startup/hardware.o
 .debug_macro   0x00000000     0xe07b ./SDK/startup/hardware.o
 .debug_macro   0x00000000     0x122b ./SDK/startup/hardware.o
 .debug_macro   0x00000000       0x16 ./SDK/startup/hardware.o
 .group         0x00000000        0xc ./SDK/startup/main.o
 .group         0x00000000        0xc ./SDK/startup/main.o
 .group         0x00000000        0xc ./SDK/startup/main.o
 .group         0x00000000        0xc ./SDK/startup/main.o
 .group         0x00000000        0xc ./SDK/startup/main.o
 .group         0x00000000        0xc ./SDK/startup/main.o
 .group         0x00000000        0xc ./SDK/startup/main.o
 .group         0x00000000        0xc ./SDK/startup/main.o
 .group         0x00000000        0xc ./SDK/startup/main.o
 .group         0x00000000        0xc ./SDK/startup/main.o
 .group         0x00000000        0xc ./SDK/startup/main.o
 .group         0x00000000        0xc ./SDK/startup/main.o
 .group         0x00000000        0xc ./SDK/startup/main.o
 .text          0x00000000        0x0 ./SDK/startup/main.o
 .data          0x00000000        0x0 ./SDK/startup/main.o
 .bss           0x00000000        0x0 ./SDK/startup/main.o
 .debug_macro   0x00000000      0xa5a ./SDK/startup/main.o
 .debug_macro   0x00000000      0x34e ./SDK/startup/main.o
 .debug_macro   0x00000000       0x22 ./SDK/startup/main.o
 .debug_macro   0x00000000       0x10 ./SDK/startup/main.o
 .debug_macro   0x00000000       0x5c ./SDK/startup/main.o
 .debug_macro   0x00000000       0x1c ./SDK/startup/main.o
 .debug_macro   0x00000000       0x22 ./SDK/startup/main.o
 .debug_macro   0x00000000       0xdf ./SDK/startup/main.o
 .debug_macro   0x00000000      0xecf ./SDK/startup/main.o
 .debug_macro   0x00000000       0x48 ./SDK/startup/main.o
 .debug_macro   0x00000000     0xe07b ./SDK/startup/main.o
 .debug_macro   0x00000000     0x122b ./SDK/startup/main.o
 .debug_macro   0x00000000       0x16 ./SDK/startup/main.o
 .group         0x00000000        0xc ./SDK/startup/semihost_hardfault.o
 .text          0x00000000        0x0 ./SDK/startup/semihost_hardfault.o
 .data          0x00000000        0x0 ./SDK/startup/semihost_hardfault.o
 .bss           0x00000000        0x0 ./SDK/startup/semihost_hardfault.o
 .debug_macro   0x00000000      0xa5a ./SDK/startup/semihost_hardfault.o
 .group         0x00000000        0xc ./SDK/startup/startup_mk64f12.o
 .text          0x00000000        0x0 ./SDK/startup/startup_mk64f12.o
 .data          0x00000000        0x0 ./SDK/startup/startup_mk64f12.o
 .bss           0x00000000        0x0 ./SDK/startup/startup_mk64f12.o
 .text.UART0_RX_TX_IRQHandler
                0x00000000        0x8 ./SDK/startup/startup_mk64f12.o
 .text.UART1_RX_TX_IRQHandler
                0x00000000        0x8 ./SDK/startup/startup_mk64f12.o
 .text.UART2_RX_TX_IRQHandler
                0x00000000        0x8 ./SDK/startup/startup_mk64f12.o
 .text.UART3_RX_TX_IRQHandler
                0x00000000        0x8 ./SDK/startup/startup_mk64f12.o
 .text.PORTA_IRQHandler
                0x00000000        0x8 ./SDK/startup/startup_mk64f12.o
 .text.PORTB_IRQHandler
                0x00000000        0x8 ./SDK/startup/startup_mk64f12.o
 .text.PORTC_IRQHandler
                0x00000000        0x8 ./SDK/startup/startup_mk64f12.o
 .text.PORTD_IRQHandler
                0x00000000        0x8 ./SDK/startup/startup_mk64f12.o
 .text.PORTE_IRQHandler
                0x00000000        0x8 ./SDK/startup/startup_mk64f12.o
 .text.UART4_RX_TX_IRQHandler
                0x00000000        0x8 ./SDK/startup/startup_mk64f12.o
 .text.UART5_RX_TX_IRQHandler
                0x00000000        0x8 ./SDK/startup/startup_mk64f12.o
 .debug_macro   0x00000000      0xa5a ./SDK/startup/startup_mk64f12.o
 .group         0x00000000        0xc ./SDK/CMSIS/system_MK64F12.o
 .group         0x00000000        0xc ./SDK/CMSIS/system_MK64F12.o
 .group         0x00000000        0xc ./SDK/CMSIS/system_MK64F12.o
 .group         0x00000000        0xc ./SDK/CMSIS/system_MK64F12.o
 .group         0x00000000        0xc ./SDK/CMSIS/system_MK64F12.o
 .group         0x00000000        0xc ./SDK/CMSIS/system_MK64F12.o
 .group         0x00000000        0xc ./SDK/CMSIS/system_MK64F12.o
 .group         0x00000000        0xc ./SDK/CMSIS/system_MK64F12.o
 .group         0x00000000        0xc ./SDK/CMSIS/system_MK64F12.o
 .group         0x00000000        0xc ./SDK/CMSIS/system_MK64F12.o
 .group         0x00000000        0xc ./SDK/CMSIS/system_MK64F12.o
 .text          0x00000000        0x0 ./SDK/CMSIS/system_MK64F12.o
 .data          0x00000000        0x0 ./SDK/CMSIS/system_MK64F12.o
 .bss           0x00000000        0x0 ./SDK/CMSIS/system_MK64F12.o
 .data.SystemCoreClock
                0x00000000        0x4 ./SDK/CMSIS/system_MK64F12.o
 .text.SystemCoreClockUpdate
                0x00000000      0x278 ./SDK/CMSIS/system_MK64F12.o
 .debug_macro   0x00000000      0xa5a ./SDK/CMSIS/system_MK64F12.o
 .debug_macro   0x00000000      0x34e ./SDK/CMSIS/system_MK64F12.o
 .debug_macro   0x00000000       0x10 ./SDK/CMSIS/system_MK64F12.o
 .debug_macro   0x00000000       0x5c ./SDK/CMSIS/system_MK64F12.o
 .debug_macro   0x00000000       0x1c ./SDK/CMSIS/system_MK64F12.o
 .debug_macro   0x00000000       0x22 ./SDK/CMSIS/system_MK64F12.o
 .debug_macro   0x00000000       0xdf ./SDK/CMSIS/system_MK64F12.o
 .debug_macro   0x00000000      0xecf ./SDK/CMSIS/system_MK64F12.o
 .debug_macro   0x00000000       0x48 ./SDK/CMSIS/system_MK64F12.o
 .debug_macro   0x00000000     0xe07b ./SDK/CMSIS/system_MK64F12.o
 .debug_macro   0x00000000     0x122b ./SDK/CMSIS/system_MK64F12.o

Memory Configuration

Name             Origin             Length             Attributes
PROGRAM_FLASH    0x00000000         0x00100000         xr
SRAM_UPPER       0x20000000         0x00030000         xrw
SRAM_LOWER       0x1fff0000         0x00010000         xrw
FLEX_RAM         0x14000000         0x00001000         xrw
*default*        0x00000000         0xffffffff

Linker script and memory map

LOAD ./source/timers/SysTick.o
LOAD ./source/timers/timer.o
LOAD ./source/protocols/CAN.o
LOAD ./source/protocols/uart.o
LOAD ./source/drivers/drv_DEVBOARD.o
LOAD ./source/drivers/drv_K64.o
LOAD ./source/drivers/drv_UART.o
LOAD ./source/MCAL/IRQ.o
LOAD ./source/MCAL/gpio.o
LOAD ./source/App.o
LOAD ./SDK/startup/hardware.o
LOAD ./SDK/startup/main.o
LOAD ./SDK/startup/semihost_hardfault.o
LOAD ./SDK/startup/startup_mk64f12.o
LOAD ./SDK/CMSIS/system_MK64F12.o
START GROUP
LOAD c:/nxp/mcuxpressoide_10.2.0_759/ide/tools/bin/../lib/gcc/arm-none-eabi/7.2.1/../../../../arm-none-eabi/lib/thumb/v7e-m/fpv4-sp/hard\libcr_c.a
LOAD c:/nxp/mcuxpressoide_10.2.0_759/ide/tools/bin/../lib/gcc/arm-none-eabi/7.2.1/thumb/v7e-m/fpv4-sp/hard\libcr_eabihelpers.a
END GROUP
                0x00000000                __base_PROGRAM_FLASH = 0x0
                0x00000000                __base_Flash = 0x0
                0x00100000                __top_PROGRAM_FLASH = 0x100000
                0x00100000                __top_Flash = 0x100000
                0x20000000                __base_SRAM_UPPER = 0x20000000
                0x20000000                __base_RAM = 0x20000000
                0x20030000                __top_SRAM_UPPER = 0x20030000
                0x20030000                __top_RAM = 0x20030000
                0x1fff0000                __base_SRAM_LOWER = 0x1fff0000
                0x1fff0000                __base_RAM2 = 0x1fff0000
                0x20000000                __top_SRAM_LOWER = 0x20000000
                0x20000000                __top_RAM2 = 0x20000000
                0x14000000                __base_FLEX_RAM = 0x14000000
                0x14000000                __base_RAM3 = 0x14000000
                0x14001000                __top_FLEX_RAM = 0x14001000
                0x14001000                __top_RAM3 = 0x14001000

.text           0x00000000     0x1930
 FILL mask 0xff
                0x00000000                __vectors_start__ = ABSOLUTE (.)
 *(SORT_BY_ALIGNMENT(.isr_vector))
 .isr_vector    0x00000000      0x198 ./SDK/startup/startup_mk64f12.o
                0x00000000                g_pfnVectors
                0x00000000                __Vectors
                0x00000198                . = ALIGN (0x4)
                0x00000198                __section_table_start = .
                0x00000198                __data_section_table = .
                0x00000198        0x4 LONG 0x1930 LOADADDR (.data)
                0x0000019c        0x4 LONG 0x20000000 ADDR (.data)
                0x000001a0        0x4 LONG 0xa8 SIZEOF (.data)
                0x000001a4        0x4 LONG 0x1930 LOADADDR (.data_RAM2)
                0x000001a8        0x4 LONG 0x1fff0000 ADDR (.data_RAM2)
                0x000001ac        0x4 LONG 0x0 SIZEOF (.data_RAM2)
                0x000001b0        0x4 LONG 0x1930 LOADADDR (.data_RAM3)
                0x000001b4        0x4 LONG 0x14000000 ADDR (.data_RAM3)
                0x000001b8        0x4 LONG 0x0 SIZEOF (.data_RAM3)
                0x000001bc                __data_section_table_end = .
                0x000001bc                __bss_section_table = .
                0x000001bc        0x4 LONG 0x200000a8 ADDR (.bss)
                0x000001c0        0x4 LONG 0x618 SIZEOF (.bss)
                0x000001c4        0x4 LONG 0x1fff0000 ADDR (.bss_RAM2)
                0x000001c8        0x4 LONG 0x0 SIZEOF (.bss_RAM2)
                0x000001cc        0x4 LONG 0x14000000 ADDR (.bss_RAM3)
                0x000001d0        0x4 LONG 0x0 SIZEOF (.bss_RAM3)
                0x000001d4                __bss_section_table_end = .
                0x000001d4                __section_table_end = .
 *(SORT_BY_ALIGNMENT(.after_vectors*))
 .after_vectors.reset
                0x000001d4       0x4c ./SDK/startup/startup_mk64f12.o
                0x000001d4                ResetISR
 .after_vectors.init_data
                0x00000220       0x1e ./SDK/startup/startup_mk64f12.o
                0x00000220                data_init
 .after_vectors.init_bss
                0x0000023e       0x12 ./SDK/startup/startup_mk64f12.o
                0x0000023e                bss_init
 .after_vectors
                0x00000250       0x14 ./SDK/startup/startup_mk64f12.o
                0x00000250                NMI_Handler
                0x00000254                MemManage_Handler
                0x00000256                BusFault_Handler
                0x00000258                UsageFault_Handler
                0x0000025a                SVC_Handler
                0x0000025c                DebugMon_Handler
                0x0000025e                PendSV_Handler
                0x00000262                DMA_Error_DriverIRQHandler
                0x00000262                LPTMR0_DriverIRQHandler
                0x00000262                FTM1_DriverIRQHandler
                0x00000262                FTM2_DriverIRQHandler
                0x00000262                PIT2_DriverIRQHandler
                0x00000262                SDHC_DriverIRQHandler
                0x00000262                I2S0_Tx_DriverIRQHandler
                0x00000262                RTC_Seconds_DriverIRQHandler
                0x00000262                DMA6_DriverIRQHandler
                0x00000262                LLWU_DriverIRQHandler
                0x00000262                MCM_DriverIRQHandler
                0x00000262                MCG_DriverIRQHandler
                0x00000262                ENET_1588_Timer_DriverIRQHandler
                0x00000262                I2C2_DriverIRQHandler
                0x00000262                DAC1_DriverIRQHandler
                0x00000262                SPI1_DriverIRQHandler
                0x00000262                CMP1_DriverIRQHandler
                0x00000262                UART5_RX_TX_DriverIRQHandler
                0x00000262                FTM0_DriverIRQHandler
                0x00000262                IntDefaultHandler
                0x00000262                USB0_DriverIRQHandler
                0x00000262                UART5_ERR_DriverIRQHandler
                0x00000262                PORTC_DriverIRQHandler
                0x00000262                DMA11_DriverIRQHandler
                0x00000262                DAC0_DriverIRQHandler
                0x00000262                DMA10_DriverIRQHandler
                0x00000262                CMP2_DriverIRQHandler
                0x00000262                UART2_ERR_DriverIRQHandler
                0x00000262                SPI2_DriverIRQHandler
                0x00000262                LVD_LVW_DriverIRQHandler
                0x00000262                PIT0_DriverIRQHandler
                0x00000262                RNG_DriverIRQHandler
                0x00000262                DMA5_DriverIRQHandler
                0x00000262                DMA12_DriverIRQHandler
                0x00000262                UART2_RX_TX_DriverIRQHandler
                0x00000262                USBDCD_DriverIRQHandler
                0x00000262                UART3_ERR_DriverIRQHandler
                0x00000262                DMA3_DriverIRQHandler
                0x00000262                DMA8_DriverIRQHandler
                0x00000262                DMA9_DriverIRQHandler
                0x00000262                UART0_ERR_DriverIRQHandler
                0x00000262                CMT_DriverIRQHandler
                0x00000262                Reserved71_DriverIRQHandler
                0x00000262                ADC1_DriverIRQHandler
                0x00000262                PORTA_DriverIRQHandler
                0x00000262                DMA14_DriverIRQHandler
                0x00000262                PIT3_DriverIRQHandler
                0x00000262                PIT1_DriverIRQHandler
                0x00000262                WDOG_EWM_DriverIRQHandler
                0x00000262                PDB0_DriverIRQHandler
                0x00000262                RTC_DriverIRQHandler
                0x00000262                I2S0_Rx_DriverIRQHandler
                0x00000262                Read_Collision_DriverIRQHandler
                0x00000262                SWI_DriverIRQHandler
                0x00000262                UART4_RX_TX_DriverIRQHandler
                0x00000262                UART4_ERR_DriverIRQHandler
                0x00000262                PORTB_DriverIRQHandler
                0x00000262                UART0_LON_DriverIRQHandler
                0x00000262                DMA0_DriverIRQHandler
                0x00000262                DMA1_DriverIRQHandler
                0x00000262                I2C1_DriverIRQHandler
                0x00000262                UART3_RX_TX_DriverIRQHandler
                0x00000262                ENET_Receive_DriverIRQHandler
                0x00000262                DMA13_DriverIRQHandler
                0x00000262                ENET_Error_DriverIRQHandler
                0x00000262                DMA15_DriverIRQHandler
                0x00000262                UART0_RX_TX_DriverIRQHandler
                0x00000262                SPI0_DriverIRQHandler
                0x00000262                ADC0_DriverIRQHandler
                0x00000262                CMP0_DriverIRQHandler
                0x00000262                CAN0_DriverIRQHandler
                0x00000262                FTM3_DriverIRQHandler
                0x00000262                DMA4_DriverIRQHandler
                0x00000262                UART1_ERR_DriverIRQHandler
                0x00000262                DMA2_DriverIRQHandler
                0x00000262                ENET_Transmit_DriverIRQHandler
                0x00000262                PORTD_DriverIRQHandler
                0x00000262                PORTE_DriverIRQHandler
                0x00000262                FTFE_DriverIRQHandler
                0x00000262                I2C0_DriverIRQHandler
                0x00000262                DMA7_DriverIRQHandler
                0x00000262                UART1_RX_TX_DriverIRQHandler
                0x00000400                . = 0x400
 *fill*         0x00000264      0x19c ff
                0x00000400                PROVIDE (__FLASH_CONFIG_START__, .)
 *(SORT_BY_ALIGNMENT(.FlashConfig))
 .FlashConfig   0x00000400       0x10 ./SDK/startup/startup_mk64f12.o
                0x00000400                Flash_Config
                0x00000410                PROVIDE (__FLASH_CONFIG_END__, .)
                0x00000001                ASSERT (! ((__FLASH_CONFIG_START__ == __FLASH_CONFIG_END__)), Linker Flash Config Support Enabled, but no .FlashConfig section provided within application)
 *(SORT_BY_ALIGNMENT(.text*))
 .text.SysTick_Init
                0x00000410       0x60 ./source/timers/SysTick.o
                0x00000410                SysTick_Init
 .text.SysTick_Handler
                0x00000470       0x2c ./source/timers/SysTick.o
                0x00000470                SysTick_Handler
 .text.timerInit
                0x0000049c       0x28 ./source/timers/timer.o
                0x0000049c                timerInit
 .text.timerGetId
                0x000004c4       0x5c ./source/timers/timer.o
                0x000004c4                timerGetId
 .text.timerStart
                0x00000520      0x130 ./source/timers/timer.o
                0x00000520                timerStart
 .text.timer_isr
                0x00000650       0xf4 ./source/timers/timer.o
 .text.__NVIC_EnableIRQ
                0x00000744       0x3c ./source/protocols/uart.o
 .text.uartInit
                0x00000780      0x1ac ./source/protocols/uart.o
                0x00000780                uartInit
 .text.uartWriteMsg
                0x0000092c      0x13c ./source/protocols/uart.o
                0x0000092c                uartWriteMsg
 .text.uartIsTxMsgComplete
                0x00000a68       0x2c ./source/protocols/uart.o
                0x00000a68                uartIsTxMsgComplete
 .text.UART_SetBaudRate
                0x00000a94       0x98 ./source/protocols/uart.o
                0x00000a94                UART_SetBaudRate
 .text.UARTX_IRQ_HANDLER
                0x00000b2c      0x204 ./source/protocols/uart.o
                0x00000b2c                UARTX_IRQ_HANDLER
 .text.PORT_ClearInterruptFlag
                0x00000d30       0x40 ./source/MCAL/IRQ.o
                0x00000d30                PORT_ClearInterruptFlag
 .text.PORTA_IRQHandler
                0x00000d70       0x40 ./source/MCAL/IRQ.o
                0x00000d70                PORTA_IRQHandler
 .text.PORTB_IRQHandler
                0x00000db0       0x40 ./source/MCAL/IRQ.o
                0x00000db0                PORTB_IRQHandler
 .text.PORTC_IRQHandler
                0x00000df0       0x40 ./source/MCAL/IRQ.o
                0x00000df0                PORTC_IRQHandler
 .text.PORTD_IRQHandler
                0x00000e30       0x40 ./source/MCAL/IRQ.o
                0x00000e30                PORTD_IRQHandler
 .text.PORTE_IRQHandler
                0x00000e70       0x40 ./source/MCAL/IRQ.o
                0x00000e70                PORTE_IRQHandler
 .text.FindPinNum
                0x00000eb0       0x50 ./source/MCAL/IRQ.o
                0x00000eb0                FindPinNum
 .text.gpioMode
                0x00000f00       0xf4 ./source/MCAL/gpio.o
                0x00000f00                gpioMode
 .text.gpioWrite
                0x00000ff4       0x70 ./source/MCAL/gpio.o
                0x00000ff4                gpioWrite
 .text.App_Init
                0x00001064       0x64 ./source/App.o
                0x00001064                App_Init
 .text.updateDispositives
                0x000010c8       0x78 ./source/App.o
                0x000010c8                updateDispositives
 .text.updateMessage4CPU
                0x00001140      0x160 ./source/App.o
                0x00001140                updateMessage4CPU
 .text.initDispositives
                0x000012a0       0x38 ./source/App.o
                0x000012a0                initDispositives
 .text.initBuffer
                0x000012d8       0x5c ./source/App.o
                0x000012d8                initBuffer
 .text.callbackTimerTx
                0x00001334       0x44 ./source/App.o
                0x00001334                callbackTimerTx
 .text.hw_Init  0x00001378      0x10c ./SDK/startup/hardware.o
                0x00001378                hw_Init
 .text.hw_EnableInterrupts
                0x00001484       0x30 ./SDK/startup/hardware.o
                0x00001484                hw_EnableInterrupts
 .text.hw_DisableInterrupts
                0x000014b4       0x20 ./SDK/startup/hardware.o
                0x000014b4                hw_DisableInterrupts
 .text.SystemInit
                0x000014d4       0x3c ./SDK/CMSIS/system_MK64F12.o
                0x000014d4                SystemInit
 .text.UART0_RX_TX_IRQHandler
                0x00001510       0x1e ./source/protocols/uart.o
                0x00001510                UART0_RX_TX_IRQHandler
 .text.UART1_RX_TX_IRQHandler
                0x0000152e       0x1e ./source/protocols/uart.o
                0x0000152e                UART1_RX_TX_IRQHandler
 .text.UART2_RX_TX_IRQHandler
                0x0000154c       0x1e ./source/protocols/uart.o
                0x0000154c                UART2_RX_TX_IRQHandler
 .text.UART3_RX_TX_IRQHandler
                0x0000156a       0x1e ./source/protocols/uart.o
                0x0000156a                UART3_RX_TX_IRQHandler
 .text.UART4_RX_TX_IRQHandler
                0x00001588       0x1e ./source/protocols/uart.o
                0x00001588                UART4_RX_TX_IRQHandler
 .text.UART5_RX_TX_IRQHandler
                0x000015a6       0x1e ./source/protocols/uart.o
                0x000015a6                UART5_RX_TX_IRQHandler
 .text.init_DEVBOARD
                0x000015c4        0xe ./source/drivers/drv_DEVBOARD.o
                0x000015c4                init_DEVBOARD
 .text.init_K64Leds
                0x000015d2       0x38 ./source/drivers/drv_K64.o
                0x000015d2                init_K64Leds
 .text.initUART
                0x0000160a       0x2c ./source/drivers/drv_UART.o
                0x0000160a                initUART
 .text.sendPackage
                0x00001636       0x28 ./source/drivers/drv_UART.o
                0x00001636                sendPackage
 .text.App_Run  0x0000165e        0xc ./source/App.o
                0x0000165e                App_Run
 .text.callbackTimerRx
                0x0000166a        0xe ./source/App.o
                0x0000166a                callbackTimerRx
 .text.main     0x00001678       0x1a ./SDK/startup/main.o
                0x00001678                main
 .text.HardFault_Handler
                0x00001692       0x2c ./SDK/startup/semihost_hardfault.o
                0x00001692                HardFault_Handler
 .text.DMA0_IRQHandler
                0x000016be        0x8 ./SDK/startup/startup_mk64f12.o
                0x000016be                DMA0_IRQHandler
 .text.DMA1_IRQHandler
                0x000016c6        0x8 ./SDK/startup/startup_mk64f12.o
                0x000016c6                DMA1_IRQHandler
 .text.DMA2_IRQHandler
                0x000016ce        0x8 ./SDK/startup/startup_mk64f12.o
                0x000016ce                DMA2_IRQHandler
 .text.DMA3_IRQHandler
                0x000016d6        0x8 ./SDK/startup/startup_mk64f12.o
                0x000016d6                DMA3_IRQHandler
 .text.DMA4_IRQHandler
                0x000016de        0x8 ./SDK/startup/startup_mk64f12.o
                0x000016de                DMA4_IRQHandler
 .text.DMA5_IRQHandler
                0x000016e6        0x8 ./SDK/startup/startup_mk64f12.o
                0x000016e6                DMA5_IRQHandler
 .text.DMA6_IRQHandler
                0x000016ee        0x8 ./SDK/startup/startup_mk64f12.o
                0x000016ee                DMA6_IRQHandler
 .text.DMA7_IRQHandler
                0x000016f6        0x8 ./SDK/startup/startup_mk64f12.o
                0x000016f6                DMA7_IRQHandler
 .text.DMA8_IRQHandler
                0x000016fe        0x8 ./SDK/startup/startup_mk64f12.o
                0x000016fe                DMA8_IRQHandler
 .text.DMA9_IRQHandler
                0x00001706        0x8 ./SDK/startup/startup_mk64f12.o
                0x00001706                DMA9_IRQHandler
 .text.DMA10_IRQHandler
                0x0000170e        0x8 ./SDK/startup/startup_mk64f12.o
                0x0000170e                DMA10_IRQHandler
 .text.DMA11_IRQHandler
                0x00001716        0x8 ./SDK/startup/startup_mk64f12.o
                0x00001716                DMA11_IRQHandler
 .text.DMA12_IRQHandler
                0x0000171e        0x8 ./SDK/startup/startup_mk64f12.o
                0x0000171e                DMA12_IRQHandler
 .text.DMA13_IRQHandler
                0x00001726        0x8 ./SDK/startup/startup_mk64f12.o
                0x00001726                DMA13_IRQHandler
 .text.DMA14_IRQHandler
                0x0000172e        0x8 ./SDK/startup/startup_mk64f12.o
                0x0000172e                DMA14_IRQHandler
 .text.DMA15_IRQHandler
                0x00001736        0x8 ./SDK/startup/startup_mk64f12.o
                0x00001736                DMA15_IRQHandler
 .text.DMA_Error_IRQHandler
                0x0000173e        0x8 ./SDK/startup/startup_mk64f12.o
                0x0000173e                DMA_Error_IRQHandler
 .text.MCM_IRQHandler
                0x00001746        0x8 ./SDK/startup/startup_mk64f12.o
                0x00001746                MCM_IRQHandler
 .text.FTFE_IRQHandler
                0x0000174e        0x8 ./SDK/startup/startup_mk64f12.o
                0x0000174e                FTFE_IRQHandler
 .text.Read_Collision_IRQHandler
                0x00001756        0x8 ./SDK/startup/startup_mk64f12.o
                0x00001756                Read_Collision_IRQHandler
 .text.LVD_LVW_IRQHandler
                0x0000175e        0x8 ./SDK/startup/startup_mk64f12.o
                0x0000175e                LVD_LVW_IRQHandler
 .text.LLWU_IRQHandler
                0x00001766        0x8 ./SDK/startup/startup_mk64f12.o
                0x00001766                LLWU_IRQHandler
 .text.WDOG_EWM_IRQHandler
                0x0000176e        0x8 ./SDK/startup/startup_mk64f12.o
                0x0000176e                WDOG_EWM_IRQHandler
 .text.RNG_IRQHandler
                0x00001776        0x8 ./SDK/startup/startup_mk64f12.o
                0x00001776                RNG_IRQHandler
 .text.I2C0_IRQHandler
                0x0000177e        0x8 ./SDK/startup/startup_mk64f12.o
                0x0000177e                I2C0_IRQHandler
 .text.I2C1_IRQHandler
                0x00001786        0x8 ./SDK/startup/startup_mk64f12.o
                0x00001786                I2C1_IRQHandler
 .text.SPI0_IRQHandler
                0x0000178e        0x8 ./SDK/startup/startup_mk64f12.o
                0x0000178e                SPI0_IRQHandler
 .text.SPI1_IRQHandler
                0x00001796        0x8 ./SDK/startup/startup_mk64f12.o
                0x00001796                SPI1_IRQHandler
 .text.I2S0_Tx_IRQHandler
                0x0000179e        0x8 ./SDK/startup/startup_mk64f12.o
                0x0000179e                I2S0_Tx_IRQHandler
 .text.I2S0_Rx_IRQHandler
                0x000017a6        0x8 ./SDK/startup/startup_mk64f12.o
                0x000017a6                I2S0_Rx_IRQHandler
 .text.UART0_LON_IRQHandler
                0x000017ae        0x8 ./SDK/startup/startup_mk64f12.o
                0x000017ae                UART0_LON_IRQHandler
 .text.UART0_ERR_IRQHandler
                0x000017b6        0x8 ./SDK/startup/startup_mk64f12.o
                0x000017b6                UART0_ERR_IRQHandler
 .text.UART1_ERR_IRQHandler
                0x000017be        0x8 ./SDK/startup/startup_mk64f12.o
                0x000017be                UART1_ERR_IRQHandler
 .text.UART2_ERR_IRQHandler
                0x000017c6        0x8 ./SDK/startup/startup_mk64f12.o
                0x000017c6                UART2_ERR_IRQHandler
 .text.UART3_ERR_IRQHandler
                0x000017ce        0x8 ./SDK/startup/startup_mk64f12.o
                0x000017ce                UART3_ERR_IRQHandler
 .text.ADC0_IRQHandler
                0x000017d6        0x8 ./SDK/startup/startup_mk64f12.o
                0x000017d6                ADC0_IRQHandler
 .text.CMP0_IRQHandler
                0x000017de        0x8 ./SDK/startup/startup_mk64f12.o
                0x000017de                CMP0_IRQHandler
 .text.CMP1_IRQHandler
                0x000017e6        0x8 ./SDK/startup/startup_mk64f12.o
                0x000017e6                CMP1_IRQHandler
 .text.FTM0_IRQHandler
                0x000017ee        0x8 ./SDK/startup/startup_mk64f12.o
                0x000017ee                FTM0_IRQHandler
 .text.FTM1_IRQHandler
                0x000017f6        0x8 ./SDK/startup/startup_mk64f12.o
                0x000017f6                FTM1_IRQHandler
 .text.FTM2_IRQHandler
                0x000017fe        0x8 ./SDK/startup/startup_mk64f12.o
                0x000017fe                FTM2_IRQHandler
 .text.CMT_IRQHandler
                0x00001806        0x8 ./SDK/startup/startup_mk64f12.o
                0x00001806                CMT_IRQHandler
 .text.RTC_IRQHandler
                0x0000180e        0x8 ./SDK/startup/startup_mk64f12.o
                0x0000180e                RTC_IRQHandler
 .text.RTC_Seconds_IRQHandler
                0x00001816        0x8 ./SDK/startup/startup_mk64f12.o
                0x00001816                RTC_Seconds_IRQHandler
 .text.PIT0_IRQHandler
                0x0000181e        0x8 ./SDK/startup/startup_mk64f12.o
                0x0000181e                PIT0_IRQHandler
 .text.PIT1_IRQHandler
                0x00001826        0x8 ./SDK/startup/startup_mk64f12.o
                0x00001826                PIT1_IRQHandler
 .text.PIT2_IRQHandler
                0x0000182e        0x8 ./SDK/startup/startup_mk64f12.o
                0x0000182e                PIT2_IRQHandler
 .text.PIT3_IRQHandler
                0x00001836        0x8 ./SDK/startup/startup_mk64f12.o
                0x00001836                PIT3_IRQHandler
 .text.PDB0_IRQHandler
                0x0000183e        0x8 ./SDK/startup/startup_mk64f12.o
                0x0000183e                PDB0_IRQHandler
 .text.USB0_IRQHandler
                0x00001846        0x8 ./SDK/startup/startup_mk64f12.o
                0x00001846                USB0_IRQHandler
 .text.USBDCD_IRQHandler
                0x0000184e        0x8 ./SDK/startup/startup_mk64f12.o
                0x0000184e                USBDCD_IRQHandler
 .text.Reserved71_IRQHandler
                0x00001856        0x8 ./SDK/startup/startup_mk64f12.o
                0x00001856                Reserved71_IRQHandler
 .text.DAC0_IRQHandler
                0x0000185e        0x8 ./SDK/startup/startup_mk64f12.o
                0x0000185e                DAC0_IRQHandler
 .text.MCG_IRQHandler
                0x00001866        0x8 ./SDK/startup/startup_mk64f12.o
                0x00001866                MCG_IRQHandler
 .text.LPTMR0_IRQHandler
                0x0000186e        0x8 ./SDK/startup/startup_mk64f12.o
                0x0000186e                LPTMR0_IRQHandler
 .text.SWI_IRQHandler
                0x00001876        0x8 ./SDK/startup/startup_mk64f12.o
                0x00001876                SWI_IRQHandler
 .text.SPI2_IRQHandler
                0x0000187e        0x8 ./SDK/startup/startup_mk64f12.o
                0x0000187e                SPI2_IRQHandler
 .text.UART4_ERR_IRQHandler
                0x00001886        0x8 ./SDK/startup/startup_mk64f12.o
                0x00001886                UART4_ERR_IRQHandler
 .text.UART5_ERR_IRQHandler
                0x0000188e        0x8 ./SDK/startup/startup_mk64f12.o
                0x0000188e                UART5_ERR_IRQHandler
 .text.CMP2_IRQHandler
                0x00001896        0x8 ./SDK/startup/startup_mk64f12.o
                0x00001896                CMP2_IRQHandler
 .text.FTM3_IRQHandler
                0x0000189e        0x8 ./SDK/startup/startup_mk64f12.o
                0x0000189e                FTM3_IRQHandler
 .text.DAC1_IRQHandler
                0x000018a6        0x8 ./SDK/startup/startup_mk64f12.o
                0x000018a6                DAC1_IRQHandler
 .text.ADC1_IRQHandler
                0x000018ae        0x8 ./SDK/startup/startup_mk64f12.o
                0x000018ae                ADC1_IRQHandler
 .text.I2C2_IRQHandler
                0x000018b6        0x8 ./SDK/startup/startup_mk64f12.o
                0x000018b6                I2C2_IRQHandler
 .text.CAN0_ORed_Message_buffer_IRQHandler
                0x000018be        0x8 ./SDK/startup/startup_mk64f12.o
                0x000018be                CAN0_ORed_Message_buffer_IRQHandler
 .text.CAN0_Bus_Off_IRQHandler
                0x000018c6        0x8 ./SDK/startup/startup_mk64f12.o
                0x000018c6                CAN0_Bus_Off_IRQHandler
 .text.CAN0_Error_IRQHandler
                0x000018ce        0x8 ./SDK/startup/startup_mk64f12.o
                0x000018ce                CAN0_Error_IRQHandler
 .text.CAN0_Tx_Warning_IRQHandler
                0x000018d6        0x8 ./SDK/startup/startup_mk64f12.o
                0x000018d6                CAN0_Tx_Warning_IRQHandler
 .text.CAN0_Rx_Warning_IRQHandler
                0x000018de        0x8 ./SDK/startup/startup_mk64f12.o
                0x000018de                CAN0_Rx_Warning_IRQHandler
 .text.CAN0_Wake_Up_IRQHandler
                0x000018e6        0x8 ./SDK/startup/startup_mk64f12.o
                0x000018e6                CAN0_Wake_Up_IRQHandler
 .text.SDHC_IRQHandler
                0x000018ee        0x8 ./SDK/startup/startup_mk64f12.o
                0x000018ee                SDHC_IRQHandler
 .text.ENET_1588_Timer_IRQHandler
                0x000018f6        0x8 ./SDK/startup/startup_mk64f12.o
                0x000018f6                ENET_1588_Timer_IRQHandler
 .text.ENET_Transmit_IRQHandler
                0x000018fe        0x8 ./SDK/startup/startup_mk64f12.o
                0x000018fe                ENET_Transmit_IRQHandler
 .text.ENET_Receive_IRQHandler
                0x00001906        0x8 ./SDK/startup/startup_mk64f12.o
                0x00001906                ENET_Receive_IRQHandler
 .text.ENET_Error_IRQHandler
                0x0000190e        0x8 ./SDK/startup/startup_mk64f12.o
                0x0000190e                ENET_Error_IRQHandler
 .text.SystemInitHook
                0x00001916        0xe ./SDK/CMSIS/system_MK64F12.o
                0x00001916                SystemInitHook
 *(SORT_BY_ALIGNMENT(.rodata) SORT_BY_ALIGNMENT(.rodata.*) SORT_BY_ALIGNMENT(.constdata) SORT_BY_ALIGNMENT(.constdata.*))
 .rodata.IRQn   0x00001924        0x6 ./source/protocols/uart.o
                0x00001930                . = ALIGN (0x8)
 *fill*         0x0000192a        0x6 ff

.glue_7         0x00001930        0x0
 .glue_7        0x00001930        0x0 linker stubs

.glue_7t        0x00001930        0x0
 .glue_7t       0x00001930        0x0 linker stubs

.vfp11_veneer   0x00001930        0x0
 .vfp11_veneer  0x00001930        0x0 linker stubs

.v4_bx          0x00001930        0x0
 .v4_bx         0x00001930        0x0 linker stubs

.iplt           0x00001930        0x0
 .iplt          0x00001930        0x0 ./source/timers/SysTick.o

.rel.dyn        0x00001930        0x0
 .rel.iplt      0x00001930        0x0 ./source/timers/SysTick.o

.ARM.extab
 *(SORT_BY_ALIGNMENT(.ARM.extab*) SORT_BY_ALIGNMENT(.gnu.linkonce.armextab.*))
                0x00001930                __exidx_start = .

.ARM.exidx
 *(SORT_BY_ALIGNMENT(.ARM.exidx*) SORT_BY_ALIGNMENT(.gnu.linkonce.armexidx.*))
                0x00001930                __exidx_end = .
                0x00001930                _etext = .

.m_usb_data
 *(SORT_BY_ALIGNMENT(m_usb_bdt))

.data_RAM2      0x1fff0000        0x0 load address 0x00001930
 FILL mask 0xff
                [!provide]                PROVIDE (__start_data_RAM2, .)
 *(SORT_BY_ALIGNMENT(.ramfunc.$RAM2))
 *(SORT_BY_ALIGNMENT(.ramfunc.$SRAM_LOWER))
 *(SORT_BY_ALIGNMENT(.data.$RAM2*))
 *(SORT_BY_ALIGNMENT(.data.$SRAM_LOWER*))
                0x1fff0000                . = ALIGN (0x8)
                [!provide]                PROVIDE (__end_data_RAM2, .)

.data_RAM3      0x14000000        0x0 load address 0x00001930
 FILL mask 0xff
                [!provide]                PROVIDE (__start_data_RAM3, .)
 *(SORT_BY_ALIGNMENT(.ramfunc.$RAM3))
 *(SORT_BY_ALIGNMENT(.ramfunc.$FLEX_RAM))
 *(SORT_BY_ALIGNMENT(.data.$RAM3*))
 *(SORT_BY_ALIGNMENT(.data.$FLEX_RAM*))
                0x14000000                . = ALIGN (0x8)
                [!provide]                PROVIDE (__end_data_RAM3, .)

.uninit_RESERVED
                0x20000000        0x0
 *(SORT_BY_ALIGNMENT(.bss.$RESERVED*))
                0x20000000                . = ALIGN (0x4)
                0x20000000                _end_uninit_RESERVED = .

.data           0x20000000       0xa8 load address 0x00001930
 FILL mask 0xff
                0x20000000                _data = .
 *(SORT_BY_ALIGNMENT(vtable))
 *(SORT_BY_ALIGNMENT(.ramfunc*))
 *(SORT_BY_ALIGNMENT(.data*))
 .data.SIM_MASK
                0x20000000       0x18 ./source/protocols/uart.o
 .data.SIM_PTR  0x20000018        0x4 ./source/protocols/uart.o
 .data.UART_POINTERS
                0x2000001c       0x18 ./source/protocols/uart.o
 .data.PORT_PTRS
                0x20000034       0x18 ./source/protocols/uart.o
 .data.PORT_PTRS
                0x2000004c       0x14 ./source/MCAL/IRQ.o
 .data.SIM_MASK
                0x20000060       0x14 ./source/MCAL/gpio.o
 .data.SIM_PTR  0x20000074        0x4 ./source/MCAL/gpio.o
 .data.GPIO_PTRS
                0x20000078       0x14 ./source/MCAL/gpio.o
 .data.PORT_PTRS
                0x2000008c       0x14 ./source/MCAL/gpio.o
 .data.messagePointer
                0x200000a0        0x4 ./source/App.o
 .data.timers_cant
                0x200000a4        0x1 ./source/timers/timer.o
                0x200000a8                . = ALIGN (0x8)
 *fill*         0x200000a5        0x3 ff
                0x200000a8                _edata = .

.igot.plt       0x200000a8        0x0 load address 0x000019d8
 .igot.plt      0x200000a8        0x0 ./source/timers/SysTick.o

.bss_RAM2       0x1fff0000        0x0
                [!provide]                PROVIDE (__start_bss_RAM2, .)
 *(SORT_BY_ALIGNMENT(.bss.$RAM2*))
 *(SORT_BY_ALIGNMENT(.bss.$SRAM_LOWER*))
                0x1fff0000                . = ALIGN ((. != 0x0)?0x8:0x1)
                [!provide]                PROVIDE (__end_bss_RAM2, .)

.bss_RAM3       0x14000000        0x0
                [!provide]                PROVIDE (__start_bss_RAM3, .)
 *(SORT_BY_ALIGNMENT(.bss.$RAM3*))
 *(SORT_BY_ALIGNMENT(.bss.$FLEX_RAM*))
                0x14000000                . = ALIGN ((. != 0x0)?0x8:0x1)
                [!provide]                PROVIDE (__end_bss_RAM3, .)

.bss            0x200000a8      0x618
                0x200000a8                _bss = .
 *(SORT_BY_ALIGNMENT(.bss*))
 .bss.ptr_to_fun_systick
                0x200000a8        0x4 ./source/timers/SysTick.o
                0x200000a8                ptr_to_fun_systick
 .bss.timers    0x200000ac      0x100 ./source/timers/timer.o
 .bss.rx        0x200001ac       0xf0 ./source/protocols/uart.o
 .bss.tx        0x2000029c       0xf0 ./source/protocols/uart.o
 .bss.PTRS_TO_FUN
                0x2000038c      0x280 ./source/MCAL/gpio.o
                0x2000038c                PTRS_TO_FUN
 .bss.dispositives
                0x2000060c       0x38 ./source/App.o
 .bss.buffer    0x20000644       0x38 ./source/App.o
 .bss.message4CPU
                0x2000067c       0x38 ./source/App.o
 .bss.__LDM_interruptDisableCount
                0x200006b4        0x4 ./SDK/startup/hardware.o
 .bss.yaInit.6772
                0x200006b8        0x1 ./source/timers/SysTick.o
 .bss.yaInit.7447
                0x200006b9        0x1 ./source/timers/timer.o
 .bss.timerTx   0x200006ba        0x1 ./source/App.o
 .bss.timerRx   0x200006bb        0x1 ./source/App.o
 *(SORT_BY_ALIGNMENT(COMMON))
                0x200006c0                . = ALIGN (0x8)
 *fill*         0x200006bc        0x4 
                0x200006c0                _ebss = .
                [!provide]                PROVIDE (end, .)

.noinit_RAM2    0x1fff0000        0x0
 *(SORT_BY_ALIGNMENT(.noinit.$RAM2*))
 *(SORT_BY_ALIGNMENT(.noinit.$SRAM_LOWER*))
                0x1fff0000                . = ALIGN (0x8)

.noinit_RAM3    0x14000000        0x0
 *(SORT_BY_ALIGNMENT(.noinit.$RAM3*))
 *(SORT_BY_ALIGNMENT(.noinit.$FLEX_RAM*))
                0x14000000                . = ALIGN (0x8)

.noinit         0x200006c0        0x0
                0x200006c0                _noinit = .
 *(SORT_BY_ALIGNMENT(.noinit*))
                0x200006c0                . = ALIGN (0x8)
                0x200006c0                _end_noinit = .
                0x00001000                _HeapSize = 0x1000

.heap           0x200006c0     0x1000
                0x200006c0                _pvHeapStart = .
                0x200016c0                . = (. + _HeapSize)
 *fill*         0x200006c0     0x1000 
                0x200016c0                . = ALIGN (0x8)
                0x200016c0                _pvHeapLimit = .
                0x00001000                _StackSize = 0x1000

.heap2stackfill
                0x200016c0     0x1000
                0x200026c0                . = (. + _StackSize)
 *fill*         0x200016c0     0x1000 

.stack          0x2002f000        0x0
                0x2002f000                _vStackBase = .
                0x2002f000                . = ALIGN (0x8)
                0x20030000                _vStackTop = (. + _StackSize)
                0x00000000                _image_start = LOADADDR (.text)
                0x000019d8                _image_end = (LOADADDR (.data) + SIZEOF (.data))
                0x000019d8                _image_size = (_image_end - _image_start)
OUTPUT(UART.axf elf32-littlearm)

.debug_info     0x00000000     0x4c81
 .debug_info    0x00000000      0x15f ./source/timers/SysTick.o
 .debug_info    0x0000015f      0xb7b ./source/timers/timer.o
 .debug_info    0x00000cda      0xd5c ./source/protocols/uart.o
 .debug_info    0x00001a36       0xe0 ./source/drivers/drv_DEVBOARD.o
 .debug_info    0x00001b16      0x1a0 ./source/drivers/drv_K64.o
 .debug_info    0x00001cb6      0x19c ./source/drivers/drv_UART.o
 .debug_info    0x00001e52      0x32f ./source/MCAL/IRQ.o
 .debug_info    0x00002181      0x9ae ./source/MCAL/gpio.o
 .debug_info    0x00002b2f      0xb3f ./source/App.o
 .debug_info    0x0000366e      0x675 ./SDK/startup/hardware.o
 .debug_info    0x00003ce3       0xb7 ./SDK/startup/main.o
 .debug_info    0x00003d9a       0x3b ./SDK/startup/semihost_hardfault.o
 .debug_info    0x00003dd5      0x8b0 ./SDK/startup/startup_mk64f12.o
 .debug_info    0x00004685      0x5fc ./SDK/CMSIS/system_MK64F12.o

.debug_abbrev   0x00000000     0x1263
 .debug_abbrev  0x00000000      0x115 ./source/timers/SysTick.o
 .debug_abbrev  0x00000115      0x2b2 ./source/timers/timer.o
 .debug_abbrev  0x000003c7      0x24e ./source/protocols/uart.o
 .debug_abbrev  0x00000615       0x9d ./source/drivers/drv_DEVBOARD.o
 .debug_abbrev  0x000006b2       0xb7 ./source/drivers/drv_K64.o
 .debug_abbrev  0x00000769      0x10c ./source/drivers/drv_UART.o
 .debug_abbrev  0x00000875      0x143 ./source/MCAL/IRQ.o
 .debug_abbrev  0x000009b8      0x1df ./source/MCAL/gpio.o
 .debug_abbrev  0x00000b97      0x24d ./source/App.o
 .debug_abbrev  0x00000de4      0x138 ./SDK/startup/hardware.o
 .debug_abbrev  0x00000f1c       0x7d ./SDK/startup/main.o
 .debug_abbrev  0x00000f99       0x2f ./SDK/startup/semihost_hardfault.o
 .debug_abbrev  0x00000fc8      0x15c ./SDK/startup/startup_mk64f12.o
 .debug_abbrev  0x00001124      0x13f ./SDK/CMSIS/system_MK64F12.o

.debug_aranges  0x00000000      0x688
 .debug_aranges
                0x00000000       0x28 ./source/timers/SysTick.o
 .debug_aranges
                0x00000028       0x58 ./source/timers/timer.o
 .debug_aranges
                0x00000080       0x90 ./source/protocols/uart.o
 .debug_aranges
                0x00000110       0x20 ./source/drivers/drv_DEVBOARD.o
 .debug_aranges
                0x00000130       0x68 ./source/drivers/drv_K64.o
 .debug_aranges
                0x00000198       0x30 ./source/drivers/drv_UART.o
 .debug_aranges
                0x000001c8       0x50 ./source/MCAL/IRQ.o
 .debug_aranges
                0x00000218       0x48 ./source/MCAL/gpio.o
 .debug_aranges
                0x00000260       0x58 ./source/App.o
 .debug_aranges
                0x000002b8       0x30 ./SDK/startup/hardware.o
 .debug_aranges
                0x000002e8       0x20 ./SDK/startup/main.o
 .debug_aranges
                0x00000308       0x20 ./SDK/startup/semihost_hardfault.o
 .debug_aranges
                0x00000328      0x330 ./SDK/startup/startup_mk64f12.o
 .debug_aranges
                0x00000658       0x30 ./SDK/CMSIS/system_MK64F12.o

.debug_ranges   0x00000000      0x5a8
 .debug_ranges  0x00000000       0x18 ./source/timers/SysTick.o
 .debug_ranges  0x00000018       0x48 ./source/timers/timer.o
 .debug_ranges  0x00000060       0x80 ./source/protocols/uart.o
 .debug_ranges  0x000000e0       0x10 ./source/drivers/drv_DEVBOARD.o
 .debug_ranges  0x000000f0       0x58 ./source/drivers/drv_K64.o
 .debug_ranges  0x00000148       0x20 ./source/drivers/drv_UART.o
 .debug_ranges  0x00000168       0x40 ./source/MCAL/IRQ.o
 .debug_ranges  0x000001a8       0x38 ./source/MCAL/gpio.o
 .debug_ranges  0x000001e0       0x48 ./source/App.o
 .debug_ranges  0x00000228       0x20 ./SDK/startup/hardware.o
 .debug_ranges  0x00000248       0x10 ./SDK/startup/main.o
 .debug_ranges  0x00000258       0x10 ./SDK/startup/semihost_hardfault.o
 .debug_ranges  0x00000268      0x320 ./SDK/startup/startup_mk64f12.o
 .debug_ranges  0x00000588       0x20 ./SDK/CMSIS/system_MK64F12.o

.debug_macro    0x00000000    0x12a64
 .debug_macro   0x00000000       0xbc ./source/timers/SysTick.o
 .debug_macro   0x000000bc      0xa5a ./source/timers/SysTick.o
 .debug_macro   0x00000b16       0x22 ./source/timers/SysTick.o
 .debug_macro   0x00000b38       0x5c ./source/timers/SysTick.o
 .debug_macro   0x00000b94      0x34e ./source/timers/SysTick.o
 .debug_macro   0x00000ee2       0x1c ./source/timers/SysTick.o
 .debug_macro   0x00000efe       0x22 ./source/timers/SysTick.o
 .debug_macro   0x00000f20       0xdf ./source/timers/SysTick.o
 .debug_macro   0x00000fff      0xecf ./source/timers/SysTick.o
 .debug_macro   0x00001ece       0x48 ./source/timers/SysTick.o
 .debug_macro   0x00001f16     0xe07b ./source/timers/SysTick.o
 .debug_macro   0x0000ff91       0x10 ./source/timers/SysTick.o
 .debug_macro   0x0000ffa1     0x122b ./source/timers/SysTick.o
 .debug_macro   0x000111cc       0x16 ./source/timers/SysTick.o
 .debug_macro   0x000111e2      0x1b0 ./source/timers/timer.o
 .debug_macro   0x00011392       0x17 ./source/timers/timer.o
 .debug_macro   0x000113a9       0x22 ./source/timers/timer.o
 .debug_macro   0x000113cb       0x52 ./source/timers/timer.o
 .debug_macro   0x0001141d       0x8d ./source/timers/timer.o
 .debug_macro   0x000114aa       0x35 ./source/timers/timer.o
 .debug_macro   0x000114df       0x9c ./source/timers/timer.o
 .debug_macro   0x0001157b       0x16 ./source/timers/timer.o
 .debug_macro   0x00011591      0x10e ./source/timers/timer.o
 .debug_macro   0x0001169f       0x8d ./source/timers/timer.o
 .debug_macro   0x0001172c       0x57 ./source/timers/timer.o
 .debug_macro   0x00011783       0x58 ./source/timers/timer.o
 .debug_macro   0x000117db       0x1f ./source/timers/timer.o
 .debug_macro   0x000117fa       0x43 ./source/timers/timer.o
 .debug_macro   0x0001183d       0x20 ./source/timers/timer.o
 .debug_macro   0x0001185d      0x18e ./source/timers/timer.o
 .debug_macro   0x000119eb      0x330 ./source/timers/timer.o
 .debug_macro   0x00011d1b       0x16 ./source/timers/timer.o
 .debug_macro   0x00011d31       0x29 ./source/timers/timer.o
 .debug_macro   0x00011d5a       0x28 ./source/timers/timer.o
 .debug_macro   0x00011d82       0xd9 ./source/timers/timer.o
 .debug_macro   0x00011e5b       0xc2 ./source/protocols/uart.o
 .debug_macro   0x00011f1d       0x22 ./source/protocols/uart.o
 .debug_macro   0x00011f3f       0xcc ./source/drivers/drv_DEVBOARD.o
 .debug_macro   0x0001200b       0xc2 ./source/drivers/drv_K64.o
 .debug_macro   0x000120cd       0xd9 ./source/drivers/drv_UART.o
 .debug_macro   0x000121a6       0x1c ./source/drivers/drv_UART.o
 .debug_macro   0x000121c2       0x10 ./source/drivers/drv_UART.o
 .debug_macro   0x000121d2       0xb3 ./source/MCAL/IRQ.o
 .debug_macro   0x00012285       0xaf ./source/MCAL/gpio.o
 .debug_macro   0x00012334      0x214 ./source/App.o
 .debug_macro   0x00012548      0x32a ./source/App.o
 .debug_macro   0x00012872       0x9c ./SDK/startup/hardware.o
 .debug_macro   0x0001290e       0x9c ./SDK/startup/main.o
 .debug_macro   0x000129aa       0x11 ./SDK/startup/semihost_hardfault.o
 .debug_macro   0x000129bb       0x29 ./SDK/startup/startup_mk64f12.o
 .debug_macro   0x000129e4       0x80 ./SDK/CMSIS/system_MK64F12.o

.debug_line     0x00000000     0x2454
 .debug_line    0x00000000      0x1b0 ./source/timers/SysTick.o
 .debug_line    0x000001b0      0x421 ./source/timers/timer.o
 .debug_line    0x000005d1      0x38f ./source/protocols/uart.o
 .debug_line    0x00000960      0x1bf ./source/drivers/drv_DEVBOARD.o
 .debug_line    0x00000b1f      0x24a ./source/drivers/drv_K64.o
 .debug_line    0x00000d69      0x1f0 ./source/drivers/drv_UART.o
 .debug_line    0x00000f59      0x210 ./source/MCAL/IRQ.o
 .debug_line    0x00001169      0x208 ./source/MCAL/gpio.o
 .debug_line    0x00001371      0x4a2 ./source/App.o
 .debug_line    0x00001813      0x1d4 ./SDK/startup/hardware.o
 .debug_line    0x000019e7      0x175 ./SDK/startup/main.o
 .debug_line    0x00001b5c       0x59 ./SDK/startup/semihost_hardfault.o
 .debug_line    0x00001bb5      0x6d8 ./SDK/startup/startup_mk64f12.o
 .debug_line    0x0000228d      0x1c7 ./SDK/CMSIS/system_MK64F12.o

.debug_str      0x00000000    0x7bdee
 .debug_str     0x00000000    0x76f36 ./source/timers/SysTick.o
                              0x770b4 (size before relaxing)
 .debug_str     0x00076f36     0x3536 ./source/timers/timer.o
                              0x7a5fb (size before relaxing)
 .debug_str     0x0007a46c      0x9c5 ./source/protocols/uart.o
                              0x779e1 (size before relaxing)
 .debug_str     0x0007ae31      0x286 ./source/drivers/drv_DEVBOARD.o
                              0x77314 (size before relaxing)
 .debug_str     0x0007b0b7       0xb3 ./source/drivers/drv_K64.o
                              0x77386 (size before relaxing)
 .debug_str     0x0007b16a       0xba ./source/drivers/drv_UART.o
                              0x77174 (size before relaxing)
 .debug_str     0x0007b224       0x9a ./source/MCAL/IRQ.o
                              0x77129 (size before relaxing)
 .debug_str     0x0007b2be       0x9b ./source/MCAL/gpio.o
                              0x777ff (size before relaxing)
 .debug_str     0x0007b359      0x128 ./source/App.o
                              0x7a9ef (size before relaxing)
 .debug_str     0x0007b481      0x16f ./SDK/startup/hardware.o
                              0x771f8 (size before relaxing)
 .debug_str     0x0007b5f0       0x1b ./SDK/startup/main.o
                              0x76fcc (size before relaxing)
 .debug_str     0x0007b60b       0x36 ./SDK/startup/semihost_hardfault.o
                               0x2d32 (size before relaxing)
 .debug_str     0x0007b641      0x74b ./SDK/startup/startup_mk64f12.o
                               0x35a0 (size before relaxing)
 .debug_str     0x0007bd8c       0x62 ./SDK/CMSIS/system_MK64F12.o
                              0x77107 (size before relaxing)

.comment        0x00000000       0x7e
 .comment       0x00000000       0x7e ./source/timers/SysTick.o
                                 0x7f (size before relaxing)
 .comment       0x0000007e       0x7f ./source/timers/timer.o
 .comment       0x0000007e       0x7f ./source/protocols/uart.o
 .comment       0x0000007e       0x7f ./source/drivers/drv_DEVBOARD.o
 .comment       0x0000007e       0x7f ./source/drivers/drv_K64.o
 .comment       0x0000007e       0x7f ./source/drivers/drv_UART.o
 .comment       0x0000007e       0x7f ./source/MCAL/IRQ.o
 .comment       0x0000007e       0x7f ./source/MCAL/gpio.o
 .comment       0x0000007e       0x7f ./source/App.o
 .comment       0x0000007e       0x7f ./SDK/startup/hardware.o
 .comment       0x0000007e       0x7f ./SDK/startup/main.o
 .comment       0x0000007e       0x7f ./SDK/startup/semihost_hardfault.o
 .comment       0x0000007e       0x7f ./SDK/startup/startup_mk64f12.o
 .comment       0x0000007e       0x7f ./SDK/CMSIS/system_MK64F12.o

.ARM.attributes
                0x00000000       0x39
 .ARM.attributes
                0x00000000       0x39 ./source/timers/SysTick.o
 .ARM.attributes
                0x00000039       0x39 ./source/timers/timer.o
 .ARM.attributes
                0x00000072       0x39 ./source/protocols/uart.o
 .ARM.attributes
                0x000000ab       0x39 ./source/drivers/drv_DEVBOARD.o
 .ARM.attributes
                0x000000e4       0x39 ./source/drivers/drv_K64.o
 .ARM.attributes
                0x0000011d       0x39 ./source/drivers/drv_UART.o
 .ARM.attributes
                0x00000156       0x39 ./source/MCAL/IRQ.o
 .ARM.attributes
                0x0000018f       0x39 ./source/MCAL/gpio.o
 .ARM.attributes
                0x000001c8       0x39 ./source/App.o
 .ARM.attributes
                0x00000201       0x39 ./SDK/startup/hardware.o
 .ARM.attributes
                0x0000023a       0x39 ./SDK/startup/main.o
 .ARM.attributes
                0x00000273       0x39 ./SDK/startup/semihost_hardfault.o
 .ARM.attributes
                0x000002ac       0x39 ./SDK/startup/startup_mk64f12.o
 .ARM.attributes
                0x000002e5       0x39 ./SDK/CMSIS/system_MK64F12.o

.debug_frame    0x00000000     0x138c
 .debug_frame   0x00000000       0x64 ./source/timers/SysTick.o
 .debug_frame   0x00000064      0x138 ./source/timers/timer.o
 .debug_frame   0x0000019c      0x27c ./source/protocols/uart.o
 .debug_frame   0x00000418       0x30 ./source/drivers/drv_DEVBOARD.o
 .debug_frame   0x00000448      0x128 ./source/drivers/drv_K64.o
 .debug_frame   0x00000570       0x7c ./source/drivers/drv_UART.o
 .debug_frame   0x000005ec      0x150 ./source/MCAL/IRQ.o
 .debug_frame   0x0000073c       0xfc ./source/MCAL/gpio.o
 .debug_frame   0x00000838      0x120 ./source/App.o
 .debug_frame   0x00000958       0x70 ./SDK/startup/hardware.o
 .debug_frame   0x000009c8       0x2c ./SDK/startup/main.o
 .debug_frame   0x000009f4       0x20 ./SDK/startup/semihost_hardfault.o
 .debug_frame   0x00000a14      0x904 ./SDK/startup/startup_mk64f12.o
 .debug_frame   0x00001318       0x74 ./SDK/CMSIS/system_MK64F12.o
