Archive member included to satisfy reference by file (symbol)

c:/nxp/mcuxpressoide_10.2.0_759/ide/tools/bin/../lib/gcc/arm-none-eabi/7.2.1/../../../../arm-none-eabi/lib/thumb/v7e-m/fpv4-sp/hard\libcr_c.a(atan2.o)
                              ./source/App.o (atan2)
c:/nxp/mcuxpressoide_10.2.0_759/ide/tools/bin/../lib/gcc/arm-none-eabi/7.2.1/../../../../arm-none-eabi/lib/thumb/v7e-m/fpv4-sp/hard\libcr_c.a(errno.o)
                              c:/nxp/mcuxpressoide_10.2.0_759/ide/tools/bin/../lib/gcc/arm-none-eabi/7.2.1/../../../../arm-none-eabi/lib/thumb/v7e-m/fpv4-sp/hard\libcr_c.a(atan2.o) (errno)
c:/nxp/mcuxpressoide_10.2.0_759/ide/tools/bin/../lib/gcc/arm-none-eabi/7.2.1/../../../../arm-none-eabi/lib/thumb/v7e-m/fpv4-sp/hard\libcr_c.a(fabs.o)
                              c:/nxp/mcuxpressoide_10.2.0_759/ide/tools/bin/../lib/gcc/arm-none-eabi/7.2.1/../../../../arm-none-eabi/lib/thumb/v7e-m/fpv4-sp/hard\libcr_c.a(atan2.o) (fabs)
c:/nxp/mcuxpressoide_10.2.0_759/ide/tools/bin/../lib/gcc/arm-none-eabi/7.2.1/../../../../arm-none-eabi/lib/thumb/v7e-m/fpv4-sp/hard\libcr_c.a(sqrt.o)
                              ./source/App.o (sqrt)
c:/nxp/mcuxpressoide_10.2.0_759/ide/tools/bin/../lib/gcc/arm-none-eabi/7.2.1/../../../../arm-none-eabi/lib/thumb/v7e-m/fpv4-sp/hard\libcr_c.a(_hugeval.o)
                              c:/nxp/mcuxpressoide_10.2.0_759/ide/tools/bin/../lib/gcc/arm-none-eabi/7.2.1/../../../../arm-none-eabi/lib/thumb/v7e-m/fpv4-sp/hard\libcr_c.a(atan2.o) (__huge_val)
c:/nxp/mcuxpressoide_10.2.0_759/ide/tools/bin/../lib/gcc/arm-none-eabi/7.2.1/../../../../arm-none-eabi/lib/thumb/v7e-m/fpv4-sp/hard\libcr_c.a(atan.o)
                              c:/nxp/mcuxpressoide_10.2.0_759/ide/tools/bin/../lib/gcc/arm-none-eabi/7.2.1/../../../../arm-none-eabi/lib/thumb/v7e-m/fpv4-sp/hard\libcr_c.a(atan2.o) (atan)
c:/nxp/mcuxpressoide_10.2.0_759/ide/tools/bin/../lib/gcc/arm-none-eabi/7.2.1/thumb/v7e-m/fpv4-sp/hard\libcr_eabihelpers.a(double.o)
                              ./source/drivers/drv_FXOS8700CQ.o (__aeabi_dmul)

Discarded input sections

 .group         0x00000000        0xc ./source/timers/SysTick.o
 .group         0x00000000        0xc ./source/timers/SysTick.o
 .group         0x00000000        0xc ./source/timers/SysTick.o
 .group         0x00000000        0xc ./source/timers/SysTick.o
 .group         0x00000000        0xc ./source/timers/SysTick.o
 .group         0x00000000        0xc ./source/timers/SysTick.o
 .group         0x00000000        0xc ./source/timers/SysTick.o
 .group         0x00000000        0xc ./source/timers/SysTick.o
 .group         0x00000000        0xc ./source/timers/SysTick.o
 .group         0x00000000        0xc ./source/timers/SysTick.o
 .group         0x00000000        0xc ./source/timers/SysTick.o
 .group         0x00000000        0xc ./source/timers/SysTick.o
 .group         0x00000000        0xc ./source/timers/SysTick.o
 .text          0x00000000        0x0 ./source/timers/SysTick.o
 .data          0x00000000        0x0 ./source/timers/SysTick.o
 .bss           0x00000000        0x0 ./source/timers/SysTick.o
 .group         0x00000000        0xc ./source/timers/timer.o
 .group         0x00000000        0xc ./source/timers/timer.o
 .group         0x00000000        0xc ./source/timers/timer.o
 .group         0x00000000        0xc ./source/timers/timer.o
 .group         0x00000000        0xc ./source/timers/timer.o
 .group         0x00000000        0xc ./source/timers/timer.o
 .group         0x00000000        0xc ./source/timers/timer.o
 .group         0x00000000        0xc ./source/timers/timer.o
 .group         0x00000000        0xc ./source/timers/timer.o
 .group         0x00000000        0xc ./source/timers/timer.o
 .group         0x00000000        0xc ./source/timers/timer.o
 .group         0x00000000        0xc ./source/timers/timer.o
 .group         0x00000000        0xc ./source/timers/timer.o
 .group         0x00000000        0xc ./source/timers/timer.o
 .group         0x00000000        0xc ./source/timers/timer.o
 .group         0x00000000        0xc ./source/timers/timer.o
 .group         0x00000000        0xc ./source/timers/timer.o
 .group         0x00000000        0xc ./source/timers/timer.o
 .group         0x00000000        0xc ./source/timers/timer.o
 .group         0x00000000        0xc ./source/timers/timer.o
 .group         0x00000000        0xc ./source/timers/timer.o
 .group         0x00000000        0xc ./source/timers/timer.o
 .group         0x00000000        0xc ./source/timers/timer.o
 .group         0x00000000        0xc ./source/timers/timer.o
 .group         0x00000000        0xc ./source/timers/timer.o
 .group         0x00000000        0xc ./source/timers/timer.o
 .group         0x00000000        0xc ./source/timers/timer.o
 .group         0x00000000        0xc ./source/timers/timer.o
 .group         0x00000000        0xc ./source/timers/timer.o
 .group         0x00000000        0xc ./source/timers/timer.o
[...]
Memory Configuration

Name             Origin             Length             Attributes
PROGRAM_FLASH    0x00000000         0x00100000         xr
SRAM_UPPER       0x20000000         0x00030000         xrw
SRAM_LOWER       0x1fff0000         0x00010000         xrw
FLEX_RAM         0x14000000         0x00001000         xrw
*default*        0x00000000         0xffffffff

Linker script and memory map

LOAD ./source/timers/SysTick.o
LOAD ./source/timers/timer.o
LOAD ./source/protocols/CAN.o
LOAD ./source/protocols/I2C.o
LOAD ./source/protocols/uart.o
LOAD ./source/drivers/drv_CAN.o
LOAD ./source/drivers/drv_DEVBOARD.o
LOAD ./source/drivers/drv_FXOS8700CQ.o
LOAD ./source/drivers/drv_I2C.o
LOAD ./source/drivers/drv_K64.o
LOAD ./source/drivers/drv_UART.o
LOAD ./source/MCAL/IRQ.o
LOAD ./source/MCAL/gpio.o
LOAD ./source/App.o
LOAD ./SDK/startup/hardware.o
LOAD ./SDK/startup/main.o
LOAD ./SDK/startup/semihost_hardfault.o
LOAD ./SDK/startup/startup_mk64f12.o
LOAD ./SDK/CMSIS/system_MK64F12.o
START GROUP
LOAD c:/nxp/mcuxpressoide_10.2.0_759/ide/tools/bin/../lib/gcc/arm-none-eabi/7.2.1/../../../../arm-none-eabi/lib/thumb/v7e-m/fpv4-sp/hard\libcr_c.a
LOAD c:/nxp/mcuxpressoide_10.2.0_759/ide/tools/bin/../lib/gcc/arm-none-eabi/7.2.1/thumb/v7e-m/fpv4-sp/hard\libcr_eabihelpers.a
END GROUP
                0x00000000                __base_PROGRAM_FLASH = 0x0
                0x00000000                __base_Flash = 0x0
                0x00100000                __top_PROGRAM_FLASH = 0x100000
                0x00100000                __top_Flash = 0x100000
                0x20000000                __base_SRAM_UPPER = 0x20000000
                0x20000000                __base_RAM = 0x20000000
                0x20030000                __top_SRAM_UPPER = 0x20030000
                0x20030000                __top_RAM = 0x20030000
                0x1fff0000                __base_SRAM_LOWER = 0x1fff0000
                0x1fff0000                __base_RAM2 = 0x1fff0000
                0x20000000                __top_SRAM_LOWER = 0x20000000
                0x20000000                __top_RAM2 = 0x20000000
                0x14000000                __base_FLEX_RAM = 0x14000000
                0x14000000                __base_RAM3 = 0x14000000
                0x14001000                __top_FLEX_RAM = 0x14001000
                0x14001000                __top_RAM3 = 0x14001000

.text           0x00000000     0x26c0
 FILL mask 0xff
                0x00000000                __vectors_start__ = ABSOLUTE (.)
 *(SORT_BY_ALIGNMENT(.isr_vector))
 .isr_vector    0x00000000      0x198 ./SDK/startup/startup_mk64f12.o
                0x00000000                g_pfnVectors
                0x00000000                __Vectors
                0x00000198                . = ALIGN (0x4)
                0x00000198                __section_table_start = .
                0x00000198                __data_section_table = .
                0x00000198        0x4 LONG 0x26c0 LOADADDR (.data)
                0x0000019c        0x4 LONG 0x20000000 ADDR (.data)
                0x000001a0        0x4 LONG 0xb0 SIZEOF (.data)
                0x000001a4        0x4 LONG 0x26c0 LOADADDR (.data_RAM2)
                0x000001a8        0x4 LONG 0x1fff0000 ADDR (.data_RAM2)
                0x000001ac        0x4 LONG 0x0 SIZEOF (.data_RAM2)
                0x000001b0        0x4 LONG 0x26c0 LOADADDR (.data_RAM3)
                0x000001b4        0x4 LONG 0x14000000 ADDR (.data_RAM3)
                0x000001b8        0x4 LONG 0x0 SIZEOF (.data_RAM3)
                0x000001bc                __data_section_table_end = .
                0x000001bc                __bss_section_table = .
                0x000001bc        0x4 LONG 0x200000b0 ADDR (.bss)
                0x000001c0        0x4 LONG 0x788 SIZEOF (.bss)
                0x000001c4        0x4 LONG 0x1fff0000 ADDR (.bss_RAM2)
                0x000001c8        0x4 LONG 0x0 SIZEOF (.bss_RAM2)
                0x000001cc        0x4 LONG 0x14000000 ADDR (.bss_RAM3)
                0x000001d0        0x4 LONG 0x0 SIZEOF (.bss_RAM3)
                0x000001d4                __bss_section_table_end = .
                0x000001d4                __section_table_end = .
 *(SORT_BY_ALIGNMENT(.after_vectors*))
 .after_vectors.reset
                0x000001d4       0x4c ./SDK/startup/startup_mk64f12.o
                0x000001d4                ResetISR
 .after_vectors.init_data
                0x00000220       0x1e ./SDK/startup/startup_mk64f12.o
                0x00000220                data_init
 .after_vectors.init_bss
                0x0000023e       0x12 ./SDK/startup/startup_mk64f12.o
                0x0000023e                bss_init
 .after_vectors
                0x00000250       0x14 ./SDK/startup/startup_mk64f12.o
                0x00000250                NMI_Handler
                0x00000254                MemManage_Handler
                0x00000256                BusFault_Handler
                0x00000258                UsageFault_Handler
                0x0000025a                SVC_Handler
                0x0000025c                DebugMon_Handler
                0x0000025e                PendSV_Handler
                0x00000262                DMA_Error_DriverIRQHandler
                0x00000262                LPTMR0_DriverIRQHandler
                0x00000262                FTM1_DriverIRQHandler
                0x00000262                FTM2_DriverIRQHandler
                0x00000262                PIT2_DriverIRQHandler
                0x00000262                SDHC_DriverIRQHandler
                0x00000262                I2S0_Tx_DriverIRQHandler
                0x00000262                RTC_Seconds_DriverIRQHandler
                0x00000262                DMA6_DriverIRQHandler
                0x00000262                LLWU_DriverIRQHandler
                0x00000262                MCM_DriverIRQHandler
                0x00000262                MCG_DriverIRQHandler
                0x00000262                ENET_1588_Timer_DriverIRQHandler
                0x00000262                I2C2_DriverIRQHandler
                0x00000262                DAC1_DriverIRQHandler
                0x00000262                SPI1_DriverIRQHandler
                0x00000262                CMP1_DriverIRQHandler
                0x00000262                UART5_RX_TX_DriverIRQHandler
                0x00000262                FTM0_DriverIRQHandler
                0x00000262                IntDefaultHandler
                0x00000262                USB0_DriverIRQHandler
                0x00000262                UART5_ERR_DriverIRQHandler
                0x00000262                PORTC_DriverIRQHandler
                0x00000262                DMA11_DriverIRQHandler
                0x00000262                DAC0_DriverIRQHandler
                0x00000262                DMA10_DriverIRQHandler
                0x00000262                CMP2_DriverIRQHandler
                0x00000262                UART2_ERR_DriverIRQHandler
                0x00000262                SPI2_DriverIRQHandler
                0x00000262                LVD_LVW_DriverIRQHandler
                0x00000262                PIT0_DriverIRQHandler
                0x00000262                RNG_DriverIRQHandler
                0x00000262                DMA5_DriverIRQHandler
                0x00000262                DMA12_DriverIRQHandler
                0x00000262                UART2_RX_TX_DriverIRQHandler
                0x00000262                USBDCD_DriverIRQHandler
                0x00000262                UART3_ERR_DriverIRQHandler
                0x00000262                DMA3_DriverIRQHandler
                0x00000262                DMA8_DriverIRQHandler
                0x00000262                DMA9_DriverIRQHandler
                0x00000262                UART0_ERR_DriverIRQHandler
                0x00000262                CMT_DriverIRQHandler
                0x00000262                Reserved71_DriverIRQHandler
                0x00000262                ADC1_DriverIRQHandler
                0x00000262                PORTA_DriverIRQHandler
                0x00000262                DMA14_DriverIRQHandler
                0x00000262                PIT3_DriverIRQHandler
                0x00000262                PIT1_DriverIRQHandler
                0x00000262                WDOG_EWM_DriverIRQHandler
                0x00000262                PDB0_DriverIRQHandler
                0x00000262                RTC_DriverIRQHandler
                0x00000262                I2S0_Rx_DriverIRQHandler
                0x00000262                Read_Collision_DriverIRQHandler
                0x00000262                SWI_DriverIRQHandler
                0x00000262                UART4_RX_TX_DriverIRQHandler
                0x00000262                UART4_ERR_DriverIRQHandler
                0x00000262                PORTB_DriverIRQHandler
                0x00000262                UART0_LON_DriverIRQHandler
                0x00000262                DMA0_DriverIRQHandler
                0x00000262                DMA1_DriverIRQHandler
                0x00000262                I2C1_DriverIRQHandler
                0x00000262                UART3_RX_TX_DriverIRQHandler
                0x00000262                ENET_Receive_DriverIRQHandler
                0x00000262                DMA13_DriverIRQHandler
                0x00000262                ENET_Error_DriverIRQHandler
                0x00000262                DMA15_DriverIRQHandler
                0x00000262                UART0_RX_TX_DriverIRQHandler
                0x00000262                SPI0_DriverIRQHandler
                0x00000262                ADC0_DriverIRQHandler
                0x00000262                CMP0_DriverIRQHandler
                0x00000262                CAN0_DriverIRQHandler
                0x00000262                FTM3_DriverIRQHandler
                0x00000262                DMA4_DriverIRQHandler
                0x00000262                UART1_ERR_DriverIRQHandler
                0x00000262                DMA2_DriverIRQHandler
                0x00000262                ENET_Transmit_DriverIRQHandler
                0x00000262                PORTD_DriverIRQHandler
                0x00000262                PORTE_DriverIRQHandler
                0x00000262                FTFE_DriverIRQHandler
                0x00000262                I2C0_DriverIRQHandler
                0x00000262                DMA7_DriverIRQHandler
                0x00000262                UART1_RX_TX_DriverIRQHandler
                0x00000400                . = 0x400
 *fill*         0x00000264      0x19c ff
                0x00000400                PROVIDE (__FLASH_CONFIG_START__, .)
 *(SORT_BY_ALIGNMENT(.FlashConfig))
 .FlashConfig   0x00000400       0x10 ./SDK/startup/startup_mk64f12.o
                0x00000400                Flash_Config
                0x00000410                PROVIDE (__FLASH_CONFIG_END__, .)
                0x00000001                ASSERT (! ((__FLASH_CONFIG_START__ == __FLASH_CONFIG_END__)), Linker Flash Config Support Enabled, but no .FlashConfig section provided within application)
 *(SORT_BY_ALIGNMENT(.text*))
 .text.SysTick_Init
                0x00000410       0x60 ./source/timers/SysTick.o
                0x00000410                SysTick_Init
 .text.SysTick_Handler
                0x00000470       0x2c ./source/timers/SysTick.o
                0x00000470                SysTick_Handler
 .text.timerInit
                0x0000049c       0x28 ./source/timers/timer.o
                0x0000049c                timerInit
 .text.timerGetId
                0x000004c4       0x5c ./source/timers/timer.o
                0x000004c4                timerGetId
 .text.timerStart
                0x00000520      0x130 ./source/timers/timer.o
                0x00000520                timerStart
 .text.timer_isr
                0x00000650       0xf4 ./source/timers/timer.o
 .text.__NVIC_EnableIRQ
                0x00000744       0x3c ./source/protocols/CAN.o
 .text.initCAN  0x00000780      0x128 ./source/protocols/CAN.o
                0x00000780                initCAN
 .text.enableCAN
                0x000008a8       0x2c ./source/protocols/CAN.o
                0x000008a8                enableCAN
 .text.disableCAN
                0x000008d4       0x30 ./source/protocols/CAN.o
                0x000008d4                disableCAN
 .text.enableCanInterrup
                0x00000904       0x40 ./source/protocols/CAN.o
                0x00000904                enableCanInterrup
 .text.configureCANClock
                0x00000944       0x38 ./source/protocols/CAN.o
                0x00000944                configureCANClock
 .text.defaultCANConfig
                0x0000097c       0x3c ./source/protocols/CAN.o
                0x0000097c                defaultCANConfig
 .text.configRxMB
                0x000009b8       0x70 ./source/protocols/CAN.o
                0x000009b8                configRxMB
 .text.readCAN  0x00000a28      0x154 ./source/protocols/CAN.o
                0x00000a28                readCAN
 .text.CAN0_ORed_Message_buffer_IRQHandler
                0x00000b7c       0x74 ./source/protocols/CAN.o
                0x00000b7c                CAN0_ORed_Message_buffer_IRQHandler
 .text.__NVIC_EnableIRQ
                0x00000bf0       0x3c ./source/protocols/I2C.o
 .text.initI2C  0x00000c2c      0x118 ./source/protocols/I2C.o
                0x00000c2c                initI2C
 .text.i2cDefaultConfig
                0x00000d44       0x60 ./source/protocols/I2C.o
                0x00000d44                i2cDefaultConfig
 .text.i2cLoadCallback
                0x00000da4       0x20 ./source/protocols/I2C.o
                0x00000da4                i2cLoadCallback
 .text.i2cWriteAndRead
                0x00000dc4       0xe0 ./source/protocols/I2C.o
                0x00000dc4                i2cWriteAndRead
 .text.i2cCommunication
                0x00000ea4      0x1c8 ./source/protocols/I2C.o
                0x00000ea4                i2cCommunication
 .text.i2cEndCommunication
                0x0000106c       0x44 ./source/protocols/I2C.o
 .text.I2C0_IRQHandler
                0x000010b0       0x2c ./source/protocols/I2C.o
                0x000010b0                I2C0_IRQHandler
 .text.getFault
                0x000010dc       0x18 ./source/protocols/I2C.o
                0x000010dc                getFault
 .text.__NVIC_EnableIRQ
                0x000010f4       0x3c ./source/protocols/uart.o
 .text.uartInit
                0x00001130      0x1ac ./source/protocols/uart.o
                0x00001130                uartInit
 .text.uartWriteMsg
                0x000012dc      0x13c ./source/protocols/uart.o
                0x000012dc                uartWriteMsg
 .text.uartIsTxMsgComplete
                0x00001418       0x2c ./source/protocols/uart.o
                0x00001418                uartIsTxMsgComplete
 .text.UART_SetBaudRate
                0x00001444       0x98 ./source/protocols/uart.o
                0x00001444                UART_SetBaudRate
 .text.UARTX_IRQ_HANDLER
                0x000014dc      0x204 ./source/protocols/uart.o
                0x000014dc                UARTX_IRQ_HANDLER
 .text.initBoardsCan
                0x000016e0       0x3c ./source/drivers/drv_CAN.o
                0x000016e0                initBoardsCan
 .text.callback
                0x0000171c       0x30 ./source/drivers/drv_CAN.o
                0x0000171c                callback
 .text.configSensor
                0x0000174c      0x19c ./source/drivers/drv_FXOS8700CQ.o
                0x0000174c                configSensor
 .text.callbackIsFinished
                0x000018e8       0x18 ./source/drivers/drv_FXOS8700CQ.o
                0x000018e8                callbackIsFinished
 .text.PORT_ClearInterruptFlag
                0x00001900       0x40 ./source/MCAL/IRQ.o
                0x00001900                PORT_ClearInterruptFlag
 .text.PORTA_IRQHandler
                0x00001940       0x40 ./source/MCAL/IRQ.o
                0x00001940                PORTA_IRQHandler
 .text.PORTB_IRQHandler
                0x00001980       0x40 ./source/MCAL/IRQ.o
                0x00001980                PORTB_IRQHandler
 .text.PORTC_IRQHandler
                0x000019c0       0x40 ./source/MCAL/IRQ.o
                0x000019c0                PORTC_IRQHandler
 .text.PORTD_IRQHandler
                0x00001a00       0x40 ./source/MCAL/IRQ.o
                0x00001a00                PORTD_IRQHandler
 .text.PORTE_IRQHandler
                0x00001a40       0x40 ./source/MCAL/IRQ.o
                0x00001a40                PORTE_IRQHandler
 .text.FindPinNum
                0x00001a80       0x50 ./source/MCAL/IRQ.o
                0x00001a80                FindPinNum
 .text.__NVIC_EnableIRQ
                0x00001ad0       0x3c ./source/MCAL/gpio.o
 .text.gpioMode
                0x00001b0c       0xf4 ./source/MCAL/gpio.o
                0x00001b0c                gpioMode
 .text.gpioIRQ  0x00001c00       0x98 ./source/MCAL/gpio.o
                0x00001c00                gpioIRQ
 .text.gpioWrite
                0x00001c98       0x70 ./source/MCAL/gpio.o
                0x00001c98                gpioWrite
 .text.App_Init
                0x00001d08       0x6c ./source/App.o
                0x00001d08                App_Init
 .text.App_Run  0x00001d74       0x28 ./source/App.o
                0x00001d74                App_Run
 .text.updateDispositives
                0x00001d9c       0x78 ./source/App.o
                0x00001d9c                updateDispositives
 .text.updateMessage4CPU
                0x00001e14      0x1f8 ./source/App.o
                0x00001e14                updateMessage4CPU
 .text.initDispositives
                0x0000200c       0x38 ./source/App.o
                0x0000200c                initDispositives
 .text.initBuffer
                0x00002044       0x5c ./source/App.o
                0x00002044                initBuffer
 .text.callbackTimerTx
                0x000020a0       0x44 ./source/App.o
                0x000020a0                callbackTimerTx
 .text.hw_Init  0x000020e4      0x10c ./SDK/startup/hardware.o
                0x000020e4                hw_Init
 .text.SystemInit
                0x000021f0       0x3c ./SDK/CMSIS/system_MK64F12.o
                0x000021f0                SystemInit
 .text.UART0_RX_TX_IRQHandler
                0x0000222c       0x1e ./source/protocols/uart.o
                0x0000222c                UART0_RX_TX_IRQHandler
 .text.UART1_RX_TX_IRQHandler
                0x0000224a       0x1e ./source/protocols/uart.o
                0x0000224a                UART1_RX_TX_IRQHandler
 .text.UART2_RX_TX_IRQHandler
                0x00002268       0x1e ./source/protocols/uart.o
                0x00002268                UART2_RX_TX_IRQHandler
 .text.UART3_RX_TX_IRQHandler
                0x00002286       0x1e ./source/protocols/uart.o
                0x00002286                UART3_RX_TX_IRQHandler
 .text.UART4_RX_TX_IRQHandler
                0x000022a4       0x1e ./source/protocols/uart.o
                0x000022a4                UART4_RX_TX_IRQHandler
 .text.UART5_RX_TX_IRQHandler
                0x000022c2       0x1e ./source/protocols/uart.o
                0x000022c2                UART5_RX_TX_IRQHandler
 .text.init_DEVBOARD
                0x000022e0        0xe ./source/drivers/drv_DEVBOARD.o
                0x000022e0                init_DEVBOARD
 .text.initSensor
                0x000022ee       0x16 ./source/drivers/drv_FXOS8700CQ.o
                0x000022ee                initSensor
 .text.dataIsReady
                0x00002304       0x1e ./source/drivers/drv_FXOS8700CQ.o
                0x00002304                dataIsReady
 .text.initI2c  0x00002322       0x12 ./source/drivers/drv_I2C.o
                0x00002322                initI2c
 .text.loadCallback
                0x00002334       0x16 ./source/drivers/drv_I2C.o
                0x00002334                loadCallback
 .text.i2cCommunicationHandler
                0x0000234a       0x2c ./source/drivers/drv_I2C.o
                0x0000234a                i2cCommunicationHandler
 .text.init_K64Leds
                0x00002376       0x38 ./source/drivers/drv_K64.o
                0x00002376                init_K64Leds
 .text.initUART
                0x000023ae       0x2c ./source/drivers/drv_UART.o
                0x000023ae                initUART
 .text.sendPackage
                0x000023da       0x28 ./source/drivers/drv_UART.o
                0x000023da                sendPackage
 .text.callbackTimerRx
                0x00002402        0xe ./source/App.o
                0x00002402                callbackTimerRx
 .text.main     0x00002410       0x12 ./SDK/startup/main.o
                0x00002410                main
 .text.HardFault_Handler
                0x00002422       0x2c ./SDK/startup/semihost_hardfault.o
                0x00002422                HardFault_Handler
 .text.DMA0_IRQHandler
                0x0000244e        0x8 ./SDK/startup/startup_mk64f12.o
                0x0000244e                DMA0_IRQHandler
 .text.DMA1_IRQHandler
                0x00002456        0x8 ./SDK/startup/startup_mk64f12.o
                0x00002456                DMA1_IRQHandler
 .text.DMA2_IRQHandler
                0x0000245e        0x8 ./SDK/startup/startup_mk64f12.o
                0x0000245e                DMA2_IRQHandler
 .text.DMA3_IRQHandler
                0x00002466        0x8 ./SDK/startup/startup_mk64f12.o
                0x00002466                DMA3_IRQHandler
 .text.DMA4_IRQHandler
                0x0000246e        0x8 ./SDK/startup/startup_mk64f12.o
                0x0000246e                DMA4_IRQHandler
 .text.DMA5_IRQHandler
                0x00002476        0x8 ./SDK/startup/startup_mk64f12.o
                0x00002476                DMA5_IRQHandler
 .text.DMA6_IRQHandler
                0x0000247e        0x8 ./SDK/startup/startup_mk64f12.o
                0x0000247e                DMA6_IRQHandler
 .text.DMA7_IRQHandler
                0x00002486        0x8 ./SDK/startup/startup_mk64f12.o
                0x00002486                DMA7_IRQHandler
 .text.DMA8_IRQHandler
                0x0000248e        0x8 ./SDK/startup/startup_mk64f12.o
                0x0000248e                DMA8_IRQHandler
 .text.DMA9_IRQHandler
                0x00002496        0x8 ./SDK/startup/startup_mk64f12.o
                0x00002496                DMA9_IRQHandler
 .text.DMA10_IRQHandler
                0x0000249e        0x8 ./SDK/startup/startup_mk64f12.o
                0x0000249e                DMA10_IRQHandler
 .text.DMA11_IRQHandler
                0x000024a6        0x8 ./SDK/startup/startup_mk64f12.o
                0x000024a6                DMA11_IRQHandler
 .text.DMA12_IRQHandler
                0x000024ae        0x8 ./SDK/startup/startup_mk64f12.o
                0x000024ae                DMA12_IRQHandler
 .text.DMA13_IRQHandler
                0x000024b6        0x8 ./SDK/startup/startup_mk64f12.o
                0x000024b6                DMA13_IRQHandler
 .text.DMA14_IRQHandler
                0x000024be        0x8 ./SDK/startup/startup_mk64f12.o
                0x000024be                DMA14_IRQHandler
 .text.DMA15_IRQHandler
                0x000024c6        0x8 ./SDK/startup/startup_mk64f12.o
                0x000024c6                DMA15_IRQHandler
 .text.DMA_Error_IRQHandler
                0x000024ce        0x8 ./SDK/startup/startup_mk64f12.o
                0x000024ce                DMA_Error_IRQHandler
 .text.MCM_IRQHandler
                0x000024d6        0x8 ./SDK/startup/startup_mk64f12.o
                0x000024d6                MCM_IRQHandler
 .text.FTFE_IRQHandler
                0x000024de        0x8 ./SDK/startup/startup_mk64f12.o
                0x000024de                FTFE_IRQHandler
 .text.Read_Collision_IRQHandler
                0x000024e6        0x8 ./SDK/startup/startup_mk64f12.o
                0x000024e6                Read_Collision_IRQHandler
 .text.LVD_LVW_IRQHandler
                0x000024ee        0x8 ./SDK/startup/startup_mk64f12.o
                0x000024ee                LVD_LVW_IRQHandler
 .text.LLWU_IRQHandler
                0x000024f6        0x8 ./SDK/startup/startup_mk64f12.o
                0x000024f6                LLWU_IRQHandler
 .text.WDOG_EWM_IRQHandler
                0x000024fe        0x8 ./SDK/startup/startup_mk64f12.o
                0x000024fe                WDOG_EWM_IRQHandler
 .text.RNG_IRQHandler
                0x00002506        0x8 ./SDK/startup/startup_mk64f12.o
                0x00002506                RNG_IRQHandler
 .text.I2C1_IRQHandler
                0x0000250e        0x8 ./SDK/startup/startup_mk64f12.o
                0x0000250e                I2C1_IRQHandler
 .text.SPI0_IRQHandler
                0x00002516        0x8 ./SDK/startup/startup_mk64f12.o
                0x00002516                SPI0_IRQHandler
 .text.SPI1_IRQHandler
                0x0000251e        0x8 ./SDK/startup/startup_mk64f12.o
                0x0000251e                SPI1_IRQHandler
 .text.I2S0_Tx_IRQHandler
                0x00002526        0x8 ./SDK/startup/startup_mk64f12.o
                0x00002526                I2S0_Tx_IRQHandler
 .text.I2S0_Rx_IRQHandler
                0x0000252e        0x8 ./SDK/startup/startup_mk64f12.o
                0x0000252e                I2S0_Rx_IRQHandler
 .text.UART0_LON_IRQHandler
                0x00002536        0x8 ./SDK/startup/startup_mk64f12.o
                0x00002536                UART0_LON_IRQHandler
 .text.UART0_ERR_IRQHandler
                0x0000253e        0x8 ./SDK/startup/startup_mk64f12.o
                0x0000253e                UART0_ERR_IRQHandler
 .text.UART1_ERR_IRQHandler
                0x00002546        0x8 ./SDK/startup/startup_mk64f12.o
                0x00002546                UART1_ERR_IRQHandler
 .text.UART2_ERR_IRQHandler
                0x0000254e        0x8 ./SDK/startup/startup_mk64f12.o
                0x0000254e                UART2_ERR_IRQHandler
 .text.UART3_ERR_IRQHandler
                0x00002556        0x8 ./SDK/startup/startup_mk64f12.o
                0x00002556                UART3_ERR_IRQHandler
 .text.ADC0_IRQHandler
                0x0000255e        0x8 ./SDK/startup/startup_mk64f12.o
                0x0000255e                ADC0_IRQHandler
 .text.CMP0_IRQHandler
                0x00002566        0x8 ./SDK/startup/startup_mk64f12.o
                0x00002566                CMP0_IRQHandler
 .text.CMP1_IRQHandler
                0x0000256e        0x8 ./SDK/startup/startup_mk64f12.o
                0x0000256e                CMP1_IRQHandler
 .text.FTM0_IRQHandler
                0x00002576        0x8 ./SDK/startup/startup_mk64f12.o
                0x00002576                FTM0_IRQHandler
 .text.FTM1_IRQHandler
                0x0000257e        0x8 ./SDK/startup/startup_mk64f12.o
                0x0000257e                FTM1_IRQHandler
 .text.FTM2_IRQHandler
                0x00002586        0x8 ./SDK/startup/startup_mk64f12.o
                0x00002586                FTM2_IRQHandler
 .text.CMT_IRQHandler
                0x0000258e        0x8 ./SDK/startup/startup_mk64f12.o
                0x0000258e                CMT_IRQHandler
 .text.RTC_IRQHandler
                0x00002596        0x8 ./SDK/startup/startup_mk64f12.o
                0x00002596                RTC_IRQHandler
 .text.RTC_Seconds_IRQHandler
                0x0000259e        0x8 ./SDK/startup/startup_mk64f12.o
                0x0000259e                RTC_Seconds_IRQHandler
 .text.PIT0_IRQHandler
                0x000025a6        0x8 ./SDK/startup/startup_mk64f12.o
                0x000025a6                PIT0_IRQHandler
 .text.PIT1_IRQHandler
                0x000025ae        0x8 ./SDK/startup/startup_mk64f12.o
                0x000025ae                PIT1_IRQHandler
 .text.PIT2_IRQHandler
                0x000025b6        0x8 ./SDK/startup/startup_mk64f12.o
                0x000025b6                PIT2_IRQHandler
 .text.PIT3_IRQHandler
                0x000025be        0x8 ./SDK/startup/startup_mk64f12.o
                0x000025be                PIT3_IRQHandler
 .text.PDB0_IRQHandler
                0x000025c6        0x8 ./SDK/startup/startup_mk64f12.o
                0x000025c6                PDB0_IRQHandler
 .text.USB0_IRQHandler
                0x000025ce        0x8 ./SDK/startup/startup_mk64f12.o
                0x000025ce                USB0_IRQHandler
 .text.USBDCD_IRQHandler
                0x000025d6        0x8 ./SDK/startup/startup_mk64f12.o
                0x000025d6                USBDCD_IRQHandler
 .text.Reserved71_IRQHandler
                0x000025de        0x8 ./SDK/startup/startup_mk64f12.o
                0x000025de                Reserved71_IRQHandler
 .text.DAC0_IRQHandler
                0x000025e6        0x8 ./SDK/startup/startup_mk64f12.o
                0x000025e6                DAC0_IRQHandler
 .text.MCG_IRQHandler
                0x000025ee        0x8 ./SDK/startup/startup_mk64f12.o
                0x000025ee                MCG_IRQHandler
 .text.LPTMR0_IRQHandler
                0x000025f6        0x8 ./SDK/startup/startup_mk64f12.o
                0x000025f6                LPTMR0_IRQHandler
 .text.SWI_IRQHandler
                0x000025fe        0x8 ./SDK/startup/startup_mk64f12.o
                0x000025fe                SWI_IRQHandler
 .text.SPI2_IRQHandler
                0x00002606        0x8 ./SDK/startup/startup_mk64f12.o
                0x00002606                SPI2_IRQHandler
 .text.UART4_ERR_IRQHandler
                0x0000260e        0x8 ./SDK/startup/startup_mk64f12.o
                0x0000260e                UART4_ERR_IRQHandler
 .text.UART5_ERR_IRQHandler
                0x00002616        0x8 ./SDK/startup/startup_mk64f12.o
                0x00002616                UART5_ERR_IRQHandler
 .text.CMP2_IRQHandler
                0x0000261e        0x8 ./SDK/startup/startup_mk64f12.o
                0x0000261e                CMP2_IRQHandler
 .text.FTM3_IRQHandler
                0x00002626        0x8 ./SDK/startup/startup_mk64f12.o
                0x00002626                FTM3_IRQHandler
 .text.DAC1_IRQHandler
                0x0000262e        0x8 ./SDK/startup/startup_mk64f12.o
                0x0000262e                DAC1_IRQHandler
 .text.ADC1_IRQHandler
                0x00002636        0x8 ./SDK/startup/startup_mk64f12.o
                0x00002636                ADC1_IRQHandler
 .text.I2C2_IRQHandler
                0x0000263e        0x8 ./SDK/startup/startup_mk64f12.o
                0x0000263e                I2C2_IRQHandler
 .text.CAN0_Bus_Off_IRQHandler
                0x00002646        0x8 ./SDK/startup/startup_mk64f12.o
                0x00002646                CAN0_Bus_Off_IRQHandler
 .text.CAN0_Error_IRQHandler
                0x0000264e        0x8 ./SDK/startup/startup_mk64f12.o
                0x0000264e                CAN0_Error_IRQHandler
 .text.CAN0_Tx_Warning_IRQHandler
                0x00002656        0x8 ./SDK/startup/startup_mk64f12.o
                0x00002656                CAN0_Tx_Warning_IRQHandler
 .text.CAN0_Rx_Warning_IRQHandler
                0x0000265e        0x8 ./SDK/startup/startup_mk64f12.o
                0x0000265e                CAN0_Rx_Warning_IRQHandler
 .text.CAN0_Wake_Up_IRQHandler
                0x00002666        0x8 ./SDK/startup/startup_mk64f12.o
                0x00002666                CAN0_Wake_Up_IRQHandler
 .text.SDHC_IRQHandler
                0x0000266e        0x8 ./SDK/startup/startup_mk64f12.o
                0x0000266e                SDHC_IRQHandler
 .text.ENET_1588_Timer_IRQHandler
                0x00002676        0x8 ./SDK/startup/startup_mk64f12.o
                0x00002676                ENET_1588_Timer_IRQHandler
 .text.ENET_Transmit_IRQHandler
                0x0000267e        0x8 ./SDK/startup/startup_mk64f12.o
                0x0000267e                ENET_Transmit_IRQHandler
 .text.ENET_Receive_IRQHandler
                0x00002686        0x8 ./SDK/startup/startup_mk64f12.o
                0x00002686                ENET_Receive_IRQHandler
 .text.ENET_Error_IRQHandler
                0x0000268e        0x8 ./SDK/startup/startup_mk64f12.o
                0x0000268e                ENET_Error_IRQHandler
 .text.SystemInitHook
                0x00002696        0xe ./SDK/CMSIS/system_MK64F12.o
                0x00002696                SystemInitHook
 *(SORT_BY_ALIGNMENT(.rodata) SORT_BY_ALIGNMENT(.rodata.*) SORT_BY_ALIGNMENT(.constdata) SORT_BY_ALIGNMENT(.constdata.*))
 .rodata        0x000026a4       0x14 ./source/protocols/CAN.o
 .rodata.IRQn   0x000026b8        0x6 ./source/protocols/uart.o
                0x000026c0                . = ALIGN (0x8)
 *fill*         0x000026be        0x2 ff

.glue_7         0x000026c0        0x0
 .glue_7        0x000026c0        0x0 linker stubs

.glue_7t        0x000026c0        0x0
 .glue_7t       0x000026c0        0x0 linker stubs

.vfp11_veneer   0x000026c0        0x0
 .vfp11_veneer  0x000026c0        0x0 linker stubs

.v4_bx          0x000026c0        0x0
 .v4_bx         0x000026c0        0x0 linker stubs

.iplt           0x000026c0        0x0
 .iplt          0x000026c0        0x0 ./source/timers/SysTick.o

.rel.dyn        0x000026c0        0x0
 .rel.iplt      0x000026c0        0x0 ./source/timers/SysTick.o

.ARM.extab
 *(SORT_BY_ALIGNMENT(.ARM.extab*) SORT_BY_ALIGNMENT(.gnu.linkonce.armextab.*))
                0x000026c0                __exidx_start = .

.ARM.exidx
 *(SORT_BY_ALIGNMENT(.ARM.exidx*) SORT_BY_ALIGNMENT(.gnu.linkonce.armexidx.*))
                0x000026c0                __exidx_end = .
                0x000026c0                _etext = .

.m_usb_data
 *(SORT_BY_ALIGNMENT(m_usb_bdt))

.data_RAM2      0x1fff0000        0x0 load address 0x000026c0
 FILL mask 0xff
                [!provide]                PROVIDE (__start_data_RAM2, .)
 *(SORT_BY_ALIGNMENT(.ramfunc.$RAM2))
 *(SORT_BY_ALIGNMENT(.ramfunc.$SRAM_LOWER))
 *(SORT_BY_ALIGNMENT(.data.$RAM2*))
 *(SORT_BY_ALIGNMENT(.data.$SRAM_LOWER*))
                0x1fff0000                . = ALIGN (0x8)
                [!provide]                PROVIDE (__end_data_RAM2, .)

.data_RAM3      0x14000000        0x0 load address 0x000026c0
 FILL mask 0xff
                [!provide]                PROVIDE (__start_data_RAM3, .)
 *(SORT_BY_ALIGNMENT(.ramfunc.$RAM3))
 *(SORT_BY_ALIGNMENT(.ramfunc.$FLEX_RAM))
 *(SORT_BY_ALIGNMENT(.data.$RAM3*))
 *(SORT_BY_ALIGNMENT(.data.$FLEX_RAM*))
                0x14000000                . = ALIGN (0x8)
                [!provide]                PROVIDE (__end_data_RAM3, .)

.uninit_RESERVED
                0x20000000        0x0
 *(SORT_BY_ALIGNMENT(.bss.$RESERVED*))
                0x20000000                . = ALIGN (0x4)
                0x20000000                _end_uninit_RESERVED = .

.data           0x20000000       0xb0 load address 0x000026c0
 FILL mask 0xff
                0x20000000                _data = .
 *(SORT_BY_ALIGNMENT(vtable))
 *(SORT_BY_ALIGNMENT(.ramfunc*))
 *(SORT_BY_ALIGNMENT(.data*))
 .data.SIM_MASK
                0x20000000       0x18 ./source/protocols/uart.o
 .data.SIM_PTR  0x20000018        0x4 ./source/protocols/uart.o
 .data.UART_POINTERS
                0x2000001c       0x18 ./source/protocols/uart.o
 .data.PORT_PTRS
                0x20000034       0x18 ./source/protocols/uart.o
 .data.PORT_PTRS
                0x2000004c       0x14 ./source/MCAL/IRQ.o
 .data.SIM_MASK
                0x20000060       0x14 ./source/MCAL/gpio.o
 .data.SIM_PTR  0x20000074        0x4 ./source/MCAL/gpio.o
 .data.GPIO_PTRS
                0x20000078       0x14 ./source/MCAL/gpio.o
 .data.PORT_PTRS
                0x2000008c       0x14 ./source/MCAL/gpio.o
 .data.PORTS_IRQ
                0x200000a0        0x5 ./source/MCAL/gpio.o
 *fill*         0x200000a5        0x3 ff
 .data.messagePointer
                0x200000a8        0x4 ./source/App.o
 .data.timers_cant
                0x200000ac        0x1 ./source/timers/timer.o
                0x200000b0                . = ALIGN (0x8)
 *fill*         0x200000ad        0x3 ff
                0x200000b0                _edata = .

.igot.plt       0x200000b0        0x0 load address 0x00002770
 .igot.plt      0x200000b0        0x0 ./source/timers/SysTick.o

.bss_RAM2       0x1fff0000        0x0
                [!provide]                PROVIDE (__start_bss_RAM2, .)
 *(SORT_BY_ALIGNMENT(.bss.$RAM2*))
 *(SORT_BY_ALIGNMENT(.bss.$SRAM_LOWER*))
                0x1fff0000                . = ALIGN ((. != 0x0)?0x8:0x1)
                [!provide]                PROVIDE (__end_bss_RAM2, .)

.bss_RAM3       0x14000000        0x0
                [!provide]                PROVIDE (__start_bss_RAM3, .)
 *(SORT_BY_ALIGNMENT(.bss.$RAM3*))
 *(SORT_BY_ALIGNMENT(.bss.$FLEX_RAM*))
                0x14000000                . = ALIGN ((. != 0x0)?0x8:0x1)
                [!provide]                PROVIDE (__end_bss_RAM3, .)

.bss            0x200000b0      0x788
                0x200000b0                _bss = .
 *(SORT_BY_ALIGNMENT(.bss*))
 .bss.ptr_to_fun_systick
                0x200000b0        0x4 ./source/timers/SysTick.o
                0x200000b0                ptr_to_fun_systick
 .bss.timers    0x200000b4      0x100 ./source/timers/timer.o
 .bss.callbacks
                0x200001b4       0x40 ./source/protocols/CAN.o
 .bss.isrI2cConfig
                0x200001f4       0x18 ./source/protocols/I2C.o
 .bss.buffer    0x2000020c        0xc ./source/protocols/I2C.o
 .bss.rx        0x20000218       0xf0 ./source/protocols/uart.o
 .bss.tx        0x20000308       0xf0 ./source/protocols/uart.o
 .bss.MbBuffer  0x200003f8      0x100 ./source/drivers/drv_CAN.o
 .bss.i2cSensor
                0x200004f8        0x1 ./source/drivers/drv_FXOS8700CQ.o
 *fill*         0x200004f9        0x3 
 .bss.PTRS_TO_FUN
                0x200004fc      0x280 ./source/MCAL/gpio.o
                0x200004fc                PTRS_TO_FUN
 .bss.dispositives
                0x2000077c       0x38 ./source/App.o
 .bss.buffer    0x200007b4       0x38 ./source/App.o
 .bss.message4CPU
                0x200007ec       0x46 ./source/App.o
 .bss.yaInit.6772
                0x20000832        0x1 ./source/timers/SysTick.o
 .bss.yaInit.7447
                0x20000833        0x1 ./source/timers/timer.o
 .bss.timerTx   0x20000834        0x1 ./source/App.o
 .bss.timerRx   0x20000835        0x1 ./source/App.o
 .bss.sensorInit
                0x20000836        0x1 ./source/App.o
 *(SORT_BY_ALIGNMENT(COMMON))
                0x20000838                . = ALIGN (0x8)
 *fill*         0x20000837        0x1 
                0x20000838                _ebss = .
                [!provide]                PROVIDE (end, .)

.noinit_RAM2    0x1fff0000        0x0
 *(SORT_BY_ALIGNMENT(.noinit.$RAM2*))
 *(SORT_BY_ALIGNMENT(.noinit.$SRAM_LOWER*))
                0x1fff0000                . = ALIGN (0x8)

.noinit_RAM3    0x14000000        0x0
 *(SORT_BY_ALIGNMENT(.noinit.$RAM3*))
 *(SORT_BY_ALIGNMENT(.noinit.$FLEX_RAM*))
                0x14000000                . = ALIGN (0x8)

.noinit         0x20000838        0x0
                0x20000838                _noinit = .
 *(SORT_BY_ALIGNMENT(.noinit*))
                0x20000838                . = ALIGN (0x8)
                0x20000838                _end_noinit = .
                0x00001000                _HeapSize = 0x1000

.heap           0x20000838     0x1000
                0x20000838                _pvHeapStart = .
                0x20001838                . = (. + _HeapSize)
 *fill*         0x20000838     0x1000 
                0x20001838                . = ALIGN (0x8)
                0x20001838                _pvHeapLimit = .
                0x00001000                _StackSize = 0x1000

.heap2stackfill
                0x20001838     0x1000
                0x20002838                . = (. + _StackSize)
 *fill*         0x20001838     0x1000 

.stack          0x2002f000        0x0
                0x2002f000                _vStackBase = .
                0x2002f000                . = ALIGN (0x8)
                0x20030000                _vStackTop = (. + _StackSize)
                0x00000000                _image_start = LOADADDR (.text)
                0x00002770                _image_end = (LOADADDR (.data) + SIZEOF (.data))
                0x00002770                _image_size = (_image_end - _image_start)
OUTPUT(UART.axf elf32-littlearm)

.debug_info     0x00000000     0x8161
 .debug_info    0x00000000      0x15f ./source/timers/SysTick.o
 .debug_info    0x0000015f      0xb7b ./source/timers/timer.o
 .debug_info    0x00000cda      0xdc6 ./source/protocols/CAN.o
 .debug_info    0x00001aa0     0x13ca ./source/protocols/I2C.o
 .debug_info    0x00002e6a      0xd5c ./source/protocols/uart.o
 .debug_info    0x00003bc6      0x3ef ./source/drivers/drv_CAN.o
 .debug_info    0x00003fb5       0xe0 ./source/drivers/drv_DEVBOARD.o
 .debug_info    0x00004095      0xbf0 ./source/drivers/drv_FXOS8700CQ.o
 .debug_info    0x00004c85      0x1df ./source/drivers/drv_I2C.o
 .debug_info    0x00004e64      0x1a0 ./source/drivers/drv_K64.o
 .debug_info    0x00005004      0x19c ./source/drivers/drv_UART.o
 .debug_info    0x000051a0      0x32f ./source/MCAL/IRQ.o
 .debug_info    0x000054cf      0x9ae ./source/MCAL/gpio.o
 .debug_info    0x00005e7d      0xcd1 ./source/App.o
 .debug_info    0x00006b4e      0x675 ./SDK/startup/hardware.o
 .debug_info    0x000071c3       0xb7 ./SDK/startup/main.o
 .debug_info    0x0000727a       0x3b ./SDK/startup/semihost_hardfault.o
 .debug_info    0x000072b5      0x8b0 ./SDK/startup/startup_mk64f12.o
 .debug_info    0x00007b65      0x5fc ./SDK/CMSIS/system_MK64F12.o

.debug_abbrev   0x00000000     0x1d46
 .debug_abbrev  0x00000000      0x115 ./source/timers/SysTick.o
 .debug_abbrev  0x00000115      0x2b2 ./source/timers/timer.o
 .debug_abbrev  0x000003c7      0x2a0 ./source/protocols/CAN.o
 .debug_abbrev  0x00000667      0x2e7 ./source/protocols/I2C.o
 .debug_abbrev  0x0000094e      0x24e ./source/protocols/uart.o
 .debug_abbrev  0x00000b9c      0x18d ./source/drivers/drv_CAN.o
 .debug_abbrev  0x00000d29       0x9d ./source/drivers/drv_DEVBOARD.o
 .debug_abbrev  0x00000dc6      0x270 ./source/drivers/drv_FXOS8700CQ.o
 .debug_abbrev  0x00001036       0xfa ./source/drivers/drv_I2C.o
 .debug_abbrev  0x00001130       0xb7 ./source/drivers/drv_K64.o
 .debug_abbrev  0x000011e7      0x10c ./source/drivers/drv_UART.o
 .debug_abbrev  0x000012f3      0x143 ./source/MCAL/IRQ.o
 .debug_abbrev  0x00001436      0x1df ./source/MCAL/gpio.o
 .debug_abbrev  0x00001615      0x2b2 ./source/App.o
 .debug_abbrev  0x000018c7      0x138 ./SDK/startup/hardware.o
 .debug_abbrev  0x000019ff       0x7d ./SDK/startup/main.o
 .debug_abbrev  0x00001a7c       0x2f ./SDK/startup/semihost_hardfault.o
 .debug_abbrev  0x00001aab      0x15c ./SDK/startup/startup_mk64f12.o
 .debug_abbrev  0x00001c07      0x13f ./SDK/CMSIS/system_MK64F12.o

.debug_aranges  0x00000000      0x838
 .debug_aranges
                0x00000000       0x28 ./source/timers/SysTick.o
 .debug_aranges
                0x00000028       0x58 ./source/timers/timer.o
 .debug_aranges
                0x00000080       0x78 ./source/protocols/CAN.o
 .debug_aranges
                0x000000f8       0x60 ./source/protocols/I2C.o
 .debug_aranges
                0x00000158       0x90 ./source/protocols/uart.o
 .debug_aranges
                0x000001e8       0x38 ./source/drivers/drv_CAN.o
 .debug_aranges
                0x00000220       0x20 ./source/drivers/drv_DEVBOARD.o
 .debug_aranges
                0x00000240       0x50 ./source/drivers/drv_FXOS8700CQ.o
 .debug_aranges
                0x00000290       0x38 ./source/drivers/drv_I2C.o
 .debug_aranges
                0x000002c8       0x68 ./source/drivers/drv_K64.o
 .debug_aranges
                0x00000330       0x30 ./source/drivers/drv_UART.o
 .debug_aranges
                0x00000360       0x50 ./source/MCAL/IRQ.o
 .debug_aranges
                0x000003b0       0x48 ./source/MCAL/gpio.o
 .debug_aranges
                0x000003f8       0x70 ./source/App.o
 .debug_aranges
                0x00000468       0x30 ./SDK/startup/hardware.o
 .debug_aranges
                0x00000498       0x20 ./SDK/startup/main.o
 .debug_aranges
                0x000004b8       0x20 ./SDK/startup/semihost_hardfault.o
 .debug_aranges
                0x000004d8      0x330 ./SDK/startup/startup_mk64f12.o
 .debug_aranges
                0x00000808       0x30 ./SDK/CMSIS/system_MK64F12.o

.debug_ranges   0x00000000      0x708
 .debug_ranges  0x00000000       0x18 ./source/timers/SysTick.o
 .debug_ranges  0x00000018       0x48 ./source/timers/timer.o
 .debug_ranges  0x00000060       0x68 ./source/protocols/CAN.o
 .debug_ranges  0x000000c8       0x50 ./source/protocols/I2C.o
 .debug_ranges  0x00000118       0x80 ./source/protocols/uart.o
 .debug_ranges  0x00000198       0x28 ./source/drivers/drv_CAN.o
 .debug_ranges  0x000001c0       0x10 ./source/drivers/drv_DEVBOARD.o
 .debug_ranges  0x000001d0       0x40 ./source/drivers/drv_FXOS8700CQ.o
 .debug_ranges  0x00000210       0x28 ./source/drivers/drv_I2C.o
 .debug_ranges  0x00000238       0x58 ./source/drivers/drv_K64.o
 .debug_ranges  0x00000290       0x20 ./source/drivers/drv_UART.o
 .debug_ranges  0x000002b0       0x40 ./source/MCAL/IRQ.o
 .debug_ranges  0x000002f0       0x38 ./source/MCAL/gpio.o
 .debug_ranges  0x00000328       0x60 ./source/App.o
 .debug_ranges  0x00000388       0x20 ./SDK/startup/hardware.o
 .debug_ranges  0x000003a8       0x10 ./SDK/startup/main.o
 .debug_ranges  0x000003b8       0x10 ./SDK/startup/semihost_hardfault.o
 .debug_ranges  0x000003c8      0x320 ./SDK/startup/startup_mk64f12.o
 .debug_ranges  0x000006e8       0x20 ./SDK/CMSIS/system_MK64F12.o

.debug_macro    0x00000000    0x13976
 .debug_macro   0x00000000       0xbc ./source/timers/SysTick.o
 .debug_macro   0x000000bc      0xa5a ./source/timers/SysTick.o
 .debug_macro   0x00000b16       0x22 ./source/timers/SysTick.o
 .debug_macro   0x00000b38       0x5c ./source/timers/SysTick.o
 .debug_macro   0x00000b94      0x34e ./source/timers/SysTick.o
 .debug_macro   0x00000ee2       0x1c ./source/timers/SysTick.o
 .debug_macro   0x00000efe       0x22 ./source/timers/SysTick.o
 .debug_macro   0x00000f20       0xdf ./source/timers/SysTick.o
 .debug_macro   0x00000fff      0xecf ./source/timers/SysTick.o
 .debug_macro   0x00001ece       0x48 ./source/timers/SysTick.o
 .debug_macro   0x00001f16     0xe07b ./source/timers/SysTick.o
 .debug_macro   0x0000ff91       0x10 ./source/timers/SysTick.o
 .debug_macro   0x0000ffa1     0x122b ./source/timers/SysTick.o
 .debug_macro   0x000111cc       0x16 ./source/timers/SysTick.o
 .debug_macro   0x000111e2      0x1b0 ./source/timers/timer.o
 .debug_macro   0x00011392       0x17 ./source/timers/timer.o
 .debug_macro   0x000113a9       0x22 ./source/timers/timer.o
 .debug_macro   0x000113cb       0x52 ./source/timers/timer.o
 .debug_macro   0x0001141d       0x8d ./source/timers/timer.o
 .debug_macro   0x000114aa       0x35 ./source/timers/timer.o
 .debug_macro   0x000114df       0x9c ./source/timers/timer.o
 .debug_macro   0x0001157b       0x16 ./source/timers/timer.o
 .debug_macro   0x00011591      0x10e ./source/timers/timer.o
 .debug_macro   0x0001169f       0x8d ./source/timers/timer.o
 .debug_macro   0x0001172c       0x57 ./source/timers/timer.o
 .debug_macro   0x00011783       0x58 ./source/timers/timer.o
 .debug_macro   0x000117db       0x1f ./source/timers/timer.o
 .debug_macro   0x000117fa       0x43 ./source/timers/timer.o
 .debug_macro   0x0001183d       0x20 ./source/timers/timer.o
 .debug_macro   0x0001185d      0x18e ./source/timers/timer.o
 .debug_macro   0x000119eb      0x330 ./source/timers/timer.o
 .debug_macro   0x00011d1b       0x16 ./source/timers/timer.o
 .debug_macro   0x00011d31       0x29 ./source/timers/timer.o
 .debug_macro   0x00011d5a       0x28 ./source/timers/timer.o
 .debug_macro   0x00011d82       0xd9 ./source/timers/timer.o
 .debug_macro   0x00011e5b       0xcb ./source/protocols/CAN.o
 .debug_macro   0x00011f26       0x46 ./source/protocols/CAN.o
 .debug_macro   0x00011f6c      0x100 ./source/protocols/CAN.o
 .debug_macro   0x0001206c       0x1c ./source/protocols/CAN.o
 .debug_macro   0x00012088      0x286 ./source/protocols/I2C.o
 .debug_macro   0x0001230e       0x16 ./source/protocols/I2C.o
 .debug_macro   0x00012324       0x97 ./source/protocols/I2C.o
 .debug_macro   0x000123bb       0xfd ./source/protocols/I2C.o
 .debug_macro   0x000124b8       0x10 ./source/protocols/I2C.o
 .debug_macro   0x000124c8       0x10 ./source/protocols/I2C.o
 .debug_macro   0x000124d8       0x6a ./source/protocols/I2C.o
 .debug_macro   0x00012542       0x1c ./source/protocols/I2C.o
 .debug_macro   0x0001255e       0x52 ./source/protocols/I2C.o
 .debug_macro   0x000125b0       0x40 ./source/protocols/I2C.o
 .debug_macro   0x000125f0       0x10 ./source/protocols/I2C.o
 .debug_macro   0x00012600       0x40 ./source/protocols/I2C.o
 .debug_macro   0x00012640       0xd7 ./source/protocols/I2C.o
 .debug_macro   0x00012717       0x1c ./source/protocols/I2C.o
 .debug_macro   0x00012733       0x3d ./source/protocols/I2C.o
 .debug_macro   0x00012770       0x16 ./source/protocols/I2C.o
 .debug_macro   0x00012786      0x16f ./source/protocols/I2C.o
 .debug_macro   0x000128f5       0x10 ./source/protocols/I2C.o
 .debug_macro   0x00012905       0xc2 ./source/protocols/uart.o
 .debug_macro   0x000129c7       0x22 ./source/protocols/uart.o
 .debug_macro   0x000129e9       0xd7 ./source/drivers/drv_CAN.o
 .debug_macro   0x00012ac0       0x16 ./source/drivers/drv_CAN.o
 .debug_macro   0x00012ad6       0xcc ./source/drivers/drv_DEVBOARD.o
 .debug_macro   0x00012ba2      0x1df ./source/drivers/drv_FXOS8700CQ.o
 .debug_macro   0x00012d81       0x16 ./source/drivers/drv_FXOS8700CQ.o
 .debug_macro   0x00012d97       0xdb ./source/drivers/drv_I2C.o
 .debug_macro   0x00012e72       0xc2 ./source/drivers/drv_K64.o
 .debug_macro   0x00012f34       0xd9 ./source/drivers/drv_UART.o
 .debug_macro   0x0001300d       0x1c ./source/drivers/drv_UART.o
 .debug_macro   0x00013029       0x10 ./source/drivers/drv_UART.o
 .debug_macro   0x00013039       0xb3 ./source/MCAL/IRQ.o
 .debug_macro   0x000130ec       0xaf ./source/MCAL/gpio.o
 .debug_macro   0x0001319b      0x25f ./source/App.o
 .debug_macro   0x000133fa      0x174 ./source/App.o
 .debug_macro   0x0001356e      0x1e1 ./source/App.o
 .debug_macro   0x0001374f       0x35 ./source/App.o
 .debug_macro   0x00013784       0x9c ./SDK/startup/hardware.o
 .debug_macro   0x00013820       0x9c ./SDK/startup/main.o
 .debug_macro   0x000138bc       0x11 ./SDK/startup/semihost_hardfault.o
 .debug_macro   0x000138cd       0x29 ./SDK/startup/startup_mk64f12.o
 .debug_macro   0x000138f6       0x80 ./SDK/CMSIS/system_MK64F12.o

.debug_line     0x00000000     0x35ea
 .debug_line    0x00000000      0x1b0 ./source/timers/SysTick.o
 .debug_line    0x000001b0      0x421 ./source/timers/timer.o
 .debug_line    0x000005d1      0x33a ./source/protocols/CAN.o
 .debug_line    0x0000090b      0x4fe ./source/protocols/I2C.o
 .debug_line    0x00000e09      0x38f ./source/protocols/uart.o
 .debug_line    0x00001198      0x21d ./source/drivers/drv_CAN.o
 .debug_line    0x000013b5      0x1bf ./source/drivers/drv_DEVBOARD.o
 .debug_line    0x00001574      0x490 ./source/drivers/drv_FXOS8700CQ.o
 .debug_line    0x00001a04      0x205 ./source/drivers/drv_I2C.o
 .debug_line    0x00001c09      0x24a ./source/drivers/drv_K64.o
 .debug_line    0x00001e53      0x1f0 ./source/drivers/drv_UART.o
 .debug_line    0x00002043      0x210 ./source/MCAL/IRQ.o
 .debug_line    0x00002253      0x208 ./source/MCAL/gpio.o
 .debug_line    0x0000245b      0x550 ./source/App.o
 .debug_line    0x000029ab      0x1d4 ./SDK/startup/hardware.o
 .debug_line    0x00002b7f      0x173 ./SDK/startup/main.o
 .debug_line    0x00002cf2       0x59 ./SDK/startup/semihost_hardfault.o
 .debug_line    0x00002d4b      0x6d8 ./SDK/startup/startup_mk64f12.o
 .debug_line    0x00003423      0x1c7 ./SDK/CMSIS/system_MK64F12.o

.debug_str      0x00000000    0x7e6ae
 .debug_str     0x00000000    0x76f2d ./source/timers/SysTick.o
                              0x770b4 (size before relaxing)
 .debug_str     0x00076f2d     0x352e ./source/timers/timer.o
                              0x7a5fb (size before relaxing)
 .debug_str     0x0007a45b      0xf26 ./source/protocols/CAN.o
                              0x77f54 (size before relaxing)
 .debug_str     0x0007b381     0x175a ./source/protocols/I2C.o
                              0x7c689 (size before relaxing)
 .debug_str     0x0007cadb      0x257 ./source/protocols/uart.o
                              0x779e1 (size before relaxing)
 .debug_str     0x0007cd32       0xab ./source/drivers/drv_CAN.o
                              0x7773c (size before relaxing)
 .debug_str     0x0007cddd       0x41 ./source/drivers/drv_DEVBOARD.o
                              0x77530 (size before relaxing)
 .debug_str     0x0007ce1e      0x29d ./source/drivers/drv_FXOS8700CQ.o
                              0x7ad1e (size before relaxing)
 .debug_str     0x0007d0bb       0x55 ./source/drivers/drv_I2C.o
                              0x77660 (size before relaxing)
 .debug_str     0x0007d110       0xb3 ./source/drivers/drv_K64.o
                              0x775a2 (size before relaxing)
 .debug_str     0x0007d1c3       0xba ./source/drivers/drv_UART.o
                              0x77174 (size before relaxing)
 .debug_str     0x0007d27d       0x9a ./source/MCAL/IRQ.o
                              0x77129 (size before relaxing)
 .debug_str     0x0007d317       0x9b ./source/MCAL/gpio.o
                              0x777ff (size before relaxing)
 .debug_str     0x0007d3b2      0x9c3 ./source/App.o
                              0x7b610 (size before relaxing)
 .debug_str     0x0007dd75      0x16f ./SDK/startup/hardware.o
                              0x771f8 (size before relaxing)
 .debug_str     0x0007dee4       0x1b ./SDK/startup/main.o
                              0x76fcc (size before relaxing)
 .debug_str     0x0007deff       0x36 ./SDK/startup/semihost_hardfault.o
                               0x2d32 (size before relaxing)
 .debug_str     0x0007df35      0x717 ./SDK/startup/startup_mk64f12.o
                               0x35a0 (size before relaxing)
 .debug_str     0x0007e64c       0x62 ./SDK/CMSIS/system_MK64F12.o
                              0x77107 (size before relaxing)

.comment        0x00000000       0x7e
 .comment       0x00000000       0x7e ./source/timers/SysTick.o
                                 0x7f (size before relaxing)
 .comment       0x0000007e       0x7f ./source/timers/timer.o
 .comment       0x0000007e       0x7f ./source/protocols/CAN.o
 .comment       0x0000007e       0x7f ./source/protocols/I2C.o
 .comment       0x0000007e       0x7f ./source/protocols/uart.o
 .comment       0x0000007e       0x7f ./source/drivers/drv_CAN.o
 .comment       0x0000007e       0x7f ./source/drivers/drv_DEVBOARD.o
 .comment       0x0000007e       0x7f ./source/drivers/drv_FXOS8700CQ.o
 .comment       0x0000007e       0x7f ./source/drivers/drv_I2C.o
 .comment       0x0000007e       0x7f ./source/drivers/drv_K64.o
 .comment       0x0000007e       0x7f ./source/drivers/drv_UART.o
 .comment       0x0000007e       0x7f ./source/MCAL/IRQ.o
 .comment       0x0000007e       0x7f ./source/MCAL/gpio.o
 .comment       0x0000007e       0x7f ./source/App.o
 .comment       0x0000007e       0x7f ./SDK/startup/hardware.o
 .comment       0x0000007e       0x7f ./SDK/startup/main.o
 .comment       0x0000007e       0x7f ./SDK/startup/semihost_hardfault.o
 .comment       0x0000007e       0x7f ./SDK/startup/startup_mk64f12.o
 .comment       0x0000007e       0x7f ./SDK/CMSIS/system_MK64F12.o

.ARM.attributes
                0x00000000       0x39
 .ARM.attributes
                0x00000000       0x39 ./source/timers/SysTick.o
 .ARM.attributes
                0x00000039       0x39 ./source/timers/timer.o
 .ARM.attributes
                0x00000072       0x39 ./source/protocols/CAN.o
 .ARM.attributes
                0x000000ab       0x39 ./source/protocols/I2C.o
 .ARM.attributes
                0x000000e4       0x39 ./source/protocols/uart.o
 .ARM.attributes
                0x0000011d       0x39 ./source/drivers/drv_CAN.o
 .ARM.attributes
                0x00000156       0x39 ./source/drivers/drv_DEVBOARD.o
 .ARM.attributes
                0x0000018f       0x39 ./source/drivers/drv_FXOS8700CQ.o
 .ARM.attributes
                0x000001c8       0x39 ./source/drivers/drv_I2C.o
 .ARM.attributes
                0x00000201       0x39 ./source/drivers/drv_K64.o
 .ARM.attributes
                0x0000023a       0x39 ./source/drivers/drv_UART.o
 .ARM.attributes
                0x00000273       0x39 ./source/MCAL/IRQ.o
 .ARM.attributes
                0x000002ac       0x39 ./source/MCAL/gpio.o
 .ARM.attributes
                0x000002e5       0x39 ./source/App.o
 .ARM.attributes
                0x0000031e       0x39 ./SDK/startup/hardware.o
 .ARM.attributes
                0x00000357       0x39 ./SDK/startup/main.o
 .ARM.attributes
                0x00000390       0x39 ./SDK/startup/semihost_hardfault.o
 .ARM.attributes
                0x000003c9       0x39 ./SDK/startup/startup_mk64f12.o
 .ARM.attributes
                0x00000402       0x39 ./SDK/CMSIS/system_MK64F12.o

.debug_frame    0x00000000     0x19a4
 .debug_frame   0x00000000       0x64 ./source/timers/SysTick.o
 .debug_frame   0x00000064      0x138 ./source/timers/timer.o
 .debug_frame   0x0000019c      0x1e4 ./source/protocols/CAN.o
 .debug_frame   0x00000380      0x164 ./source/protocols/I2C.o
 .debug_frame   0x000004e4      0x27c ./source/protocols/uart.o
 .debug_frame   0x00000760       0xa8 ./source/drivers/drv_CAN.o
 .debug_frame   0x00000808       0x30 ./source/drivers/drv_DEVBOARD.o
 .debug_frame   0x00000838      0x114 ./source/drivers/drv_FXOS8700CQ.o
 .debug_frame   0x0000094c       0x90 ./source/drivers/drv_I2C.o
 .debug_frame   0x000009dc      0x128 ./source/drivers/drv_K64.o
 .debug_frame   0x00000b04       0x7c ./source/drivers/drv_UART.o
 .debug_frame   0x00000b80      0x150 ./source/MCAL/IRQ.o
 .debug_frame   0x00000cd0       0xfc ./source/MCAL/gpio.o
 .debug_frame   0x00000dcc      0x1a4 ./source/App.o
 .debug_frame   0x00000f70       0x70 ./SDK/startup/hardware.o
 .debug_frame   0x00000fe0       0x2c ./SDK/startup/main.o
 .debug_frame   0x0000100c       0x20 ./SDK/startup/semihost_hardfault.o
 .debug_frame   0x0000102c      0x904 ./SDK/startup/startup_mk64f12.o
 .debug_frame   0x00001930       0x74 ./SDK/CMSIS/system_MK64F12.o
