Archive member included to satisfy reference by file (symbol)

c:/nxp/mcuxpressoide_10.2.0_759/ide/tools/bin/../lib/gcc/arm-none-eabi/7.2.1/../../../../arm-none-eabi/lib/thumb/v7e-m/fpv4-sp/hard\libcr_c.a(atan2.o)
                              ./source/App.o (atan2)
c:/nxp/mcuxpressoide_10.2.0_759/ide/tools/bin/../lib/gcc/arm-none-eabi/7.2.1/../../../../arm-none-eabi/lib/thumb/v7e-m/fpv4-sp/hard\libcr_c.a(errno.o)
                              c:/nxp/mcuxpressoide_10.2.0_759/ide/tools/bin/../lib/gcc/arm-none-eabi/7.2.1/../../../../arm-none-eabi/lib/thumb/v7e-m/fpv4-sp/hard\libcr_c.a(atan2.o) (errno)
c:/nxp/mcuxpressoide_10.2.0_759/ide/tools/bin/../lib/gcc/arm-none-eabi/7.2.1/../../../../arm-none-eabi/lib/thumb/v7e-m/fpv4-sp/hard\libcr_c.a(fabs.o)
                              c:/nxp/mcuxpressoide_10.2.0_759/ide/tools/bin/../lib/gcc/arm-none-eabi/7.2.1/../../../../arm-none-eabi/lib/thumb/v7e-m/fpv4-sp/hard\libcr_c.a(atan2.o) (fabs)
c:/nxp/mcuxpressoide_10.2.0_759/ide/tools/bin/../lib/gcc/arm-none-eabi/7.2.1/../../../../arm-none-eabi/lib/thumb/v7e-m/fpv4-sp/hard\libcr_c.a(sqrt.o)
                              ./source/App.o (sqrt)
c:/nxp/mcuxpressoide_10.2.0_759/ide/tools/bin/../lib/gcc/arm-none-eabi/7.2.1/../../../../arm-none-eabi/lib/thumb/v7e-m/fpv4-sp/hard\libcr_c.a(_hugeval.o)
                              c:/nxp/mcuxpressoide_10.2.0_759/ide/tools/bin/../lib/gcc/arm-none-eabi/7.2.1/../../../../arm-none-eabi/lib/thumb/v7e-m/fpv4-sp/hard\libcr_c.a(atan2.o) (__huge_val)
c:/nxp/mcuxpressoide_10.2.0_759/ide/tools/bin/../lib/gcc/arm-none-eabi/7.2.1/../../../../arm-none-eabi/lib/thumb/v7e-m/fpv4-sp/hard\libcr_c.a(atan.o)
                              c:/nxp/mcuxpressoide_10.2.0_759/ide/tools/bin/../lib/gcc/arm-none-eabi/7.2.1/../../../../arm-none-eabi/lib/thumb/v7e-m/fpv4-sp/hard\libcr_c.a(atan2.o) (atan)
c:/nxp/mcuxpressoide_10.2.0_759/ide/tools/bin/../lib/gcc/arm-none-eabi/7.2.1/thumb/v7e-m/fpv4-sp/hard\libcr_eabihelpers.a(double.o)
                              ./source/drivers/drv_FXOS8700CQ.o (__aeabi_dmul)
c:/nxp/mcuxpressoide_10.2.0_759/ide/tools/bin/../lib/gcc/arm-none-eabi/7.2.1/thumb/v7e-m/fpv4-sp/hard\libcr_eabihelpers.a(float.o)
                              ./source/App.o (__aeabi_f2d)

Discarded input sections

 .group         0x00000000        0xc ./source/timers/SysTick.o
 .group         0x00000000        0xc ./source/timers/SysTick.o
 .group         0x00000000        0xc ./source/timers/SysTick.o
 .group         0x00000000        0xc ./source/timers/SysTick.o
 .group         0x00000000        0xc ./source/timers/SysTick.o
 .group         0x00000000        0xc ./source/timers/SysTick.o
 .group         0x00000000        0xc ./source/timers/SysTick.o
 .group         0x00000000        0xc ./source/timers/SysTick.o
 .group         0x00000000        0xc ./source/timers/SysTick.o
 .group         0x00000000        0xc ./source/timers/SysTick.o
 .group         0x00000000        0xc ./source/timers/SysTick.o
 .group         0x00000000        0xc ./source/timers/SysTick.o
 .group         0x00000000        0xc ./source/timers/SysTick.o
 .text          0x00000000        0x0 ./source/timers/SysTick.o
 .data          0x00000000        0x0 ./source/timers/SysTick.o
 .bss           0x00000000        0x0 ./source/timers/SysTick.o
 .group         0x00000000        0xc ./source/timers/timer.o
 .group         0x00000000        0xc ./source/timers/timer.o
 .group         0x00000000        0xc ./source/timers/timer.o
 .group         0x00000000        0xc ./source/timers/timer.o
 .group         0x00000000        0xc ./source/timers/timer.o
 .group         0x00000000        0xc ./source/timers/timer.o
 .group         0x00000000        0xc ./source/timers/timer.o
 .group         0x00000000        0xc ./source/timers/timer.o
 .group         0x00000000        0xc ./source/timers/timer.o
 .group         0x00000000        0xc ./source/timers/timer.o
 .group         0x00000000        0xc ./source/timers/timer.o
 .group         0x00000000        0xc ./source/timers/timer.o
 .group         0x00000000        0xc ./source/timers/timer.o
 .group         0x00000000        0xc ./source/timers/timer.o
 .group         0x00000000        0xc ./source/timers/timer.o
 .group         0x00000000        0xc ./source/timers/timer.o
 .group         0x00000000        0xc ./source/timers/timer.o
 .group         0x00000000        0xc ./source/timers/timer.o
 .group         0x00000000        0xc ./source/timers/timer.o
 .group         0x00000000        0xc ./source/timers/timer.o
 .group         0x00000000        0xc ./source/timers/timer.o
 .group         0x00000000        0xc ./source/timers/timer.o
 .group         0x00000000        0xc ./source/timers/timer.o
 .group         0x00000000        0xc ./source/timers/timer.o
 .group         0x00000000        0xc ./source/timers/timer.o
 .group         0x00000000        0xc ./source/timers/timer.o
 .group         0x00000000        0xc ./source/timers/timer.o
[...]
Memory Configuration

Name             Origin             Length             Attributes
PROGRAM_FLASH    0x00000000         0x00100000         xr
SRAM_UPPER       0x20000000         0x00030000         xrw
SRAM_LOWER       0x1fff0000         0x00010000         xrw
FLEX_RAM         0x14000000         0x00001000         xrw
*default*        0x00000000         0xffffffff

Linker script and memory map

LOAD ./source/timers/SysTick.o
LOAD ./source/timers/timer.o
LOAD ./source/protocols/CAN.o
LOAD ./source/protocols/I2C.o
LOAD ./source/protocols/uart.o
LOAD ./source/drivers/drv_CAN.o
LOAD ./source/drivers/drv_DEVBOARD.o
LOAD ./source/drivers/drv_FXOS8700CQ.o
LOAD ./source/drivers/drv_I2C.o
LOAD ./source/drivers/drv_K64.o
LOAD ./source/drivers/drv_UART.o
LOAD ./source/MCAL/IRQ.o
LOAD ./source/MCAL/gpio.o
LOAD ./source/App.o
LOAD ./SDK/startup/hardware.o
LOAD ./SDK/startup/main.o
LOAD ./SDK/startup/semihost_hardfault.o
LOAD ./SDK/startup/startup_mk64f12.o
LOAD ./SDK/CMSIS/system_MK64F12.o
START GROUP
LOAD c:/nxp/mcuxpressoide_10.2.0_759/ide/tools/bin/../lib/gcc/arm-none-eabi/7.2.1/../../../../arm-none-eabi/lib/thumb/v7e-m/fpv4-sp/hard\libcr_c.a
LOAD c:/nxp/mcuxpressoide_10.2.0_759/ide/tools/bin/../lib/gcc/arm-none-eabi/7.2.1/thumb/v7e-m/fpv4-sp/hard\libcr_eabihelpers.a
END GROUP
                0x00000000                __base_PROGRAM_FLASH = 0x0
                0x00000000                __base_Flash = 0x0
                0x00100000                __top_PROGRAM_FLASH = 0x100000
                0x00100000                __top_Flash = 0x100000
                0x20000000                __base_SRAM_UPPER = 0x20000000
                0x20000000                __base_RAM = 0x20000000
                0x20030000                __top_SRAM_UPPER = 0x20030000
                0x20030000                __top_RAM = 0x20030000
                0x1fff0000                __base_SRAM_LOWER = 0x1fff0000
                0x1fff0000                __base_RAM2 = 0x1fff0000
                0x20000000                __top_SRAM_LOWER = 0x20000000
                0x20000000                __top_RAM2 = 0x20000000
                0x14000000                __base_FLEX_RAM = 0x14000000
                0x14000000                __base_RAM3 = 0x14000000
                0x14001000                __top_FLEX_RAM = 0x14001000
                0x14001000                __top_RAM3 = 0x14001000

.text           0x00000000     0x3a68
 FILL mask 0xff
                0x00000000                __vectors_start__ = ABSOLUTE (.)
 *(SORT_BY_ALIGNMENT(.isr_vector))
 .isr_vector    0x00000000      0x198 ./SDK/startup/startup_mk64f12.o
                0x00000000                g_pfnVectors
                0x00000000                __Vectors
                0x00000198                . = ALIGN (0x4)
                0x00000198                __section_table_start = .
                0x00000198                __data_section_table = .
                0x00000198        0x4 LONG 0x3a68 LOADADDR (.data)
                0x0000019c        0x4 LONG 0x20000000 ADDR (.data)
                0x000001a0        0x4 LONG 0xa8 SIZEOF (.data)
                0x000001a4        0x4 LONG 0x3a68 LOADADDR (.data_RAM2)
                0x000001a8        0x4 LONG 0x1fff0000 ADDR (.data_RAM2)
                0x000001ac        0x4 LONG 0x0 SIZEOF (.data_RAM2)
                0x000001b0        0x4 LONG 0x3a68 LOADADDR (.data_RAM3)
                0x000001b4        0x4 LONG 0x14000000 ADDR (.data_RAM3)
                0x000001b8        0x4 LONG 0x0 SIZEOF (.data_RAM3)
                0x000001bc                __data_section_table_end = .
                0x000001bc                __bss_section_table = .
                0x000001bc        0x4 LONG 0x200000a8 ADDR (.bss)
                0x000001c0        0x4 LONG 0x840 SIZEOF (.bss)
                0x000001c4        0x4 LONG 0x1fff0000 ADDR (.bss_RAM2)
                0x000001c8        0x4 LONG 0x0 SIZEOF (.bss_RAM2)
                0x000001cc        0x4 LONG 0x14000000 ADDR (.bss_RAM3)
                0x000001d0        0x4 LONG 0x0 SIZEOF (.bss_RAM3)
                0x000001d4                __bss_section_table_end = .
                0x000001d4                __section_table_end = .
 *(SORT_BY_ALIGNMENT(.after_vectors*))
 .after_vectors.reset
                0x000001d4       0x4c ./SDK/startup/startup_mk64f12.o
                0x000001d4                ResetISR
 .after_vectors.init_data
                0x00000220       0x1e ./SDK/startup/startup_mk64f12.o
                0x00000220                data_init
 .after_vectors.init_bss
                0x0000023e       0x12 ./SDK/startup/startup_mk64f12.o
                0x0000023e                bss_init
 .after_vectors
                0x00000250       0x14 ./SDK/startup/startup_mk64f12.o
                0x00000250                NMI_Handler
                0x00000254                MemManage_Handler
                0x00000256                BusFault_Handler
                0x00000258                UsageFault_Handler
                0x0000025a                SVC_Handler
                0x0000025c                DebugMon_Handler
                0x0000025e                PendSV_Handler
                0x00000262                DMA_Error_DriverIRQHandler
                0x00000262                LPTMR0_DriverIRQHandler
                0x00000262                FTM1_DriverIRQHandler
                0x00000262                FTM2_DriverIRQHandler
                0x00000262                PIT2_DriverIRQHandler
                0x00000262                SDHC_DriverIRQHandler
                0x00000262                I2S0_Tx_DriverIRQHandler
                0x00000262                RTC_Seconds_DriverIRQHandler
                0x00000262                DMA6_DriverIRQHandler
                0x00000262                LLWU_DriverIRQHandler
                0x00000262                MCM_DriverIRQHandler
                0x00000262                MCG_DriverIRQHandler
                0x00000262                ENET_1588_Timer_DriverIRQHandler
                0x00000262                I2C2_DriverIRQHandler
                0x00000262                DAC1_DriverIRQHandler
                0x00000262                SPI1_DriverIRQHandler
                0x00000262                CMP1_DriverIRQHandler
                0x00000262                UART5_RX_TX_DriverIRQHandler
                0x00000262                FTM0_DriverIRQHandler
                0x00000262                IntDefaultHandler
                0x00000262                USB0_DriverIRQHandler
                0x00000262                UART5_ERR_DriverIRQHandler
                0x00000262                PORTC_DriverIRQHandler
                0x00000262                DMA11_DriverIRQHandler
                0x00000262                DAC0_DriverIRQHandler
                0x00000262                DMA10_DriverIRQHandler
                0x00000262                CMP2_DriverIRQHandler
                0x00000262                UART2_ERR_DriverIRQHandler
                0x00000262                SPI2_DriverIRQHandler
                0x00000262                LVD_LVW_DriverIRQHandler
                0x00000262                PIT0_DriverIRQHandler
                0x00000262                RNG_DriverIRQHandler
                0x00000262                DMA5_DriverIRQHandler
                0x00000262                DMA12_DriverIRQHandler
                0x00000262                UART2_RX_TX_DriverIRQHandler
                0x00000262                USBDCD_DriverIRQHandler
                0x00000262                UART3_ERR_DriverIRQHandler
                0x00000262                DMA3_DriverIRQHandler
                0x00000262                DMA8_DriverIRQHandler
                0x00000262                DMA9_DriverIRQHandler
                0x00000262                UART0_ERR_DriverIRQHandler
                0x00000262                CMT_DriverIRQHandler
                0x00000262                Reserved71_DriverIRQHandler
                0x00000262                ADC1_DriverIRQHandler
                0x00000262                PORTA_DriverIRQHandler
                0x00000262                DMA14_DriverIRQHandler
                0x00000262                PIT3_DriverIRQHandler
                0x00000262                PIT1_DriverIRQHandler
                0x00000262                WDOG_EWM_DriverIRQHandler
                0x00000262                PDB0_DriverIRQHandler
                0x00000262                RTC_DriverIRQHandler
                0x00000262                I2S0_Rx_DriverIRQHandler
                0x00000262                Read_Collision_DriverIRQHandler
                0x00000262                SWI_DriverIRQHandler
                0x00000262                UART4_RX_TX_DriverIRQHandler
                0x00000262                UART4_ERR_DriverIRQHandler
                0x00000262                PORTB_DriverIRQHandler
                0x00000262                UART0_LON_DriverIRQHandler
                0x00000262                DMA0_DriverIRQHandler
                0x00000262                DMA1_DriverIRQHandler
                0x00000262                I2C1_DriverIRQHandler
                0x00000262                UART3_RX_TX_DriverIRQHandler
                0x00000262                ENET_Receive_DriverIRQHandler
                0x00000262                DMA13_DriverIRQHandler
                0x00000262                ENET_Error_DriverIRQHandler
                0x00000262                DMA15_DriverIRQHandler
                0x00000262                UART0_RX_TX_DriverIRQHandler
                0x00000262                SPI0_DriverIRQHandler
                0x00000262                ADC0_DriverIRQHandler
                0x00000262                CMP0_DriverIRQHandler
                0x00000262                CAN0_DriverIRQHandler
                0x00000262                FTM3_DriverIRQHandler
                0x00000262                DMA4_DriverIRQHandler
                0x00000262                UART1_ERR_DriverIRQHandler
                0x00000262                DMA2_DriverIRQHandler
                0x00000262                ENET_Transmit_DriverIRQHandler
                0x00000262                PORTD_DriverIRQHandler
                0x00000262                PORTE_DriverIRQHandler
                0x00000262                FTFE_DriverIRQHandler
                0x00000262                I2C0_DriverIRQHandler
                0x00000262                DMA7_DriverIRQHandler
                0x00000262                UART1_RX_TX_DriverIRQHandler
                0x00000400                . = 0x400
 *fill*         0x00000264      0x19c ff
                0x00000400                PROVIDE (__FLASH_CONFIG_START__, .)
 *(SORT_BY_ALIGNMENT(.FlashConfig))
 .FlashConfig   0x00000400       0x10 ./SDK/startup/startup_mk64f12.o
                0x00000400                Flash_Config
                0x00000410                PROVIDE (__FLASH_CONFIG_END__, .)
                0x00000001                ASSERT (! ((__FLASH_CONFIG_START__ == __FLASH_CONFIG_END__)), Linker Flash Config Support Enabled, but no .FlashConfig section provided within application)
 *(SORT_BY_ALIGNMENT(.text*))
 .text.callbackRead
                0x00000410      0x150 ./source/drivers/drv_FXOS8700CQ.o
                0x00000410                callbackRead
 .text.normalize
                0x00000560      0x250 ./source/App.o
                0x00000560                normalize
 .text.atan2    0x000007b0      0x128 c:/nxp/mcuxpressoide_10.2.0_759/ide/tools/bin/../lib/gcc/arm-none-eabi/7.2.1/../../../../arm-none-eabi/lib/thumb/v7e-m/fpv4-sp/hard\libcr_c.a(atan2.o)
                0x000007b0                atan2
 .text.sqrt     0x000008d8      0x11c c:/nxp/mcuxpressoide_10.2.0_759/ide/tools/bin/../lib/gcc/arm-none-eabi/7.2.1/../../../../arm-none-eabi/lib/thumb/v7e-m/fpv4-sp/hard\libcr_c.a(sqrt.o)
                0x000008d8                sqrt
 *fill*         0x000009f4        0x4 ff
 .text.atan     0x000009f8      0x224 c:/nxp/mcuxpressoide_10.2.0_759/ide/tools/bin/../lib/gcc/arm-none-eabi/7.2.1/../../../../arm-none-eabi/lib/thumb/v7e-m/fpv4-sp/hard\libcr_c.a(atan.o)
                0x000009f8                atan
 .text.SysTick_Init
                0x00000c1c       0x60 ./source/timers/SysTick.o
                0x00000c1c                SysTick_Init
 .text.SysTick_Handler
                0x00000c7c       0x2c ./source/timers/SysTick.o
                0x00000c7c                SysTick_Handler
 .text.timerInit
                0x00000ca8       0x28 ./source/timers/timer.o
                0x00000ca8                timerInit
 .text.timerGetId
                0x00000cd0       0x5c ./source/timers/timer.o
                0x00000cd0                timerGetId
 .text.timerStart
                0x00000d2c      0x130 ./source/timers/timer.o
                0x00000d2c                timerStart
 .text.timer_isr
                0x00000e5c       0xf4 ./source/timers/timer.o
 .text.__NVIC_EnableIRQ
                0x00000f50       0x3c ./source/protocols/CAN.o
 .text.initCAN  0x00000f8c       0xd8 ./source/protocols/CAN.o
                0x00000f8c                initCAN
 .text.enableCAN
                0x00001064       0x2c ./source/protocols/CAN.o
                0x00001064                enableCAN
 .text.disableCAN
                0x00001090       0x30 ./source/protocols/CAN.o
                0x00001090                disableCAN
 .text.enableCanInterrup
                0x000010c0       0x40 ./source/protocols/CAN.o
                0x000010c0                enableCanInterrup
 .text.defaultCANConfig
                0x00001100       0x3c ./source/protocols/CAN.o
                0x00001100                defaultCANConfig
 .text.configRxMB
                0x0000113c       0x48 ./source/protocols/CAN.o
                0x0000113c                configRxMB
 .text.transmitCan
                0x00001184       0xec ./source/protocols/CAN.o
                0x00001184                transmitCan
 .text.readCAN  0x00001270      0x154 ./source/protocols/CAN.o
                0x00001270                readCAN
 .text.CAN0_ORed_Message_buffer_IRQHandler
                0x000013c4       0x7c ./source/protocols/CAN.o
                0x000013c4                CAN0_ORed_Message_buffer_IRQHandler
 .text.__NVIC_EnableIRQ
                0x00001440       0x3c ./source/protocols/I2C.o
 .text.initI2C  0x0000147c       0xfc ./source/protocols/I2C.o
                0x0000147c                initI2C
 .text.i2cDefaultConfig
                0x00001578       0x54 ./source/protocols/I2C.o
                0x00001578                i2cDefaultConfig
 .text.i2cLoadCallback
                0x000015cc       0x20 ./source/protocols/I2C.o
                0x000015cc                i2cLoadCallback
 .text.i2cWriteAndRead
                0x000015ec       0xdc ./source/protocols/I2C.o
                0x000015ec                i2cWriteAndRead
 .text.i2cCommunication
                0x000016c8      0x1c8 ./source/protocols/I2C.o
                0x000016c8                i2cCommunication
 .text.i2cEndCommunication
                0x00001890       0x44 ./source/protocols/I2C.o
 .text.I2C0_IRQHandler
                0x000018d4       0x50 ./source/protocols/I2C.o
                0x000018d4                I2C0_IRQHandler
 .text.getFault
                0x00001924       0x18 ./source/protocols/I2C.o
                0x00001924                getFault
 .text.restart  0x0000193c       0x18 ./source/protocols/I2C.o
                0x0000193c                restart
 .text.__NVIC_EnableIRQ
                0x00001954       0x3c ./source/protocols/uart.o
 .text.uartInit
                0x00001990      0x1ac ./source/protocols/uart.o
                0x00001990                uartInit
 .text.uartWriteMsg
                0x00001b3c      0x13c ./source/protocols/uart.o
                0x00001b3c                uartWriteMsg
 .text.uartIsTxMsgComplete
                0x00001c78       0x2c ./source/protocols/uart.o
                0x00001c78                uartIsTxMsgComplete
 .text.UART_SetBaudRate
                0x00001ca4       0x98 ./source/protocols/uart.o
                0x00001ca4                UART_SetBaudRate
 .text.UARTX_IRQ_HANDLER
                0x00001d3c      0x204 ./source/protocols/uart.o
                0x00001d3c                UARTX_IRQ_HANDLER
 .text.initBoardsCan
                0x00001f40       0xac ./source/drivers/drv_CAN.o
                0x00001f40                initBoardsCan
 .text.sendCan  0x00001fec       0x64 ./source/drivers/drv_CAN.o
                0x00001fec                sendCan
 .text.receiveCAN
                0x00002050       0x9c ./source/drivers/drv_CAN.o
                0x00002050                receiveCAN
 .text.callback
                0x000020ec       0x34 ./source/drivers/drv_CAN.o
                0x000020ec                callback
 .text.configSensor
                0x00002120      0x1ec ./source/drivers/drv_FXOS8700CQ.o
                0x00002120                configSensor
 .text.callbackIsFinished
                0x0000230c       0x18 ./source/drivers/drv_FXOS8700CQ.o
                0x0000230c                callbackIsFinished
 .text.getMagData
                0x00002324       0x40 ./source/drivers/drv_FXOS8700CQ.o
                0x00002324                getMagData
 .text.getAccData
                0x00002364       0x40 ./source/drivers/drv_FXOS8700CQ.o
                0x00002364                getAccData
 .text.ReadAccelMagnData
                0x000023a4       0x34 ./source/drivers/drv_FXOS8700CQ.o
                0x000023a4                ReadAccelMagnData
 .text.PORT_ClearInterruptFlag
                0x000023d8       0x40 ./source/MCAL/IRQ.o
                0x000023d8                PORT_ClearInterruptFlag
 .text.PORTA_IRQHandler
                0x00002418       0x40 ./source/MCAL/IRQ.o
                0x00002418                PORTA_IRQHandler
 .text.PORTB_IRQHandler
                0x00002458       0x40 ./source/MCAL/IRQ.o
                0x00002458                PORTB_IRQHandler
 .text.PORTC_IRQHandler
                0x00002498       0x40 ./source/MCAL/IRQ.o
                0x00002498                PORTC_IRQHandler
 .text.PORTD_IRQHandler
                0x000024d8       0x40 ./source/MCAL/IRQ.o
                0x000024d8                PORTD_IRQHandler
 .text.PORTE_IRQHandler
                0x00002518       0x40 ./source/MCAL/IRQ.o
                0x00002518                PORTE_IRQHandler
 .text.FindPinNum
                0x00002558       0x50 ./source/MCAL/IRQ.o
                0x00002558                FindPinNum
 .text.gpioMode
                0x000025a8       0xf4 ./source/MCAL/gpio.o
                0x000025a8                gpioMode
 .text.gpioWrite
                0x0000269c       0x70 ./source/MCAL/gpio.o
                0x0000269c                gpioWrite
 .text.App_Init
                0x0000270c      0x100 ./source/App.o
                0x0000270c                App_Init
 .text.initDispositives
                0x0000280c       0x38 ./source/App.o
                0x0000280c                initDispositives
 .text.initBuffer
                0x00002844       0x5c ./source/App.o
                0x00002844                initBuffer
 .text.callbackTimerTx
                0x000028a0       0x3c ./source/App.o
                0x000028a0                callbackTimerTx
 .text.receiveBoardsPos
                0x000028dc       0x5c ./source/App.o
                0x000028dc                receiveBoardsPos
 .text.sendPos2Boards
                0x00002938       0xb0 ./source/App.o
                0x00002938                sendPos2Boards
 .text.byteToChars
                0x000029e8       0xdc ./source/App.o
                0x000029e8                byteToChars
 .text.preparePackage
                0x00002ac4       0x98 ./source/App.o
                0x00002ac4                preparePackage
 .text.sendCompletePackageCan
                0x00002b5c       0x6c ./source/App.o
                0x00002b5c                sendCompletePackageCan
 .text.sendUpdatedPackageCan_R_
                0x00002bc8       0x70 ./source/App.o
                0x00002bc8                sendUpdatedPackageCan_R_
 .text.sendUpdatedPackageCan_C_
                0x00002c38       0x70 ./source/App.o
                0x00002c38                sendUpdatedPackageCan_C_
 .text.hw_Init  0x00002ca8      0x10c ./SDK/startup/hardware.o
                0x00002ca8                hw_Init
 .text.hw_EnableInterrupts
                0x00002db4       0x30 ./SDK/startup/hardware.o
                0x00002db4                hw_EnableInterrupts
 .text.SystemInit
                0x00002de4       0x3c ./SDK/CMSIS/system_MK64F12.o
                0x00002de4                SystemInit
 .text.__aeabi_dmul
                0x00002e20      0x11c c:/nxp/mcuxpressoide_10.2.0_759/ide/tools/bin/../lib/gcc/arm-none-eabi/7.2.1/thumb/v7e-m/fpv4-sp/hard\libcr_eabihelpers.a(double.o)
                0x00002e20                __aeabi_dmul
 .text.__aeabi_ddiv
                0x00002f3c      0x138 c:/nxp/mcuxpressoide_10.2.0_759/ide/tools/bin/../lib/gcc/arm-none-eabi/7.2.1/thumb/v7e-m/fpv4-sp/hard\libcr_eabihelpers.a(double.o)
                0x00002f3c                __aeabi_ddiv
 .text.__aeabi_dsub
                0x00003074      0x1b4 c:/nxp/mcuxpressoide_10.2.0_759/ide/tools/bin/../lib/gcc/arm-none-eabi/7.2.1/thumb/v7e-m/fpv4-sp/hard\libcr_eabihelpers.a(double.o)
                0x00003074                __aeabi_dsub
 .text.__aeabi_dadd
                0x00003228      0x10c c:/nxp/mcuxpressoide_10.2.0_759/ide/tools/bin/../lib/gcc/arm-none-eabi/7.2.1/thumb/v7e-m/fpv4-sp/hard\libcr_eabihelpers.a(double.o)
                0x00003228                __aeabi_dadd
 .text.__aeabi_d2f
                0x00003334       0x54 c:/nxp/mcuxpressoide_10.2.0_759/ide/tools/bin/../lib/gcc/arm-none-eabi/7.2.1/thumb/v7e-m/fpv4-sp/hard\libcr_eabihelpers.a(double.o)
                0x00003334                __aeabi_d2f
 .text.__aeabi_f2d
                0x00003388       0x38 c:/nxp/mcuxpressoide_10.2.0_759/ide/tools/bin/../lib/gcc/arm-none-eabi/7.2.1/thumb/v7e-m/fpv4-sp/hard\libcr_eabihelpers.a(float.o)
                0x00003388                __aeabi_f2d
 .text.UART0_RX_TX_IRQHandler
                0x000033c0       0x1e ./source/protocols/uart.o
                0x000033c0                UART0_RX_TX_IRQHandler
 .text.UART1_RX_TX_IRQHandler
                0x000033de       0x1e ./source/protocols/uart.o
                0x000033de                UART1_RX_TX_IRQHandler
 .text.UART2_RX_TX_IRQHandler
                0x000033fc       0x1e ./source/protocols/uart.o
                0x000033fc                UART2_RX_TX_IRQHandler
 .text.UART3_RX_TX_IRQHandler
                0x0000341a       0x1e ./source/protocols/uart.o
                0x0000341a                UART3_RX_TX_IRQHandler
 .text.UART4_RX_TX_IRQHandler
                0x00003438       0x1e ./source/protocols/uart.o
                0x00003438                UART4_RX_TX_IRQHandler
 .text.UART5_RX_TX_IRQHandler
                0x00003456       0x1e ./source/protocols/uart.o
                0x00003456                UART5_RX_TX_IRQHandler
 .text.init_DEVBOARD
                0x00003474        0xe ./source/drivers/drv_DEVBOARD.o
                0x00003474                init_DEVBOARD
 .text.initSensor
                0x00003482       0x18 ./source/drivers/drv_FXOS8700CQ.o
                0x00003482                initSensor
 .text.initI2c  0x0000349a       0x12 ./source/drivers/drv_I2C.o
                0x0000349a                initI2c
 .text.loadCallback
                0x000034ac       0x16 ./source/drivers/drv_I2C.o
                0x000034ac                loadCallback
 .text.i2cCommunicationHandler
                0x000034c2       0x2c ./source/drivers/drv_I2C.o
                0x000034c2                i2cCommunicationHandler
 .text.init_K64Leds
                0x000034ee       0x38 ./source/drivers/drv_K64.o
                0x000034ee                init_K64Leds
 .text.initUART
                0x00003526       0x2c ./source/drivers/drv_UART.o
                0x00003526                initUART
 .text.sendPackage
                0x00003552       0x28 ./source/drivers/drv_UART.o
                0x00003552                sendPackage
 .text.App_Run  0x0000357a       0x14 ./source/App.o
                0x0000357a                App_Run
 .text.main     0x0000358e       0x16 ./SDK/startup/main.o
                0x0000358e                main
 .text.HardFault_Handler
                0x000035a4       0x2c ./SDK/startup/semihost_hardfault.o
                0x000035a4                HardFault_Handler
 .text.DMA0_IRQHandler
                0x000035d0        0x8 ./SDK/startup/startup_mk64f12.o
                0x000035d0                DMA0_IRQHandler
 .text.DMA1_IRQHandler
                0x000035d8        0x8 ./SDK/startup/startup_mk64f12.o
                0x000035d8                DMA1_IRQHandler
 .text.DMA2_IRQHandler
                0x000035e0        0x8 ./SDK/startup/startup_mk64f12.o
                0x000035e0                DMA2_IRQHandler
 .text.DMA3_IRQHandler
                0x000035e8        0x8 ./SDK/startup/startup_mk64f12.o
                0x000035e8                DMA3_IRQHandler
 .text.DMA4_IRQHandler
                0x000035f0        0x8 ./SDK/startup/startup_mk64f12.o
                0x000035f0                DMA4_IRQHandler
 .text.DMA5_IRQHandler
                0x000035f8        0x8 ./SDK/startup/startup_mk64f12.o
                0x000035f8                DMA5_IRQHandler
 .text.DMA6_IRQHandler
                0x00003600        0x8 ./SDK/startup/startup_mk64f12.o
                0x00003600                DMA6_IRQHandler
 .text.DMA7_IRQHandler
                0x00003608        0x8 ./SDK/startup/startup_mk64f12.o
                0x00003608                DMA7_IRQHandler
 .text.DMA8_IRQHandler
                0x00003610        0x8 ./SDK/startup/startup_mk64f12.o
                0x00003610                DMA8_IRQHandler
 .text.DMA9_IRQHandler
                0x00003618        0x8 ./SDK/startup/startup_mk64f12.o
                0x00003618                DMA9_IRQHandler
 .text.DMA10_IRQHandler
                0x00003620        0x8 ./SDK/startup/startup_mk64f12.o
                0x00003620                DMA10_IRQHandler
 .text.DMA11_IRQHandler
                0x00003628        0x8 ./SDK/startup/startup_mk64f12.o
                0x00003628                DMA11_IRQHandler
 .text.DMA12_IRQHandler
                0x00003630        0x8 ./SDK/startup/startup_mk64f12.o
                0x00003630                DMA12_IRQHandler
 .text.DMA13_IRQHandler
                0x00003638        0x8 ./SDK/startup/startup_mk64f12.o
                0x00003638                DMA13_IRQHandler
 .text.DMA14_IRQHandler
                0x00003640        0x8 ./SDK/startup/startup_mk64f12.o
                0x00003640                DMA14_IRQHandler
 .text.DMA15_IRQHandler
                0x00003648        0x8 ./SDK/startup/startup_mk64f12.o
                0x00003648                DMA15_IRQHandler
 .text.DMA_Error_IRQHandler
                0x00003650        0x8 ./SDK/startup/startup_mk64f12.o
                0x00003650                DMA_Error_IRQHandler
 .text.MCM_IRQHandler
                0x00003658        0x8 ./SDK/startup/startup_mk64f12.o
                0x00003658                MCM_IRQHandler
 .text.FTFE_IRQHandler
                0x00003660        0x8 ./SDK/startup/startup_mk64f12.o
                0x00003660                FTFE_IRQHandler
 .text.Read_Collision_IRQHandler
                0x00003668        0x8 ./SDK/startup/startup_mk64f12.o
                0x00003668                Read_Collision_IRQHandler
 .text.LVD_LVW_IRQHandler
                0x00003670        0x8 ./SDK/startup/startup_mk64f12.o
                0x00003670                LVD_LVW_IRQHandler
 .text.LLWU_IRQHandler
                0x00003678        0x8 ./SDK/startup/startup_mk64f12.o
                0x00003678                LLWU_IRQHandler
 .text.WDOG_EWM_IRQHandler
                0x00003680        0x8 ./SDK/startup/startup_mk64f12.o
                0x00003680                WDOG_EWM_IRQHandler
 .text.RNG_IRQHandler
                0x00003688        0x8 ./SDK/startup/startup_mk64f12.o
                0x00003688                RNG_IRQHandler
 .text.I2C1_IRQHandler
                0x00003690        0x8 ./SDK/startup/startup_mk64f12.o
                0x00003690                I2C1_IRQHandler
 .text.SPI0_IRQHandler
                0x00003698        0x8 ./SDK/startup/startup_mk64f12.o
                0x00003698                SPI0_IRQHandler
 .text.SPI1_IRQHandler
                0x000036a0        0x8 ./SDK/startup/startup_mk64f12.o
                0x000036a0                SPI1_IRQHandler
 .text.I2S0_Tx_IRQHandler
                0x000036a8        0x8 ./SDK/startup/startup_mk64f12.o
                0x000036a8                I2S0_Tx_IRQHandler
 .text.I2S0_Rx_IRQHandler
                0x000036b0        0x8 ./SDK/startup/startup_mk64f12.o
                0x000036b0                I2S0_Rx_IRQHandler
 .text.UART0_LON_IRQHandler
                0x000036b8        0x8 ./SDK/startup/startup_mk64f12.o
                0x000036b8                UART0_LON_IRQHandler
 .text.UART0_ERR_IRQHandler
                0x000036c0        0x8 ./SDK/startup/startup_mk64f12.o
                0x000036c0                UART0_ERR_IRQHandler
 .text.UART1_ERR_IRQHandler
                0x000036c8        0x8 ./SDK/startup/startup_mk64f12.o
                0x000036c8                UART1_ERR_IRQHandler
 .text.UART2_ERR_IRQHandler
                0x000036d0        0x8 ./SDK/startup/startup_mk64f12.o
                0x000036d0                UART2_ERR_IRQHandler
 .text.UART3_ERR_IRQHandler
                0x000036d8        0x8 ./SDK/startup/startup_mk64f12.o
                0x000036d8                UART3_ERR_IRQHandler
 .text.ADC0_IRQHandler
                0x000036e0        0x8 ./SDK/startup/startup_mk64f12.o
                0x000036e0                ADC0_IRQHandler
 .text.CMP0_IRQHandler
                0x000036e8        0x8 ./SDK/startup/startup_mk64f12.o
                0x000036e8                CMP0_IRQHandler
 .text.CMP1_IRQHandler
                0x000036f0        0x8 ./SDK/startup/startup_mk64f12.o
                0x000036f0                CMP1_IRQHandler
 .text.FTM0_IRQHandler
                0x000036f8        0x8 ./SDK/startup/startup_mk64f12.o
                0x000036f8                FTM0_IRQHandler
 .text.FTM1_IRQHandler
                0x00003700        0x8 ./SDK/startup/startup_mk64f12.o
                0x00003700                FTM1_IRQHandler
 .text.FTM2_IRQHandler
                0x00003708        0x8 ./SDK/startup/startup_mk64f12.o
                0x00003708                FTM2_IRQHandler
 .text.CMT_IRQHandler
                0x00003710        0x8 ./SDK/startup/startup_mk64f12.o
                0x00003710                CMT_IRQHandler
 .text.RTC_IRQHandler
                0x00003718        0x8 ./SDK/startup/startup_mk64f12.o
                0x00003718                RTC_IRQHandler
 .text.RTC_Seconds_IRQHandler
                0x00003720        0x8 ./SDK/startup/startup_mk64f12.o
                0x00003720                RTC_Seconds_IRQHandler
 .text.PIT0_IRQHandler
                0x00003728        0x8 ./SDK/startup/startup_mk64f12.o
                0x00003728                PIT0_IRQHandler
 .text.PIT1_IRQHandler
                0x00003730        0x8 ./SDK/startup/startup_mk64f12.o
                0x00003730                PIT1_IRQHandler
 .text.PIT2_IRQHandler
                0x00003738        0x8 ./SDK/startup/startup_mk64f12.o
                0x00003738                PIT2_IRQHandler
 .text.PIT3_IRQHandler
                0x00003740        0x8 ./SDK/startup/startup_mk64f12.o
                0x00003740                PIT3_IRQHandler
 .text.PDB0_IRQHandler
                0x00003748        0x8 ./SDK/startup/startup_mk64f12.o
                0x00003748                PDB0_IRQHandler
 .text.USB0_IRQHandler
                0x00003750        0x8 ./SDK/startup/startup_mk64f12.o
                0x00003750                USB0_IRQHandler
 .text.USBDCD_IRQHandler
                0x00003758        0x8 ./SDK/startup/startup_mk64f12.o
                0x00003758                USBDCD_IRQHandler
 .text.Reserved71_IRQHandler
                0x00003760        0x8 ./SDK/startup/startup_mk64f12.o
                0x00003760                Reserved71_IRQHandler
 .text.DAC0_IRQHandler
                0x00003768        0x8 ./SDK/startup/startup_mk64f12.o
                0x00003768                DAC0_IRQHandler
 .text.MCG_IRQHandler
                0x00003770        0x8 ./SDK/startup/startup_mk64f12.o
                0x00003770                MCG_IRQHandler
 .text.LPTMR0_IRQHandler
                0x00003778        0x8 ./SDK/startup/startup_mk64f12.o
                0x00003778                LPTMR0_IRQHandler
 .text.SWI_IRQHandler
                0x00003780        0x8 ./SDK/startup/startup_mk64f12.o
                0x00003780                SWI_IRQHandler
 .text.SPI2_IRQHandler
                0x00003788        0x8 ./SDK/startup/startup_mk64f12.o
                0x00003788                SPI2_IRQHandler
 .text.UART4_ERR_IRQHandler
                0x00003790        0x8 ./SDK/startup/startup_mk64f12.o
                0x00003790                UART4_ERR_IRQHandler
 .text.UART5_ERR_IRQHandler
                0x00003798        0x8 ./SDK/startup/startup_mk64f12.o
                0x00003798                UART5_ERR_IRQHandler
 .text.CMP2_IRQHandler
                0x000037a0        0x8 ./SDK/startup/startup_mk64f12.o
                0x000037a0                CMP2_IRQHandler
 .text.FTM3_IRQHandler
                0x000037a8        0x8 ./SDK/startup/startup_mk64f12.o
                0x000037a8                FTM3_IRQHandler
 .text.DAC1_IRQHandler
                0x000037b0        0x8 ./SDK/startup/startup_mk64f12.o
                0x000037b0                DAC1_IRQHandler
 .text.ADC1_IRQHandler
                0x000037b8        0x8 ./SDK/startup/startup_mk64f12.o
                0x000037b8                ADC1_IRQHandler
 .text.I2C2_IRQHandler
                0x000037c0        0x8 ./SDK/startup/startup_mk64f12.o
                0x000037c0                I2C2_IRQHandler
 .text.CAN0_Bus_Off_IRQHandler
                0x000037c8        0x8 ./SDK/startup/startup_mk64f12.o
                0x000037c8                CAN0_Bus_Off_IRQHandler
 .text.CAN0_Error_IRQHandler
                0x000037d0        0x8 ./SDK/startup/startup_mk64f12.o
                0x000037d0                CAN0_Error_IRQHandler
 .text.CAN0_Tx_Warning_IRQHandler
                0x000037d8        0x8 ./SDK/startup/startup_mk64f12.o
                0x000037d8                CAN0_Tx_Warning_IRQHandler
 .text.CAN0_Rx_Warning_IRQHandler
                0x000037e0        0x8 ./SDK/startup/startup_mk64f12.o
                0x000037e0                CAN0_Rx_Warning_IRQHandler
 .text.CAN0_Wake_Up_IRQHandler
                0x000037e8        0x8 ./SDK/startup/startup_mk64f12.o
                0x000037e8                CAN0_Wake_Up_IRQHandler
 .text.SDHC_IRQHandler
                0x000037f0        0x8 ./SDK/startup/startup_mk64f12.o
                0x000037f0                SDHC_IRQHandler
 .text.ENET_1588_Timer_IRQHandler
                0x000037f8        0x8 ./SDK/startup/startup_mk64f12.o
                0x000037f8                ENET_1588_Timer_IRQHandler
 .text.ENET_Transmit_IRQHandler
                0x00003800        0x8 ./SDK/startup/startup_mk64f12.o
                0x00003800                ENET_Transmit_IRQHandler
 .text.ENET_Receive_IRQHandler
                0x00003808        0x8 ./SDK/startup/startup_mk64f12.o
                0x00003808                ENET_Receive_IRQHandler
 .text.ENET_Error_IRQHandler
                0x00003810        0x8 ./SDK/startup/startup_mk64f12.o
                0x00003810                ENET_Error_IRQHandler
 .text.SystemInitHook
                0x00003818        0xe ./SDK/CMSIS/system_MK64F12.o
                0x00003818                SystemInitHook
 .text.fabs     0x00003826       0x22 c:/nxp/mcuxpressoide_10.2.0_759/ide/tools/bin/../lib/gcc/arm-none-eabi/7.2.1/../../../../arm-none-eabi/lib/thumb/v7e-m/fpv4-sp/hard\libcr_c.a(fabs.o)
                0x00003826                fabs
 .text.__aeabi_d2iz
                0x00003848       0x40 c:/nxp/mcuxpressoide_10.2.0_759/ide/tools/bin/../lib/gcc/arm-none-eabi/7.2.1/thumb/v7e-m/fpv4-sp/hard\libcr_eabihelpers.a(double.o)
                0x00003848                __aeabi_d2iz
 .text.__bhs_ui2d
                0x00003888       0x46 c:/nxp/mcuxpressoide_10.2.0_759/ide/tools/bin/../lib/gcc/arm-none-eabi/7.2.1/thumb/v7e-m/fpv4-sp/hard\libcr_eabihelpers.a(double.o)
                0x00003888                __bhs_ui2d
 .text.__aeabi_i2d
                0x000038ce       0x12 c:/nxp/mcuxpressoide_10.2.0_759/ide/tools/bin/../lib/gcc/arm-none-eabi/7.2.1/thumb/v7e-m/fpv4-sp/hard\libcr_eabihelpers.a(double.o)
                0x000038ce                __aeabi_i2d
 .text.__aeabi_dcmpeq
                0x000038e0       0x30 c:/nxp/mcuxpressoide_10.2.0_759/ide/tools/bin/../lib/gcc/arm-none-eabi/7.2.1/thumb/v7e-m/fpv4-sp/hard\libcr_eabihelpers.a(double.o)
                0x000038e0                __aeabi_dcmpeq
 .text.__aeabi_dcmplt
                0x00003910       0x58 c:/nxp/mcuxpressoide_10.2.0_759/ide/tools/bin/../lib/gcc/arm-none-eabi/7.2.1/thumb/v7e-m/fpv4-sp/hard\libcr_eabihelpers.a(double.o)
                0x00003910                __aeabi_dcmplt
 .text.__aeabi_dcmpgt
                0x00003968       0x58 c:/nxp/mcuxpressoide_10.2.0_759/ide/tools/bin/../lib/gcc/arm-none-eabi/7.2.1/thumb/v7e-m/fpv4-sp/hard\libcr_eabihelpers.a(double.o)
                0x00003968                __aeabi_dcmpgt
 .text.__aeabi_dcmple
                0x000039c0       0x5a c:/nxp/mcuxpressoide_10.2.0_759/ide/tools/bin/../lib/gcc/arm-none-eabi/7.2.1/thumb/v7e-m/fpv4-sp/hard\libcr_eabihelpers.a(double.o)
                0x000039c0                __aeabi_dcmple
 *(SORT_BY_ALIGNMENT(.rodata) SORT_BY_ALIGNMENT(.rodata.*) SORT_BY_ALIGNMENT(.constdata) SORT_BY_ALIGNMENT(.constdata.*))
 *fill*         0x00003a1a        0x6 ff
 .rodata.__huge_val
                0x00003a20        0x8 c:/nxp/mcuxpressoide_10.2.0_759/ide/tools/bin/../lib/gcc/arm-none-eabi/7.2.1/../../../../arm-none-eabi/lib/thumb/v7e-m/fpv4-sp/hard\libcr_c.a(_hugeval.o)
                0x00003a20                __huge_val
 .rodata.a.5195
                0x00003a28       0x20 c:/nxp/mcuxpressoide_10.2.0_759/ide/tools/bin/../lib/gcc/arm-none-eabi/7.2.1/../../../../arm-none-eabi/lib/thumb/v7e-m/fpv4-sp/hard\libcr_c.a(atan.o)
 .rodata        0x00003a48       0x14 ./source/protocols/CAN.o
 .rodata.IRQn   0x00003a5c        0x6 ./source/protocols/uart.o
                0x00003a68                . = ALIGN (0x8)
 *fill*         0x00003a62        0x6 ff

.glue_7         0x00003a68        0x0
 .glue_7        0x00003a68        0x0 linker stubs

.glue_7t        0x00003a68        0x0
 .glue_7t       0x00003a68        0x0 linker stubs

.vfp11_veneer   0x00003a68        0x0
 .vfp11_veneer  0x00003a68        0x0 linker stubs

.v4_bx          0x00003a68        0x0
 .v4_bx         0x00003a68        0x0 linker stubs

.iplt           0x00003a68        0x0
 .iplt          0x00003a68        0x0 ./source/timers/SysTick.o

.rel.dyn        0x00003a68        0x0
 .rel.iplt      0x00003a68        0x0 ./source/timers/SysTick.o

.ARM.extab
 *(SORT_BY_ALIGNMENT(.ARM.extab*) SORT_BY_ALIGNMENT(.gnu.linkonce.armextab.*))
                0x00003a68                __exidx_start = .

.ARM.exidx
 *(SORT_BY_ALIGNMENT(.ARM.exidx*) SORT_BY_ALIGNMENT(.gnu.linkonce.armexidx.*))
                0x00003a68                __exidx_end = .
                0x00003a68                _etext = .

.m_usb_data
 *(SORT_BY_ALIGNMENT(m_usb_bdt))

.data_RAM2      0x1fff0000        0x0 load address 0x00003a68
 FILL mask 0xff
                [!provide]                PROVIDE (__start_data_RAM2, .)
 *(SORT_BY_ALIGNMENT(.ramfunc.$RAM2))
 *(SORT_BY_ALIGNMENT(.ramfunc.$SRAM_LOWER))
 *(SORT_BY_ALIGNMENT(.data.$RAM2*))
 *(SORT_BY_ALIGNMENT(.data.$SRAM_LOWER*))
                0x1fff0000                . = ALIGN (0x8)
                [!provide]                PROVIDE (__end_data_RAM2, .)

.data_RAM3      0x14000000        0x0 load address 0x00003a68
 FILL mask 0xff
                [!provide]                PROVIDE (__start_data_RAM3, .)
 *(SORT_BY_ALIGNMENT(.ramfunc.$RAM3))
 *(SORT_BY_ALIGNMENT(.ramfunc.$FLEX_RAM))
 *(SORT_BY_ALIGNMENT(.data.$RAM3*))
 *(SORT_BY_ALIGNMENT(.data.$FLEX_RAM*))
                0x14000000                . = ALIGN (0x8)
                [!provide]                PROVIDE (__end_data_RAM3, .)

.uninit_RESERVED
                0x20000000        0x0
 *(SORT_BY_ALIGNMENT(.bss.$RESERVED*))
                0x20000000                . = ALIGN (0x4)
                0x20000000                _end_uninit_RESERVED = .

.data           0x20000000       0xa8 load address 0x00003a68
 FILL mask 0xff
                0x20000000                _data = .
 *(SORT_BY_ALIGNMENT(vtable))
 *(SORT_BY_ALIGNMENT(.ramfunc*))
 *(SORT_BY_ALIGNMENT(.data*))
 .data.SIM_MASK
                0x20000000       0x18 ./source/protocols/uart.o
 .data.SIM_PTR  0x20000018        0x4 ./source/protocols/uart.o
 .data.UART_POINTERS
                0x2000001c       0x18 ./source/protocols/uart.o
 .data.PORT_PTRS
                0x20000034       0x18 ./source/protocols/uart.o
 .data.PORT_PTRS
                0x2000004c       0x14 ./source/MCAL/IRQ.o
 .data.SIM_MASK
                0x20000060       0x14 ./source/MCAL/gpio.o
 .data.SIM_PTR  0x20000074        0x4 ./source/MCAL/gpio.o
 .data.GPIO_PTRS
                0x20000078       0x14 ./source/MCAL/gpio.o
 .data.PORT_PTRS
                0x2000008c       0x14 ./source/MCAL/gpio.o
 .data.messagePointer
                0x200000a0        0x4 ./source/App.o
 .data.timers_cant
                0x200000a4        0x1 ./source/timers/timer.o
                0x200000a8                . = ALIGN (0x8)
 *fill*         0x200000a5        0x3 ff
                0x200000a8                _edata = .

.igot.plt       0x200000a8        0x0 load address 0x00003b10
 .igot.plt      0x200000a8        0x0 ./source/timers/SysTick.o

.bss_RAM2       0x1fff0000        0x0
                [!provide]                PROVIDE (__start_bss_RAM2, .)
 *(SORT_BY_ALIGNMENT(.bss.$RAM2*))
 *(SORT_BY_ALIGNMENT(.bss.$SRAM_LOWER*))
                0x1fff0000                . = ALIGN ((. != 0x0)?0x8:0x1)
                [!provide]                PROVIDE (__end_bss_RAM2, .)

.bss_RAM3       0x14000000        0x0
                [!provide]                PROVIDE (__start_bss_RAM3, .)
 *(SORT_BY_ALIGNMENT(.bss.$RAM3*))
 *(SORT_BY_ALIGNMENT(.bss.$FLEX_RAM*))
                0x14000000                . = ALIGN ((. != 0x0)?0x8:0x1)
                [!provide]                PROVIDE (__end_bss_RAM3, .)

.bss            0x200000a8      0x840
                0x200000a8                _bss = .
 *(SORT_BY_ALIGNMENT(.bss*))
 .bss.ptr_to_fun_systick
                0x200000a8        0x4 ./source/timers/SysTick.o
                0x200000a8                ptr_to_fun_systick
 .bss.timers    0x200000ac      0x100 ./source/timers/timer.o
 .bss.frameRx   0x200001ac       0x10 ./source/protocols/CAN.o
 .bss.callbacks
                0x200001bc       0x40 ./source/protocols/CAN.o
 .bss.isrI2cConfig
                0x200001fc       0x18 ./source/protocols/I2C.o
 .bss.rx        0x20000214       0xf0 ./source/protocols/uart.o
 .bss.tx        0x20000304       0xf0 ./source/protocols/uart.o
 .bss.MbBuffer  0x200003f4      0x100 ./source/drivers/drv_CAN.o
 .bss.frameTx   0x200004f4       0x10 ./source/drivers/drv_CAN.o
 .bss.accelerometer
                0x20000504        0xc ./source/drivers/drv_FXOS8700CQ.o
 .bss.magnet    0x20000510        0xc ./source/drivers/drv_FXOS8700CQ.o
 .bss.i2cSensor
                0x2000051c        0x1 ./source/drivers/drv_FXOS8700CQ.o
 *fill*         0x2000051d        0x3 
 .bss.buffer    0x20000520        0xd ./source/drivers/drv_FXOS8700CQ.o
 *fill*         0x2000052d        0x3 
 .bss.i         0x20000530        0x4 ./source/drivers/drv_FXOS8700CQ.o
 .bss.PTRS_TO_FUN
                0x20000534      0x280 ./source/MCAL/gpio.o
                0x20000534                PTRS_TO_FUN
 .bss.measurament
                0x200007b4        0x8 ./source/App.o
 .bss.dispositives
                0x200007bc       0x38 ./source/App.o
 .bss.bufferDisp
                0x200007f4       0x38 ./source/App.o
 .bss.message4CPU
                0x2000082c       0x8c ./source/App.o
 .bss.canPackageTx
                0x200008b8        0xf ./source/App.o
 *fill*         0x200008c7        0x1 
 .bss.tempPackage
                0x200008c8        0x5 ./source/App.o
 *fill*         0x200008cd        0x3 
 .bss.__LDM_interruptDisableCount
                0x200008d0        0x4 ./SDK/startup/hardware.o
 .bss.errno     0x200008d4        0x4 c:/nxp/mcuxpressoide_10.2.0_759/ide/tools/bin/../lib/gcc/arm-none-eabi/7.2.1/../../../../arm-none-eabi/lib/thumb/v7e-m/fpv4-sp/hard\libcr_c.a(errno.o)
                0x200008d4                errno
 .bss.currentPackage
                0x200008d8        0x2 ./source/App.o
 .bss.previousPackage
                0x200008da        0x2 ./source/App.o
 .bss.yaInit.6772
                0x200008dc        0x1 ./source/timers/SysTick.o
 .bss.yaInit.7447
                0x200008dd        0x1 ./source/timers/timer.o
 .bss.iterator  0x200008de        0x1 ./source/drivers/drv_CAN.o
 .bss.timerTx   0x200008df        0x1 ./source/App.o
 .bss.timerRx   0x200008e0        0x1 ./source/App.o
 .bss.timerCanEvery1500mSecTx
                0x200008e1        0x1 ./source/App.o
 .bss.timerCanUpdateMovement_R_Tx
                0x200008e2        0x1 ./source/App.o
 .bss.timerCanUpdateMovement_C_Tx
                0x200008e3        0x1 ./source/App.o
 .bss.sensorInit
                0x200008e4        0x1 ./source/App.o
 *(SORT_BY_ALIGNMENT(COMMON))
                0x200008e8                . = ALIGN (0x8)
 *fill*         0x200008e5        0x3 
                0x200008e8                _ebss = .
                [!provide]                PROVIDE (end, .)

.noinit_RAM2    0x1fff0000        0x0
 *(SORT_BY_ALIGNMENT(.noinit.$RAM2*))
 *(SORT_BY_ALIGNMENT(.noinit.$SRAM_LOWER*))
                0x1fff0000                . = ALIGN (0x8)

.noinit_RAM3    0x14000000        0x0
 *(SORT_BY_ALIGNMENT(.noinit.$RAM3*))
 *(SORT_BY_ALIGNMENT(.noinit.$FLEX_RAM*))
                0x14000000                . = ALIGN (0x8)

.noinit         0x200008e8        0x0
                0x200008e8                _noinit = .
 *(SORT_BY_ALIGNMENT(.noinit*))
                0x200008e8                . = ALIGN (0x8)
                0x200008e8                _end_noinit = .
                0x00001000                _HeapSize = 0x1000

.heap           0x200008e8     0x1000
                0x200008e8                _pvHeapStart = .
                0x200018e8                . = (. + _HeapSize)
 *fill*         0x200008e8     0x1000 
                0x200018e8                . = ALIGN (0x8)
                0x200018e8                _pvHeapLimit = .
                0x00001000                _StackSize = 0x1000

.heap2stackfill
                0x200018e8     0x1000
                0x200028e8                . = (. + _StackSize)
 *fill*         0x200018e8     0x1000 

.stack          0x2002f000        0x0
                0x2002f000                _vStackBase = .
                0x2002f000                . = ALIGN (0x8)
                0x20030000                _vStackTop = (. + _StackSize)
                0x00000000                _image_start = LOADADDR (.text)
                0x00003b10                _image_end = (LOADADDR (.data) + SIZEOF (.data))
                0x00003b10                _image_size = (_image_end - _image_start)
OUTPUT(UART.axf elf32-littlearm)

.debug_info     0x00000000     0x8308
 .debug_info    0x00000000      0x15f ./source/timers/SysTick.o
 .debug_info    0x0000015f      0xb7b ./source/timers/timer.o
 .debug_info    0x00000cda      0xdcf ./source/protocols/CAN.o
 .debug_info    0x00001aa9     0x1389 ./source/protocols/I2C.o
 .debug_info    0x00002e32      0xd5c ./source/protocols/uart.o
 .debug_info    0x00003b8e      0x462 ./source/drivers/drv_CAN.o
 .debug_info    0x00003ff0       0xe0 ./source/drivers/drv_DEVBOARD.o
 .debug_info    0x000040d0      0xbaa ./source/drivers/drv_FXOS8700CQ.o
 .debug_info    0x00004c7a      0x1d9 ./source/drivers/drv_I2C.o
 .debug_info    0x00004e53      0x1a0 ./source/drivers/drv_K64.o
 .debug_info    0x00004ff3      0x1ac ./source/drivers/drv_UART.o
 .debug_info    0x0000519f      0x32f ./source/MCAL/IRQ.o
 .debug_info    0x000054ce      0x9ae ./source/MCAL/gpio.o
 .debug_info    0x00005e7c      0xe79 ./source/App.o
 .debug_info    0x00006cf5      0x675 ./SDK/startup/hardware.o
 .debug_info    0x0000736a       0xb7 ./SDK/startup/main.o
 .debug_info    0x00007421       0x3b ./SDK/startup/semihost_hardfault.o
 .debug_info    0x0000745c      0x8b0 ./SDK/startup/startup_mk64f12.o
 .debug_info    0x00007d0c      0x5fc ./SDK/CMSIS/system_MK64F12.o

.debug_abbrev   0x00000000     0x1dd9
 .debug_abbrev  0x00000000      0x115 ./source/timers/SysTick.o
 .debug_abbrev  0x00000115      0x2b2 ./source/timers/timer.o
 .debug_abbrev  0x000003c7      0x2a0 ./source/protocols/CAN.o
 .debug_abbrev  0x00000667      0x2ff ./source/protocols/I2C.o
 .debug_abbrev  0x00000966      0x24e ./source/protocols/uart.o
 .debug_abbrev  0x00000bb4      0x18d ./source/drivers/drv_CAN.o
 .debug_abbrev  0x00000d41       0x9d ./source/drivers/drv_DEVBOARD.o
 .debug_abbrev  0x00000dde      0x287 ./source/drivers/drv_FXOS8700CQ.o
 .debug_abbrev  0x00001065       0xfa ./source/drivers/drv_I2C.o
 .debug_abbrev  0x0000115f       0xb7 ./source/drivers/drv_K64.o
 .debug_abbrev  0x00001216      0x10c ./source/drivers/drv_UART.o
 .debug_abbrev  0x00001322      0x143 ./source/MCAL/IRQ.o
 .debug_abbrev  0x00001465      0x1df ./source/MCAL/gpio.o
 .debug_abbrev  0x00001644      0x316 ./source/App.o
 .debug_abbrev  0x0000195a      0x138 ./SDK/startup/hardware.o
 .debug_abbrev  0x00001a92       0x7d ./SDK/startup/main.o
 .debug_abbrev  0x00001b0f       0x2f ./SDK/startup/semihost_hardfault.o
 .debug_abbrev  0x00001b3e      0x15c ./SDK/startup/startup_mk64f12.o
 .debug_abbrev  0x00001c9a      0x13f ./SDK/CMSIS/system_MK64F12.o

.debug_aranges  0x00000000      0x878
 .debug_aranges
                0x00000000       0x28 ./source/timers/SysTick.o
 .debug_aranges
                0x00000028       0x58 ./source/timers/timer.o
 .debug_aranges
                0x00000080       0x78 ./source/protocols/CAN.o
 .debug_aranges
                0x000000f8       0x68 ./source/protocols/I2C.o
 .debug_aranges
                0x00000160       0x90 ./source/protocols/uart.o
 .debug_aranges
                0x000001f0       0x38 ./source/drivers/drv_CAN.o
 .debug_aranges
                0x00000228       0x20 ./source/drivers/drv_DEVBOARD.o
 .debug_aranges
                0x00000248       0x60 ./source/drivers/drv_FXOS8700CQ.o
 .debug_aranges
                0x000002a8       0x38 ./source/drivers/drv_I2C.o
 .debug_aranges
                0x000002e0       0x68 ./source/drivers/drv_K64.o
 .debug_aranges
                0x00000348       0x30 ./source/drivers/drv_UART.o
 .debug_aranges
                0x00000378       0x50 ./source/MCAL/IRQ.o
 .debug_aranges
                0x000003c8       0x48 ./source/MCAL/gpio.o
 .debug_aranges
                0x00000410       0x98 ./source/App.o
 .debug_aranges
                0x000004a8       0x30 ./SDK/startup/hardware.o
 .debug_aranges
                0x000004d8       0x20 ./SDK/startup/main.o
 .debug_aranges
                0x000004f8       0x20 ./SDK/startup/semihost_hardfault.o
 .debug_aranges
                0x00000518      0x330 ./SDK/startup/startup_mk64f12.o
 .debug_aranges
                0x00000848       0x30 ./SDK/CMSIS/system_MK64F12.o

.debug_ranges   0x00000000      0x748
 .debug_ranges  0x00000000       0x18 ./source/timers/SysTick.o
 .debug_ranges  0x00000018       0x48 ./source/timers/timer.o
 .debug_ranges  0x00000060       0x68 ./source/protocols/CAN.o
 .debug_ranges  0x000000c8       0x58 ./source/protocols/I2C.o
 .debug_ranges  0x00000120       0x80 ./source/protocols/uart.o
 .debug_ranges  0x000001a0       0x28 ./source/drivers/drv_CAN.o
 .debug_ranges  0x000001c8       0x10 ./source/drivers/drv_DEVBOARD.o
 .debug_ranges  0x000001d8       0x50 ./source/drivers/drv_FXOS8700CQ.o
 .debug_ranges  0x00000228       0x28 ./source/drivers/drv_I2C.o
 .debug_ranges  0x00000250       0x58 ./source/drivers/drv_K64.o
 .debug_ranges  0x000002a8       0x20 ./source/drivers/drv_UART.o
 .debug_ranges  0x000002c8       0x40 ./source/MCAL/IRQ.o
 .debug_ranges  0x00000308       0x38 ./source/MCAL/gpio.o
 .debug_ranges  0x00000340       0x88 ./source/App.o
 .debug_ranges  0x000003c8       0x20 ./SDK/startup/hardware.o
 .debug_ranges  0x000003e8       0x10 ./SDK/startup/main.o
 .debug_ranges  0x000003f8       0x10 ./SDK/startup/semihost_hardfault.o
 .debug_ranges  0x00000408      0x320 ./SDK/startup/startup_mk64f12.o
 .debug_ranges  0x00000728       0x20 ./SDK/CMSIS/system_MK64F12.o

.debug_macro    0x00000000    0x13988
 .debug_macro   0x00000000       0xbc ./source/timers/SysTick.o
 .debug_macro   0x000000bc      0xa5a ./source/timers/SysTick.o
 .debug_macro   0x00000b16       0x22 ./source/timers/SysTick.o
 .debug_macro   0x00000b38       0x5c ./source/timers/SysTick.o
 .debug_macro   0x00000b94      0x34e ./source/timers/SysTick.o
 .debug_macro   0x00000ee2       0x1c ./source/timers/SysTick.o
 .debug_macro   0x00000efe       0x22 ./source/timers/SysTick.o
 .debug_macro   0x00000f20       0xdf ./source/timers/SysTick.o
 .debug_macro   0x00000fff      0xecf ./source/timers/SysTick.o
 .debug_macro   0x00001ece       0x48 ./source/timers/SysTick.o
 .debug_macro   0x00001f16     0xe07b ./source/timers/SysTick.o
 .debug_macro   0x0000ff91       0x10 ./source/timers/SysTick.o
 .debug_macro   0x0000ffa1     0x122b ./source/timers/SysTick.o
 .debug_macro   0x000111cc       0x16 ./source/timers/SysTick.o
 .debug_macro   0x000111e2      0x1b0 ./source/timers/timer.o
 .debug_macro   0x00011392       0x17 ./source/timers/timer.o
 .debug_macro   0x000113a9       0x22 ./source/timers/timer.o
 .debug_macro   0x000113cb       0x52 ./source/timers/timer.o
 .debug_macro   0x0001141d       0x8d ./source/timers/timer.o
 .debug_macro   0x000114aa       0x35 ./source/timers/timer.o
 .debug_macro   0x000114df       0x9c ./source/timers/timer.o
 .debug_macro   0x0001157b       0x16 ./source/timers/timer.o
 .debug_macro   0x00011591      0x10e ./source/timers/timer.o
 .debug_macro   0x0001169f       0x8d ./source/timers/timer.o
 .debug_macro   0x0001172c       0x57 ./source/timers/timer.o
 .debug_macro   0x00011783       0x58 ./source/timers/timer.o
 .debug_macro   0x000117db       0x1f ./source/timers/timer.o
 .debug_macro   0x000117fa       0x43 ./source/timers/timer.o
 .debug_macro   0x0001183d       0x20 ./source/timers/timer.o
 .debug_macro   0x0001185d      0x18e ./source/timers/timer.o
 .debug_macro   0x000119eb      0x330 ./source/timers/timer.o
 .debug_macro   0x00011d1b       0x16 ./source/timers/timer.o
 .debug_macro   0x00011d31       0x29 ./source/timers/timer.o
 .debug_macro   0x00011d5a       0x28 ./source/timers/timer.o
 .debug_macro   0x00011d82       0xd9 ./source/timers/timer.o
 .debug_macro   0x00011e5b       0xcb ./source/protocols/CAN.o
 .debug_macro   0x00011f26       0x46 ./source/protocols/CAN.o
 .debug_macro   0x00011f6c      0x100 ./source/protocols/CAN.o
 .debug_macro   0x0001206c       0x1c ./source/protocols/CAN.o
 .debug_macro   0x00012088      0x286 ./source/protocols/I2C.o
 .debug_macro   0x0001230e       0x16 ./source/protocols/I2C.o
 .debug_macro   0x00012324       0x97 ./source/protocols/I2C.o
 .debug_macro   0x000123bb       0xfd ./source/protocols/I2C.o
 .debug_macro   0x000124b8       0x10 ./source/protocols/I2C.o
 .debug_macro   0x000124c8       0x10 ./source/protocols/I2C.o
 .debug_macro   0x000124d8       0x6a ./source/protocols/I2C.o
 .debug_macro   0x00012542       0x1c ./source/protocols/I2C.o
 .debug_macro   0x0001255e       0x52 ./source/protocols/I2C.o
 .debug_macro   0x000125b0       0x40 ./source/protocols/I2C.o
 .debug_macro   0x000125f0       0x10 ./source/protocols/I2C.o
 .debug_macro   0x00012600       0x40 ./source/protocols/I2C.o
 .debug_macro   0x00012640       0xd7 ./source/protocols/I2C.o
 .debug_macro   0x00012717       0x1c ./source/protocols/I2C.o
 .debug_macro   0x00012733       0x3d ./source/protocols/I2C.o
 .debug_macro   0x00012770       0x16 ./source/protocols/I2C.o
 .debug_macro   0x00012786      0x16f ./source/protocols/I2C.o
 .debug_macro   0x000128f5       0x10 ./source/protocols/I2C.o
 .debug_macro   0x00012905       0xc2 ./source/protocols/uart.o
 .debug_macro   0x000129c7       0x22 ./source/protocols/uart.o
 .debug_macro   0x000129e9       0xdd ./source/drivers/drv_CAN.o
 .debug_macro   0x00012ac6       0x16 ./source/drivers/drv_CAN.o
 .debug_macro   0x00012adc       0xcc ./source/drivers/drv_DEVBOARD.o
 .debug_macro   0x00012ba8      0x1df ./source/drivers/drv_FXOS8700CQ.o
 .debug_macro   0x00012d87       0x16 ./source/drivers/drv_FXOS8700CQ.o
 .debug_macro   0x00012d9d       0xdb ./source/drivers/drv_I2C.o
 .debug_macro   0x00012e78       0xc2 ./source/drivers/drv_K64.o
 .debug_macro   0x00012f3a       0xd9 ./source/drivers/drv_UART.o
 .debug_macro   0x00013013       0x1c ./source/drivers/drv_UART.o
 .debug_macro   0x0001302f       0x10 ./source/drivers/drv_UART.o
 .debug_macro   0x0001303f       0xb3 ./source/MCAL/IRQ.o
 .debug_macro   0x000130f2       0xaf ./source/MCAL/gpio.o
 .debug_macro   0x000131a1      0x26b ./source/App.o
 .debug_macro   0x0001340c      0x174 ./source/App.o
 .debug_macro   0x00013580      0x1e1 ./source/App.o
 .debug_macro   0x00013761       0x35 ./source/App.o
 .debug_macro   0x00013796       0x9c ./SDK/startup/hardware.o
 .debug_macro   0x00013832       0x9c ./SDK/startup/main.o
 .debug_macro   0x000138ce       0x11 ./SDK/startup/semihost_hardfault.o
 .debug_macro   0x000138df       0x29 ./SDK/startup/startup_mk64f12.o
 .debug_macro   0x00013908       0x80 ./SDK/CMSIS/system_MK64F12.o

.debug_line     0x00000000     0x36e6
 .debug_line    0x00000000      0x1b0 ./source/timers/SysTick.o
 .debug_line    0x000001b0      0x421 ./source/timers/timer.o
 .debug_line    0x000005d1      0x31f ./source/protocols/CAN.o
 .debug_line    0x000008f0      0x513 ./source/protocols/I2C.o
 .debug_line    0x00000e03      0x38f ./source/protocols/uart.o
 .debug_line    0x00001192      0x228 ./source/drivers/drv_CAN.o
 .debug_line    0x000013ba      0x1bf ./source/drivers/drv_DEVBOARD.o
 .debug_line    0x00001579      0x4d1 ./source/drivers/drv_FXOS8700CQ.o
 .debug_line    0x00001a4a      0x205 ./source/drivers/drv_I2C.o
 .debug_line    0x00001c4f      0x24a ./source/drivers/drv_K64.o
 .debug_line    0x00001e99      0x1f0 ./source/drivers/drv_UART.o
 .debug_line    0x00002089      0x210 ./source/MCAL/IRQ.o
 .debug_line    0x00002299      0x208 ./source/MCAL/gpio.o
 .debug_line    0x000024a1      0x605 ./source/App.o
 .debug_line    0x00002aa6      0x1d4 ./SDK/startup/hardware.o
 .debug_line    0x00002c7a      0x174 ./SDK/startup/main.o
 .debug_line    0x00002dee       0x59 ./SDK/startup/semihost_hardfault.o
 .debug_line    0x00002e47      0x6d8 ./SDK/startup/startup_mk64f12.o
 .debug_line    0x0000351f      0x1c7 ./SDK/CMSIS/system_MK64F12.o

.debug_str      0x00000000    0x7e70d
 .debug_str     0x00000000    0x76f2d ./source/timers/SysTick.o
                              0x770b4 (size before relaxing)
 .debug_str     0x00076f2d     0x352e ./source/timers/timer.o
                              0x7a5fb (size before relaxing)
 .debug_str     0x0007a45b      0xf2c ./source/protocols/CAN.o
                              0x77f5a (size before relaxing)
 .debug_str     0x0007b387     0x16ca ./source/protocols/I2C.o
                              0x7c5fa (size before relaxing)
 .debug_str     0x0007ca51      0x25e ./source/protocols/uart.o
                              0x779e1 (size before relaxing)
 .debug_str     0x0007ccaf       0xe6 ./source/drivers/drv_CAN.o
                              0x7778d (size before relaxing)
 .debug_str     0x0007cd95       0x41 ./source/drivers/drv_DEVBOARD.o
                              0x77531 (size before relaxing)
 .debug_str     0x0007cdd6      0x21a ./source/drivers/drv_FXOS8700CQ.o
                              0x7ac7a (size before relaxing)
 .debug_str     0x0007cff0       0x55 ./source/drivers/drv_I2C.o
                              0x77648 (size before relaxing)
 .debug_str     0x0007d045       0xb3 ./source/drivers/drv_K64.o
                              0x775a3 (size before relaxing)
 .debug_str     0x0007d0f8       0xa9 ./source/drivers/drv_UART.o
                              0x77174 (size before relaxing)
 .debug_str     0x0007d1a1       0x9a ./source/MCAL/IRQ.o
                              0x77129 (size before relaxing)
 .debug_str     0x0007d23b       0x9b ./source/MCAL/gpio.o
                              0x777ff (size before relaxing)
 .debug_str     0x0007d2d6      0xafe ./source/App.o
                              0x7b7a8 (size before relaxing)
 .debug_str     0x0007ddd4      0x16f ./SDK/startup/hardware.o
                              0x771f8 (size before relaxing)
 .debug_str     0x0007df43       0x1b ./SDK/startup/main.o
                              0x76fcc (size before relaxing)
 .debug_str     0x0007df5e       0x36 ./SDK/startup/semihost_hardfault.o
                               0x2d32 (size before relaxing)
 .debug_str     0x0007df94      0x717 ./SDK/startup/startup_mk64f12.o
                               0x35a0 (size before relaxing)
 .debug_str     0x0007e6ab       0x62 ./SDK/CMSIS/system_MK64F12.o
                              0x77107 (size before relaxing)

.comment        0x00000000       0x7e
 .comment       0x00000000       0x7e ./source/timers/SysTick.o
                                 0x7f (size before relaxing)
 .comment       0x0000007e       0x7f ./source/timers/timer.o
 .comment       0x0000007e       0x7f ./source/protocols/CAN.o
 .comment       0x0000007e       0x7f ./source/protocols/I2C.o
 .comment       0x0000007e       0x7f ./source/protocols/uart.o
 .comment       0x0000007e       0x7f ./source/drivers/drv_CAN.o
 .comment       0x0000007e       0x7f ./source/drivers/drv_DEVBOARD.o
 .comment       0x0000007e       0x7f ./source/drivers/drv_FXOS8700CQ.o
 .comment       0x0000007e       0x7f ./source/drivers/drv_I2C.o
 .comment       0x0000007e       0x7f ./source/drivers/drv_K64.o
 .comment       0x0000007e       0x7f ./source/drivers/drv_UART.o
 .comment       0x0000007e       0x7f ./source/MCAL/IRQ.o
 .comment       0x0000007e       0x7f ./source/MCAL/gpio.o
 .comment       0x0000007e       0x7f ./source/App.o
 .comment       0x0000007e       0x7f ./SDK/startup/hardware.o
 .comment       0x0000007e       0x7f ./SDK/startup/main.o
 .comment       0x0000007e       0x7f ./SDK/startup/semihost_hardfault.o
 .comment       0x0000007e       0x7f ./SDK/startup/startup_mk64f12.o
 .comment       0x0000007e       0x7f ./SDK/CMSIS/system_MK64F12.o
 .comment       0x0000007e       0x7f c:/nxp/mcuxpressoide_10.2.0_759/ide/tools/bin/../lib/gcc/arm-none-eabi/7.2.1/../../../../arm-none-eabi/lib/thumb/v7e-m/fpv4-sp/hard\libcr_c.a(atan2.o)
 .comment       0x0000007e       0x7f c:/nxp/mcuxpressoide_10.2.0_759/ide/tools/bin/../lib/gcc/arm-none-eabi/7.2.1/../../../../arm-none-eabi/lib/thumb/v7e-m/fpv4-sp/hard\libcr_c.a(errno.o)
 .comment       0x0000007e       0x7f c:/nxp/mcuxpressoide_10.2.0_759/ide/tools/bin/../lib/gcc/arm-none-eabi/7.2.1/../../../../arm-none-eabi/lib/thumb/v7e-m/fpv4-sp/hard\libcr_c.a(fabs.o)
 .comment       0x0000007e       0x7f c:/nxp/mcuxpressoide_10.2.0_759/ide/tools/bin/../lib/gcc/arm-none-eabi/7.2.1/../../../../arm-none-eabi/lib/thumb/v7e-m/fpv4-sp/hard\libcr_c.a(sqrt.o)
 .comment       0x0000007e       0x7f c:/nxp/mcuxpressoide_10.2.0_759/ide/tools/bin/../lib/gcc/arm-none-eabi/7.2.1/../../../../arm-none-eabi/lib/thumb/v7e-m/fpv4-sp/hard\libcr_c.a(_hugeval.o)
 .comment       0x0000007e       0x7f c:/nxp/mcuxpressoide_10.2.0_759/ide/tools/bin/../lib/gcc/arm-none-eabi/7.2.1/../../../../arm-none-eabi/lib/thumb/v7e-m/fpv4-sp/hard\libcr_c.a(atan.o)
 .comment       0x0000007e       0x7f c:/nxp/mcuxpressoide_10.2.0_759/ide/tools/bin/../lib/gcc/arm-none-eabi/7.2.1/thumb/v7e-m/fpv4-sp/hard\libcr_eabihelpers.a(double.o)
 .comment       0x0000007e       0x7f c:/nxp/mcuxpressoide_10.2.0_759/ide/tools/bin/../lib/gcc/arm-none-eabi/7.2.1/thumb/v7e-m/fpv4-sp/hard\libcr_eabihelpers.a(float.o)

.ARM.attributes
                0x00000000       0x39
 .ARM.attributes
                0x00000000       0x39 ./source/timers/SysTick.o
 .ARM.attributes
                0x00000039       0x39 ./source/timers/timer.o
 .ARM.attributes
                0x00000072       0x39 ./source/protocols/CAN.o
 .ARM.attributes
                0x000000ab       0x39 ./source/protocols/I2C.o
 .ARM.attributes
                0x000000e4       0x39 ./source/protocols/uart.o
 .ARM.attributes
                0x0000011d       0x39 ./source/drivers/drv_CAN.o
 .ARM.attributes
                0x00000156       0x39 ./source/drivers/drv_DEVBOARD.o
 .ARM.attributes
                0x0000018f       0x39 ./source/drivers/drv_FXOS8700CQ.o
 .ARM.attributes
                0x000001c8       0x39 ./source/drivers/drv_I2C.o
 .ARM.attributes
                0x00000201       0x39 ./source/drivers/drv_K64.o
 .ARM.attributes
                0x0000023a       0x39 ./source/drivers/drv_UART.o
 .ARM.attributes
                0x00000273       0x39 ./source/MCAL/IRQ.o
 .ARM.attributes
                0x000002ac       0x39 ./source/MCAL/gpio.o
 .ARM.attributes
                0x000002e5       0x39 ./source/App.o
 .ARM.attributes
                0x0000031e       0x39 ./SDK/startup/hardware.o
 .ARM.attributes
                0x00000357       0x39 ./SDK/startup/main.o
 .ARM.attributes
                0x00000390       0x39 ./SDK/startup/semihost_hardfault.o
 .ARM.attributes
                0x000003c9       0x39 ./SDK/startup/startup_mk64f12.o
 .ARM.attributes
                0x00000402       0x39 ./SDK/CMSIS/system_MK64F12.o
 .ARM.attributes
                0x0000043b       0x39 c:/nxp/mcuxpressoide_10.2.0_759/ide/tools/bin/../lib/gcc/arm-none-eabi/7.2.1/../../../../arm-none-eabi/lib/thumb/v7e-m/fpv4-sp/hard\libcr_c.a(atan2.o)
 .ARM.attributes
                0x00000474       0x39 c:/nxp/mcuxpressoide_10.2.0_759/ide/tools/bin/../lib/gcc/arm-none-eabi/7.2.1/../../../../arm-none-eabi/lib/thumb/v7e-m/fpv4-sp/hard\libcr_c.a(errno.o)
 .ARM.attributes
                0x000004ad       0x39 c:/nxp/mcuxpressoide_10.2.0_759/ide/tools/bin/../lib/gcc/arm-none-eabi/7.2.1/../../../../arm-none-eabi/lib/thumb/v7e-m/fpv4-sp/hard\libcr_c.a(fabs.o)
 .ARM.attributes
                0x000004e6       0x39 c:/nxp/mcuxpressoide_10.2.0_759/ide/tools/bin/../lib/gcc/arm-none-eabi/7.2.1/../../../../arm-none-eabi/lib/thumb/v7e-m/fpv4-sp/hard\libcr_c.a(sqrt.o)
 .ARM.attributes
                0x0000051f       0x39 c:/nxp/mcuxpressoide_10.2.0_759/ide/tools/bin/../lib/gcc/arm-none-eabi/7.2.1/../../../../arm-none-eabi/lib/thumb/v7e-m/fpv4-sp/hard\libcr_c.a(_hugeval.o)
 .ARM.attributes
                0x00000558       0x39 c:/nxp/mcuxpressoide_10.2.0_759/ide/tools/bin/../lib/gcc/arm-none-eabi/7.2.1/../../../../arm-none-eabi/lib/thumb/v7e-m/fpv4-sp/hard\libcr_c.a(atan.o)
 .ARM.attributes
                0x00000591       0x39 c:/nxp/mcuxpressoide_10.2.0_759/ide/tools/bin/../lib/gcc/arm-none-eabi/7.2.1/thumb/v7e-m/fpv4-sp/hard\libcr_eabihelpers.a(double.o)
 .ARM.attributes
                0x000005ca       0x39 c:/nxp/mcuxpressoide_10.2.0_759/ide/tools/bin/../lib/gcc/arm-none-eabi/7.2.1/thumb/v7e-m/fpv4-sp/hard\libcr_eabihelpers.a(float.o)

.debug_frame    0x00000000     0x1a80
 .debug_frame   0x00000000       0x64 ./source/timers/SysTick.o
 .debug_frame   0x00000064      0x138 ./source/timers/timer.o
 .debug_frame   0x0000019c      0x1d0 ./source/protocols/CAN.o
 .debug_frame   0x0000036c      0x184 ./source/protocols/I2C.o
 .debug_frame   0x000004f0      0x27c ./source/protocols/uart.o
 .debug_frame   0x0000076c       0xa8 ./source/drivers/drv_CAN.o
 .debug_frame   0x00000814       0x30 ./source/drivers/drv_DEVBOARD.o
 .debug_frame   0x00000844      0x148 ./source/drivers/drv_FXOS8700CQ.o
 .debug_frame   0x0000098c       0x90 ./source/drivers/drv_I2C.o
 .debug_frame   0x00000a1c      0x128 ./source/drivers/drv_K64.o
 .debug_frame   0x00000b44       0x7c ./source/drivers/drv_UART.o
 .debug_frame   0x00000bc0      0x150 ./source/MCAL/IRQ.o
 .debug_frame   0x00000d10       0xfc ./source/MCAL/gpio.o
 .debug_frame   0x00000e0c      0x240 ./source/App.o
 .debug_frame   0x0000104c       0x70 ./SDK/startup/hardware.o
 .debug_frame   0x000010bc       0x2c ./SDK/startup/main.o
 .debug_frame   0x000010e8       0x20 ./SDK/startup/semihost_hardfault.o
 .debug_frame   0x00001108      0x904 ./SDK/startup/startup_mk64f12.o
 .debug_frame   0x00001a0c       0x74 ./SDK/CMSIS/system_MK64F12.o
