Archive member included to satisfy reference by file (symbol)

c:/nxp/mcuxpressoide_10.2.0_759/ide/tools/bin/../lib/gcc/arm-none-eabi/7.2.1/../../../../arm-none-eabi/lib/thumb/v7e-m/fpv4-sp/hard\libcr_c.a(atan2.o)
                              ./source/App.o (atan2)
c:/nxp/mcuxpressoide_10.2.0_759/ide/tools/bin/../lib/gcc/arm-none-eabi/7.2.1/../../../../arm-none-eabi/lib/thumb/v7e-m/fpv4-sp/hard\libcr_c.a(errno.o)
                              c:/nxp/mcuxpressoide_10.2.0_759/ide/tools/bin/../lib/gcc/arm-none-eabi/7.2.1/../../../../arm-none-eabi/lib/thumb/v7e-m/fpv4-sp/hard\libcr_c.a(atan2.o) (errno)
c:/nxp/mcuxpressoide_10.2.0_759/ide/tools/bin/../lib/gcc/arm-none-eabi/7.2.1/../../../../arm-none-eabi/lib/thumb/v7e-m/fpv4-sp/hard\libcr_c.a(fabs.o)
                              c:/nxp/mcuxpressoide_10.2.0_759/ide/tools/bin/../lib/gcc/arm-none-eabi/7.2.1/../../../../arm-none-eabi/lib/thumb/v7e-m/fpv4-sp/hard\libcr_c.a(atan2.o) (fabs)
c:/nxp/mcuxpressoide_10.2.0_759/ide/tools/bin/../lib/gcc/arm-none-eabi/7.2.1/../../../../arm-none-eabi/lib/thumb/v7e-m/fpv4-sp/hard\libcr_c.a(sqrt.o)
                              ./source/App.o (sqrt)
c:/nxp/mcuxpressoide_10.2.0_759/ide/tools/bin/../lib/gcc/arm-none-eabi/7.2.1/../../../../arm-none-eabi/lib/thumb/v7e-m/fpv4-sp/hard\libcr_c.a(_hugeval.o)
                              c:/nxp/mcuxpressoide_10.2.0_759/ide/tools/bin/../lib/gcc/arm-none-eabi/7.2.1/../../../../arm-none-eabi/lib/thumb/v7e-m/fpv4-sp/hard\libcr_c.a(atan2.o) (__huge_val)
c:/nxp/mcuxpressoide_10.2.0_759/ide/tools/bin/../lib/gcc/arm-none-eabi/7.2.1/../../../../arm-none-eabi/lib/thumb/v7e-m/fpv4-sp/hard\libcr_c.a(atan.o)
                              c:/nxp/mcuxpressoide_10.2.0_759/ide/tools/bin/../lib/gcc/arm-none-eabi/7.2.1/../../../../arm-none-eabi/lib/thumb/v7e-m/fpv4-sp/hard\libcr_c.a(atan2.o) (atan)
c:/nxp/mcuxpressoide_10.2.0_759/ide/tools/bin/../lib/gcc/arm-none-eabi/7.2.1/thumb/v7e-m/fpv4-sp/hard\libcr_eabihelpers.a(double.o)
                              ./source/drivers/drv_FXOS8700CQ.o (__aeabi_dmul)

Discarded input sections

 .group         0x00000000        0xc ./source/timers/SysTick.o
 .group         0x00000000        0xc ./source/timers/SysTick.o
 .group         0x00000000        0xc ./source/timers/SysTick.o
 .group         0x00000000        0xc ./source/timers/SysTick.o
 .group         0x00000000        0xc ./source/timers/SysTick.o
 .group         0x00000000        0xc ./source/timers/SysTick.o
 .group         0x00000000        0xc ./source/timers/SysTick.o
 .group         0x00000000        0xc ./source/timers/SysTick.o
 .group         0x00000000        0xc ./source/timers/SysTick.o
 .group         0x00000000        0xc ./source/timers/SysTick.o
 .group         0x00000000        0xc ./source/timers/SysTick.o
 .group         0x00000000        0xc ./source/timers/SysTick.o
 .group         0x00000000        0xc ./source/timers/SysTick.o
 .text          0x00000000        0x0 ./source/timers/SysTick.o
 .data          0x00000000        0x0 ./source/timers/SysTick.o
 .bss           0x00000000        0x0 ./source/timers/SysTick.o
 .group         0x00000000        0xc ./source/timers/timer.o
 .group         0x00000000        0xc ./source/timers/timer.o
 .group         0x00000000        0xc ./source/timers/timer.o
 .group         0x00000000        0xc ./source/timers/timer.o
 .group         0x00000000        0xc ./source/timers/timer.o
 .group         0x00000000        0xc ./source/timers/timer.o
 .group         0x00000000        0xc ./source/timers/timer.o
 .group         0x00000000        0xc ./source/timers/timer.o
 .group         0x00000000        0xc ./source/timers/timer.o
 .group         0x00000000        0xc ./source/timers/timer.o
 .group         0x00000000        0xc ./source/timers/timer.o
 .group         0x00000000        0xc ./source/timers/timer.o
 .group         0x00000000        0xc ./source/timers/timer.o
 .group         0x00000000        0xc ./source/timers/timer.o
 .group         0x00000000        0xc ./source/timers/timer.o
 .group         0x00000000        0xc ./source/timers/timer.o
 .group         0x00000000        0xc ./source/timers/timer.o
 .group         0x00000000        0xc ./source/timers/timer.o
 .group         0x00000000        0xc ./source/timers/timer.o
 .group         0x00000000        0xc ./source/timers/timer.o
 .group         0x00000000        0xc ./source/timers/timer.o
 .group         0x00000000        0xc ./source/timers/timer.o
 .group         0x00000000        0xc ./source/timers/timer.o
 .group         0x00000000        0xc ./source/timers/timer.o
 .group         0x00000000        0xc ./source/timers/timer.o
 .group         0x00000000        0xc ./source/timers/timer.o
 .group         0x00000000        0xc ./source/timers/timer.o
 .group         0x00000000        0xc ./source/timers/timer.o
 .group         0x00000000        0xc ./source/timers/timer.o
 .group         0x00000000        0xc ./source/timers/timer.o
[...]
Memory Configuration

Name             Origin             Length             Attributes
PROGRAM_FLASH    0x00000000         0x00100000         xr
SRAM_UPPER       0x20000000         0x00030000         xrw
SRAM_LOWER       0x1fff0000         0x00010000         xrw
FLEX_RAM         0x14000000         0x00001000         xrw
*default*        0x00000000         0xffffffff

Linker script and memory map

LOAD ./source/timers/SysTick.o
LOAD ./source/timers/timer.o
LOAD ./source/protocols/CAN.o
LOAD ./source/protocols/I2C.o
LOAD ./source/protocols/uart.o
LOAD ./source/drivers/drv_CAN.o
LOAD ./source/drivers/drv_DEVBOARD.o
LOAD ./source/drivers/drv_FXOS8700CQ.o
LOAD ./source/drivers/drv_I2C.o
LOAD ./source/drivers/drv_K64.o
LOAD ./source/drivers/drv_UART.o
LOAD ./source/MCAL/IRQ.o
LOAD ./source/MCAL/gpio.o
LOAD ./source/App.o
LOAD ./SDK/startup/hardware.o
LOAD ./SDK/startup/main.o
LOAD ./SDK/startup/semihost_hardfault.o
LOAD ./SDK/startup/startup_mk64f12.o
LOAD ./SDK/CMSIS/system_MK64F12.o
START GROUP
LOAD c:/nxp/mcuxpressoide_10.2.0_759/ide/tools/bin/../lib/gcc/arm-none-eabi/7.2.1/../../../../arm-none-eabi/lib/thumb/v7e-m/fpv4-sp/hard\libcr_c.a
LOAD c:/nxp/mcuxpressoide_10.2.0_759/ide/tools/bin/../lib/gcc/arm-none-eabi/7.2.1/thumb/v7e-m/fpv4-sp/hard\libcr_eabihelpers.a
END GROUP
                0x00000000                __base_PROGRAM_FLASH = 0x0
                0x00000000                __base_Flash = 0x0
                0x00100000                __top_PROGRAM_FLASH = 0x100000
                0x00100000                __top_Flash = 0x100000
                0x20000000                __base_SRAM_UPPER = 0x20000000
                0x20000000                __base_RAM = 0x20000000
                0x20030000                __top_SRAM_UPPER = 0x20030000
                0x20030000                __top_RAM = 0x20030000
                0x1fff0000                __base_SRAM_LOWER = 0x1fff0000
                0x1fff0000                __base_RAM2 = 0x1fff0000
                0x20000000                __top_SRAM_LOWER = 0x20000000
                0x20000000                __top_RAM2 = 0x20000000
                0x14000000                __base_FLEX_RAM = 0x14000000
                0x14000000                __base_RAM3 = 0x14000000
                0x14001000                __top_FLEX_RAM = 0x14001000
                0x14001000                __top_RAM3 = 0x14001000

.text           0x00000000     0x3658
 FILL mask 0xff
                0x00000000                __vectors_start__ = ABSOLUTE (.)
 *(SORT_BY_ALIGNMENT(.isr_vector))
 .isr_vector    0x00000000      0x198 ./SDK/startup/startup_mk64f12.o
                0x00000000                g_pfnVectors
                0x00000000                __Vectors
                0x00000198                . = ALIGN (0x4)
                0x00000198                __section_table_start = .
                0x00000198                __data_section_table = .
                0x00000198        0x4 LONG 0x3658 LOADADDR (.data)
                0x0000019c        0x4 LONG 0x20000000 ADDR (.data)
                0x000001a0        0x4 LONG 0xa8 SIZEOF (.data)
                0x000001a4        0x4 LONG 0x3658 LOADADDR (.data_RAM2)
                0x000001a8        0x4 LONG 0x1fff0000 ADDR (.data_RAM2)
                0x000001ac        0x4 LONG 0x0 SIZEOF (.data_RAM2)
                0x000001b0        0x4 LONG 0x3658 LOADADDR (.data_RAM3)
                0x000001b4        0x4 LONG 0x14000000 ADDR (.data_RAM3)
                0x000001b8        0x4 LONG 0x0 SIZEOF (.data_RAM3)
                0x000001bc                __data_section_table_end = .
                0x000001bc                __bss_section_table = .
                0x000001bc        0x4 LONG 0x200000a8 ADDR (.bss)
                0x000001c0        0x4 LONG 0x7f8 SIZEOF (.bss)
                0x000001c4        0x4 LONG 0x1fff0000 ADDR (.bss_RAM2)
                0x000001c8        0x4 LONG 0x0 SIZEOF (.bss_RAM2)
                0x000001cc        0x4 LONG 0x14000000 ADDR (.bss_RAM3)
                0x000001d0        0x4 LONG 0x0 SIZEOF (.bss_RAM3)
                0x000001d4                __bss_section_table_end = .
                0x000001d4                __section_table_end = .
 *(SORT_BY_ALIGNMENT(.after_vectors*))
 .after_vectors.reset
                0x000001d4       0x4c ./SDK/startup/startup_mk64f12.o
                0x000001d4                ResetISR
 .after_vectors.init_data
                0x00000220       0x1e ./SDK/startup/startup_mk64f12.o
                0x00000220                data_init
 .after_vectors.init_bss
                0x0000023e       0x12 ./SDK/startup/startup_mk64f12.o
                0x0000023e                bss_init
 .after_vectors
                0x00000250       0x14 ./SDK/startup/startup_mk64f12.o
                0x00000250                NMI_Handler
                0x00000254                MemManage_Handler
                0x00000256                BusFault_Handler
                0x00000258                UsageFault_Handler
                0x0000025a                SVC_Handler
                0x0000025c                DebugMon_Handler
                0x0000025e                PendSV_Handler
                0x00000262                DMA_Error_DriverIRQHandler
                0x00000262                LPTMR0_DriverIRQHandler
                0x00000262                FTM1_DriverIRQHandler
                0x00000262                FTM2_DriverIRQHandler
                0x00000262                PIT2_DriverIRQHandler
                0x00000262                SDHC_DriverIRQHandler
                0x00000262                I2S0_Tx_DriverIRQHandler
                0x00000262                RTC_Seconds_DriverIRQHandler
                0x00000262                DMA6_DriverIRQHandler
                0x00000262                LLWU_DriverIRQHandler
                0x00000262                MCM_DriverIRQHandler
                0x00000262                MCG_DriverIRQHandler
                0x00000262                ENET_1588_Timer_DriverIRQHandler
                0x00000262                I2C2_DriverIRQHandler
                0x00000262                DAC1_DriverIRQHandler
                0x00000262                SPI1_DriverIRQHandler
                0x00000262                CMP1_DriverIRQHandler
                0x00000262                UART5_RX_TX_DriverIRQHandler
                0x00000262                FTM0_DriverIRQHandler
                0x00000262                IntDefaultHandler
                0x00000262                USB0_DriverIRQHandler
                0x00000262                UART5_ERR_DriverIRQHandler
                0x00000262                PORTC_DriverIRQHandler
                0x00000262                DMA11_DriverIRQHandler
                0x00000262                DAC0_DriverIRQHandler
                0x00000262                DMA10_DriverIRQHandler
                0x00000262                CMP2_DriverIRQHandler
                0x00000262                UART2_ERR_DriverIRQHandler
                0x00000262                SPI2_DriverIRQHandler
                0x00000262                LVD_LVW_DriverIRQHandler
                0x00000262                PIT0_DriverIRQHandler
                0x00000262                RNG_DriverIRQHandler
                0x00000262                DMA5_DriverIRQHandler
                0x00000262                DMA12_DriverIRQHandler
                0x00000262                UART2_RX_TX_DriverIRQHandler
                0x00000262                USBDCD_DriverIRQHandler
                0x00000262                UART3_ERR_DriverIRQHandler
                0x00000262                DMA3_DriverIRQHandler
                0x00000262                DMA8_DriverIRQHandler
                0x00000262                DMA9_DriverIRQHandler
                0x00000262                UART0_ERR_DriverIRQHandler
                0x00000262                CMT_DriverIRQHandler
                0x00000262                Reserved71_DriverIRQHandler
                0x00000262                ADC1_DriverIRQHandler
                0x00000262                PORTA_DriverIRQHandler
                0x00000262                DMA14_DriverIRQHandler
                0x00000262                PIT3_DriverIRQHandler
                0x00000262                PIT1_DriverIRQHandler
                0x00000262                WDOG_EWM_DriverIRQHandler
                0x00000262                PDB0_DriverIRQHandler
                0x00000262                RTC_DriverIRQHandler
                0x00000262                I2S0_Rx_DriverIRQHandler
                0x00000262                Read_Collision_DriverIRQHandler
                0x00000262                SWI_DriverIRQHandler
                0x00000262                UART4_RX_TX_DriverIRQHandler
                0x00000262                UART4_ERR_DriverIRQHandler
                0x00000262                PORTB_DriverIRQHandler
                0x00000262                UART0_LON_DriverIRQHandler
                0x00000262                DMA0_DriverIRQHandler
                0x00000262                DMA1_DriverIRQHandler
                0x00000262                I2C1_DriverIRQHandler
                0x00000262                UART3_RX_TX_DriverIRQHandler
                0x00000262                ENET_Receive_DriverIRQHandler
                0x00000262                DMA13_DriverIRQHandler
                0x00000262                ENET_Error_DriverIRQHandler
                0x00000262                DMA15_DriverIRQHandler
                0x00000262                UART0_RX_TX_DriverIRQHandler
                0x00000262                SPI0_DriverIRQHandler
                0x00000262                ADC0_DriverIRQHandler
                0x00000262                CMP0_DriverIRQHandler
                0x00000262                CAN0_DriverIRQHandler
                0x00000262                FTM3_DriverIRQHandler
                0x00000262                DMA4_DriverIRQHandler
                0x00000262                UART1_ERR_DriverIRQHandler
                0x00000262                DMA2_DriverIRQHandler
                0x00000262                ENET_Transmit_DriverIRQHandler
                0x00000262                PORTD_DriverIRQHandler
                0x00000262                PORTE_DriverIRQHandler
                0x00000262                FTFE_DriverIRQHandler
                0x00000262                I2C0_DriverIRQHandler
                0x00000262                DMA7_DriverIRQHandler
                0x00000262                UART1_RX_TX_DriverIRQHandler
                0x00000400                . = 0x400
 *fill*         0x00000264      0x19c ff
                0x00000400                PROVIDE (__FLASH_CONFIG_START__, .)
 *(SORT_BY_ALIGNMENT(.FlashConfig))
 .FlashConfig   0x00000400       0x10 ./SDK/startup/startup_mk64f12.o
                0x00000400                Flash_Config
                0x00000410                PROVIDE (__FLASH_CONFIG_END__, .)
                0x00000001                ASSERT (! ((__FLASH_CONFIG_START__ == __FLASH_CONFIG_END__)), Linker Flash Config Support Enabled, but no .FlashConfig section provided within application)
 *(SORT_BY_ALIGNMENT(.text*))
 .text.callbackRead
                0x00000410      0x130 ./source/drivers/drv_FXOS8700CQ.o
                0x00000410                callbackRead
 .text.normalize
                0x00000540      0x208 ./source/App.o
                0x00000540                normalize
 .text.atan2    0x00000748      0x128 c:/nxp/mcuxpressoide_10.2.0_759/ide/tools/bin/../lib/gcc/arm-none-eabi/7.2.1/../../../../arm-none-eabi/lib/thumb/v7e-m/fpv4-sp/hard\libcr_c.a(atan2.o)
                0x00000748                atan2
 .text.sqrt     0x00000870      0x11c c:/nxp/mcuxpressoide_10.2.0_759/ide/tools/bin/../lib/gcc/arm-none-eabi/7.2.1/../../../../arm-none-eabi/lib/thumb/v7e-m/fpv4-sp/hard\libcr_c.a(sqrt.o)
                0x00000870                sqrt
 *fill*         0x0000098c        0x4 ff
 .text.atan     0x00000990      0x224 c:/nxp/mcuxpressoide_10.2.0_759/ide/tools/bin/../lib/gcc/arm-none-eabi/7.2.1/../../../../arm-none-eabi/lib/thumb/v7e-m/fpv4-sp/hard\libcr_c.a(atan.o)
                0x00000990                atan
 .text.SysTick_Init
                0x00000bb4       0x60 ./source/timers/SysTick.o
                0x00000bb4                SysTick_Init
 .text.SysTick_Handler
                0x00000c14       0x2c ./source/timers/SysTick.o
                0x00000c14                SysTick_Handler
 .text.timerInit
                0x00000c40       0x28 ./source/timers/timer.o
                0x00000c40                timerInit
 .text.timerGetId
                0x00000c68       0x5c ./source/timers/timer.o
                0x00000c68                timerGetId
 .text.timerStart
                0x00000cc4      0x130 ./source/timers/timer.o
                0x00000cc4                timerStart
 .text.timer_isr
                0x00000df4       0xf4 ./source/timers/timer.o
 .text.__NVIC_EnableIRQ
                0x00000ee8       0x3c ./source/protocols/CAN.o
 .text.initCAN  0x00000f24      0x128 ./source/protocols/CAN.o
                0x00000f24                initCAN
 .text.enableCAN
                0x0000104c       0x2c ./source/protocols/CAN.o
                0x0000104c                enableCAN
 .text.disableCAN
                0x00001078       0x30 ./source/protocols/CAN.o
                0x00001078                disableCAN
 .text.enableCanInterrup
                0x000010a8       0x40 ./source/protocols/CAN.o
                0x000010a8                enableCanInterrup
 .text.configureCANClock
                0x000010e8       0x38 ./source/protocols/CAN.o
                0x000010e8                configureCANClock
 .text.defaultCANConfig
                0x00001120       0x3c ./source/protocols/CAN.o
                0x00001120                defaultCANConfig
 .text.configRxMB
                0x0000115c       0x70 ./source/protocols/CAN.o
                0x0000115c                configRxMB
 .text.readCAN  0x000011cc      0x154 ./source/protocols/CAN.o
                0x000011cc                readCAN
 .text.CAN0_ORed_Message_buffer_IRQHandler
                0x00001320       0x74 ./source/protocols/CAN.o
                0x00001320                CAN0_ORed_Message_buffer_IRQHandler
 .text.__NVIC_EnableIRQ
                0x00001394       0x3c ./source/protocols/I2C.o
 .text.initI2C  0x000013d0       0xfc ./source/protocols/I2C.o
                0x000013d0                initI2C
 .text.i2cDefaultConfig
                0x000014cc       0x54 ./source/protocols/I2C.o
                0x000014cc                i2cDefaultConfig
 .text.i2cLoadCallback
                0x00001520       0x20 ./source/protocols/I2C.o
                0x00001520                i2cLoadCallback
 .text.i2cWriteAndRead
                0x00001540       0xdc ./source/protocols/I2C.o
                0x00001540                i2cWriteAndRead
 .text.i2cCommunication
                0x0000161c      0x1c8 ./source/protocols/I2C.o
                0x0000161c                i2cCommunication
 .text.i2cEndCommunication
                0x000017e4       0x44 ./source/protocols/I2C.o
 .text.I2C0_IRQHandler
                0x00001828       0x2c ./source/protocols/I2C.o
                0x00001828                I2C0_IRQHandler
 .text.getFault
                0x00001854       0x18 ./source/protocols/I2C.o
                0x00001854                getFault
 .text.__NVIC_EnableIRQ
                0x0000186c       0x3c ./source/protocols/uart.o
 .text.uartInit
                0x000018a8      0x1ac ./source/protocols/uart.o
                0x000018a8                uartInit
 .text.uartWriteMsg
                0x00001a54      0x13c ./source/protocols/uart.o
                0x00001a54                uartWriteMsg
 .text.uartIsTxMsgComplete
                0x00001b90       0x2c ./source/protocols/uart.o
                0x00001b90                uartIsTxMsgComplete
 .text.UART_SetBaudRate
                0x00001bbc       0x98 ./source/protocols/uart.o
                0x00001bbc                UART_SetBaudRate
 .text.UARTX_IRQ_HANDLER
                0x00001c54      0x204 ./source/protocols/uart.o
                0x00001c54                UARTX_IRQ_HANDLER
 .text.initBoardsCan
                0x00001e58       0x3c ./source/drivers/drv_CAN.o
                0x00001e58                initBoardsCan
 .text.callback
                0x00001e94       0x30 ./source/drivers/drv_CAN.o
                0x00001e94                callback
 .text.configSensor
                0x00001ec4      0x1f0 ./source/drivers/drv_FXOS8700CQ.o
                0x00001ec4                configSensor
 .text.callbackIsFinished
                0x000020b4       0x18 ./source/drivers/drv_FXOS8700CQ.o
                0x000020b4                callbackIsFinished
 .text.getMagData
                0x000020cc       0x24 ./source/drivers/drv_FXOS8700CQ.o
                0x000020cc                getMagData
 .text.getAccData
                0x000020f0       0x24 ./source/drivers/drv_FXOS8700CQ.o
                0x000020f0                getAccData
 .text.ReadAccelMagnData
                0x00002114       0x34 ./source/drivers/drv_FXOS8700CQ.o
                0x00002114                ReadAccelMagnData
 .text.getStatus
                0x00002148       0x18 ./source/drivers/drv_FXOS8700CQ.o
                0x00002148                getStatus
 .text.PORT_ClearInterruptFlag
                0x00002160       0x40 ./source/MCAL/IRQ.o
                0x00002160                PORT_ClearInterruptFlag
 .text.PORTA_IRQHandler
                0x000021a0       0x40 ./source/MCAL/IRQ.o
                0x000021a0                PORTA_IRQHandler
 .text.PORTB_IRQHandler
                0x000021e0       0x40 ./source/MCAL/IRQ.o
                0x000021e0                PORTB_IRQHandler
 .text.PORTC_IRQHandler
                0x00002220       0x40 ./source/MCAL/IRQ.o
                0x00002220                PORTC_IRQHandler
 .text.PORTD_IRQHandler
                0x00002260       0x40 ./source/MCAL/IRQ.o
                0x00002260                PORTD_IRQHandler
 .text.PORTE_IRQHandler
                0x000022a0       0x40 ./source/MCAL/IRQ.o
                0x000022a0                PORTE_IRQHandler
 .text.FindPinNum
                0x000022e0       0x50 ./source/MCAL/IRQ.o
                0x000022e0                FindPinNum
 .text.gpioMode
                0x00002330       0xf4 ./source/MCAL/gpio.o
                0x00002330                gpioMode
 .text.gpioWrite
                0x00002424       0x70 ./source/MCAL/gpio.o
                0x00002424                gpioWrite
 .text.App_Init
                0x00002494       0x80 ./source/App.o
                0x00002494                App_Init
 .text.updateDispositives
                0x00002514       0x78 ./source/App.o
                0x00002514                updateDispositives
 .text.updateMessage4CPU
                0x0000258c      0x1fc ./source/App.o
                0x0000258c                updateMessage4CPU
 .text.initDispositives
                0x00002788       0x38 ./source/App.o
                0x00002788                initDispositives
 .text.initBuffer
                0x000027c0       0x5c ./source/App.o
                0x000027c0                initBuffer
 .text.callbackTimerTx
                0x0000281c       0x3c ./source/App.o
                0x0000281c                callbackTimerTx
 .text.sendPos2Boards
                0x00002858       0x60 ./source/App.o
                0x00002858                sendPos2Boards
 .text.hw_Init  0x000028b8      0x10c ./SDK/startup/hardware.o
                0x000028b8                hw_Init
 .text.hw_EnableInterrupts
                0x000029c4       0x30 ./SDK/startup/hardware.o
                0x000029c4                hw_EnableInterrupts
 .text.SystemInit
                0x000029f4       0x3c ./SDK/CMSIS/system_MK64F12.o
                0x000029f4                SystemInit
 .text.__aeabi_dmul
                0x00002a30      0x11c c:/nxp/mcuxpressoide_10.2.0_759/ide/tools/bin/../lib/gcc/arm-none-eabi/7.2.1/thumb/v7e-m/fpv4-sp/hard\libcr_eabihelpers.a(double.o)
                0x00002a30                __aeabi_dmul
 .text.__aeabi_ddiv
                0x00002b4c      0x138 c:/nxp/mcuxpressoide_10.2.0_759/ide/tools/bin/../lib/gcc/arm-none-eabi/7.2.1/thumb/v7e-m/fpv4-sp/hard\libcr_eabihelpers.a(double.o)
                0x00002b4c                __aeabi_ddiv
 .text.__aeabi_dsub
                0x00002c84      0x1b4 c:/nxp/mcuxpressoide_10.2.0_759/ide/tools/bin/../lib/gcc/arm-none-eabi/7.2.1/thumb/v7e-m/fpv4-sp/hard\libcr_eabihelpers.a(double.o)
                0x00002c84                __aeabi_dsub
 .text.__aeabi_dadd
                0x00002e38      0x10c c:/nxp/mcuxpressoide_10.2.0_759/ide/tools/bin/../lib/gcc/arm-none-eabi/7.2.1/thumb/v7e-m/fpv4-sp/hard\libcr_eabihelpers.a(double.o)
                0x00002e38                __aeabi_dadd
 .text.__aeabi_d2f
                0x00002f44       0x54 c:/nxp/mcuxpressoide_10.2.0_759/ide/tools/bin/../lib/gcc/arm-none-eabi/7.2.1/thumb/v7e-m/fpv4-sp/hard\libcr_eabihelpers.a(double.o)
                0x00002f44                __aeabi_d2f
 .text.UART0_RX_TX_IRQHandler
                0x00002f98       0x1e ./source/protocols/uart.o
                0x00002f98                UART0_RX_TX_IRQHandler
 .text.UART1_RX_TX_IRQHandler
                0x00002fb6       0x1e ./source/protocols/uart.o
                0x00002fb6                UART1_RX_TX_IRQHandler
 .text.UART2_RX_TX_IRQHandler
                0x00002fd4       0x1e ./source/protocols/uart.o
                0x00002fd4                UART2_RX_TX_IRQHandler
 .text.UART3_RX_TX_IRQHandler
                0x00002ff2       0x1e ./source/protocols/uart.o
                0x00002ff2                UART3_RX_TX_IRQHandler
 .text.UART4_RX_TX_IRQHandler
                0x00003010       0x1e ./source/protocols/uart.o
                0x00003010                UART4_RX_TX_IRQHandler
 .text.UART5_RX_TX_IRQHandler
                0x0000302e       0x1e ./source/protocols/uart.o
                0x0000302e                UART5_RX_TX_IRQHandler
 .text.init_DEVBOARD
                0x0000304c        0xe ./source/drivers/drv_DEVBOARD.o
                0x0000304c                init_DEVBOARD
 .text.initSensor
                0x0000305a       0x18 ./source/drivers/drv_FXOS8700CQ.o
                0x0000305a                initSensor
 .text.initI2c  0x00003072       0x12 ./source/drivers/drv_I2C.o
                0x00003072                initI2c
 .text.loadCallback
                0x00003084       0x16 ./source/drivers/drv_I2C.o
                0x00003084                loadCallback
 .text.i2cCommunicationHandler
                0x0000309a       0x2c ./source/drivers/drv_I2C.o
                0x0000309a                i2cCommunicationHandler
 .text.init_K64Leds
                0x000030c6       0x38 ./source/drivers/drv_K64.o
                0x000030c6                init_K64Leds
 .text.initUART
                0x000030fe       0x2c ./source/drivers/drv_UART.o
                0x000030fe                initUART
 .text.sendPackage
                0x0000312a       0x28 ./source/drivers/drv_UART.o
                0x0000312a                sendPackage
 .text.App_Run  0x00003152       0x1e ./source/App.o
                0x00003152                App_Run
 .text.callbackTimerRx
                0x00003170        0xe ./source/App.o
                0x00003170                callbackTimerRx
 .text.main     0x0000317e       0x16 ./SDK/startup/main.o
                0x0000317e                main
 .text.HardFault_Handler
                0x00003194       0x2c ./SDK/startup/semihost_hardfault.o
                0x00003194                HardFault_Handler
 .text.DMA0_IRQHandler
                0x000031c0        0x8 ./SDK/startup/startup_mk64f12.o
                0x000031c0                DMA0_IRQHandler
 .text.DMA1_IRQHandler
                0x000031c8        0x8 ./SDK/startup/startup_mk64f12.o
                0x000031c8                DMA1_IRQHandler
 .text.DMA2_IRQHandler
                0x000031d0        0x8 ./SDK/startup/startup_mk64f12.o
                0x000031d0                DMA2_IRQHandler
 .text.DMA3_IRQHandler
                0x000031d8        0x8 ./SDK/startup/startup_mk64f12.o
                0x000031d8                DMA3_IRQHandler
 .text.DMA4_IRQHandler
                0x000031e0        0x8 ./SDK/startup/startup_mk64f12.o
                0x000031e0                DMA4_IRQHandler
 .text.DMA5_IRQHandler
                0x000031e8        0x8 ./SDK/startup/startup_mk64f12.o
                0x000031e8                DMA5_IRQHandler
 .text.DMA6_IRQHandler
                0x000031f0        0x8 ./SDK/startup/startup_mk64f12.o
                0x000031f0                DMA6_IRQHandler
 .text.DMA7_IRQHandler
                0x000031f8        0x8 ./SDK/startup/startup_mk64f12.o
                0x000031f8                DMA7_IRQHandler
 .text.DMA8_IRQHandler
                0x00003200        0x8 ./SDK/startup/startup_mk64f12.o
                0x00003200                DMA8_IRQHandler
 .text.DMA9_IRQHandler
                0x00003208        0x8 ./SDK/startup/startup_mk64f12.o
                0x00003208                DMA9_IRQHandler
 .text.DMA10_IRQHandler
                0x00003210        0x8 ./SDK/startup/startup_mk64f12.o
                0x00003210                DMA10_IRQHandler
 .text.DMA11_IRQHandler
                0x00003218        0x8 ./SDK/startup/startup_mk64f12.o
                0x00003218                DMA11_IRQHandler
 .text.DMA12_IRQHandler
                0x00003220        0x8 ./SDK/startup/startup_mk64f12.o
                0x00003220                DMA12_IRQHandler
 .text.DMA13_IRQHandler
                0x00003228        0x8 ./SDK/startup/startup_mk64f12.o
                0x00003228                DMA13_IRQHandler
 .text.DMA14_IRQHandler
                0x00003230        0x8 ./SDK/startup/startup_mk64f12.o
                0x00003230                DMA14_IRQHandler
 .text.DMA15_IRQHandler
                0x00003238        0x8 ./SDK/startup/startup_mk64f12.o
                0x00003238                DMA15_IRQHandler
 .text.DMA_Error_IRQHandler
                0x00003240        0x8 ./SDK/startup/startup_mk64f12.o
                0x00003240                DMA_Error_IRQHandler
 .text.MCM_IRQHandler
                0x00003248        0x8 ./SDK/startup/startup_mk64f12.o
                0x00003248                MCM_IRQHandler
 .text.FTFE_IRQHandler
                0x00003250        0x8 ./SDK/startup/startup_mk64f12.o
                0x00003250                FTFE_IRQHandler
 .text.Read_Collision_IRQHandler
                0x00003258        0x8 ./SDK/startup/startup_mk64f12.o
                0x00003258                Read_Collision_IRQHandler
 .text.LVD_LVW_IRQHandler
                0x00003260        0x8 ./SDK/startup/startup_mk64f12.o
                0x00003260                LVD_LVW_IRQHandler
 .text.LLWU_IRQHandler
                0x00003268        0x8 ./SDK/startup/startup_mk64f12.o
                0x00003268                LLWU_IRQHandler
 .text.WDOG_EWM_IRQHandler
                0x00003270        0x8 ./SDK/startup/startup_mk64f12.o
                0x00003270                WDOG_EWM_IRQHandler
 .text.RNG_IRQHandler
                0x00003278        0x8 ./SDK/startup/startup_mk64f12.o
                0x00003278                RNG_IRQHandler
 .text.I2C1_IRQHandler
                0x00003280        0x8 ./SDK/startup/startup_mk64f12.o
                0x00003280                I2C1_IRQHandler
 .text.SPI0_IRQHandler
                0x00003288        0x8 ./SDK/startup/startup_mk64f12.o
                0x00003288                SPI0_IRQHandler
 .text.SPI1_IRQHandler
                0x00003290        0x8 ./SDK/startup/startup_mk64f12.o
                0x00003290                SPI1_IRQHandler
 .text.I2S0_Tx_IRQHandler
                0x00003298        0x8 ./SDK/startup/startup_mk64f12.o
                0x00003298                I2S0_Tx_IRQHandler
 .text.I2S0_Rx_IRQHandler
                0x000032a0        0x8 ./SDK/startup/startup_mk64f12.o
                0x000032a0                I2S0_Rx_IRQHandler
 .text.UART0_LON_IRQHandler
                0x000032a8        0x8 ./SDK/startup/startup_mk64f12.o
                0x000032a8                UART0_LON_IRQHandler
 .text.UART0_ERR_IRQHandler
                0x000032b0        0x8 ./SDK/startup/startup_mk64f12.o
                0x000032b0                UART0_ERR_IRQHandler
 .text.UART1_ERR_IRQHandler
                0x000032b8        0x8 ./SDK/startup/startup_mk64f12.o
                0x000032b8                UART1_ERR_IRQHandler
 .text.UART2_ERR_IRQHandler
                0x000032c0        0x8 ./SDK/startup/startup_mk64f12.o
                0x000032c0                UART2_ERR_IRQHandler
 .text.UART3_ERR_IRQHandler
                0x000032c8        0x8 ./SDK/startup/startup_mk64f12.o
                0x000032c8                UART3_ERR_IRQHandler
 .text.ADC0_IRQHandler
                0x000032d0        0x8 ./SDK/startup/startup_mk64f12.o
                0x000032d0                ADC0_IRQHandler
 .text.CMP0_IRQHandler
                0x000032d8        0x8 ./SDK/startup/startup_mk64f12.o
                0x000032d8                CMP0_IRQHandler
 .text.CMP1_IRQHandler
                0x000032e0        0x8 ./SDK/startup/startup_mk64f12.o
                0x000032e0                CMP1_IRQHandler
 .text.FTM0_IRQHandler
                0x000032e8        0x8 ./SDK/startup/startup_mk64f12.o
                0x000032e8                FTM0_IRQHandler
 .text.FTM1_IRQHandler
                0x000032f0        0x8 ./SDK/startup/startup_mk64f12.o
                0x000032f0                FTM1_IRQHandler
 .text.FTM2_IRQHandler
                0x000032f8        0x8 ./SDK/startup/startup_mk64f12.o
                0x000032f8                FTM2_IRQHandler
 .text.CMT_IRQHandler
                0x00003300        0x8 ./SDK/startup/startup_mk64f12.o
                0x00003300                CMT_IRQHandler
 .text.RTC_IRQHandler
                0x00003308        0x8 ./SDK/startup/startup_mk64f12.o
                0x00003308                RTC_IRQHandler
 .text.RTC_Seconds_IRQHandler
                0x00003310        0x8 ./SDK/startup/startup_mk64f12.o
                0x00003310                RTC_Seconds_IRQHandler
 .text.PIT0_IRQHandler
                0x00003318        0x8 ./SDK/startup/startup_mk64f12.o
                0x00003318                PIT0_IRQHandler
 .text.PIT1_IRQHandler
                0x00003320        0x8 ./SDK/startup/startup_mk64f12.o
                0x00003320                PIT1_IRQHandler
 .text.PIT2_IRQHandler
                0x00003328        0x8 ./SDK/startup/startup_mk64f12.o
                0x00003328                PIT2_IRQHandler
 .text.PIT3_IRQHandler
                0x00003330        0x8 ./SDK/startup/startup_mk64f12.o
                0x00003330                PIT3_IRQHandler
 .text.PDB0_IRQHandler
                0x00003338        0x8 ./SDK/startup/startup_mk64f12.o
                0x00003338                PDB0_IRQHandler
 .text.USB0_IRQHandler
                0x00003340        0x8 ./SDK/startup/startup_mk64f12.o
                0x00003340                USB0_IRQHandler
 .text.USBDCD_IRQHandler
                0x00003348        0x8 ./SDK/startup/startup_mk64f12.o
                0x00003348                USBDCD_IRQHandler
 .text.Reserved71_IRQHandler
                0x00003350        0x8 ./SDK/startup/startup_mk64f12.o
                0x00003350                Reserved71_IRQHandler
 .text.DAC0_IRQHandler
                0x00003358        0x8 ./SDK/startup/startup_mk64f12.o
                0x00003358                DAC0_IRQHandler
 .text.MCG_IRQHandler
                0x00003360        0x8 ./SDK/startup/startup_mk64f12.o
                0x00003360                MCG_IRQHandler
 .text.LPTMR0_IRQHandler
                0x00003368        0x8 ./SDK/startup/startup_mk64f12.o
                0x00003368                LPTMR0_IRQHandler
 .text.SWI_IRQHandler
                0x00003370        0x8 ./SDK/startup/startup_mk64f12.o
                0x00003370                SWI_IRQHandler
 .text.SPI2_IRQHandler
                0x00003378        0x8 ./SDK/startup/startup_mk64f12.o
                0x00003378                SPI2_IRQHandler
 .text.UART4_ERR_IRQHandler
                0x00003380        0x8 ./SDK/startup/startup_mk64f12.o
                0x00003380                UART4_ERR_IRQHandler
 .text.UART5_ERR_IRQHandler
                0x00003388        0x8 ./SDK/startup/startup_mk64f12.o
                0x00003388                UART5_ERR_IRQHandler
 .text.CMP2_IRQHandler
                0x00003390        0x8 ./SDK/startup/startup_mk64f12.o
                0x00003390                CMP2_IRQHandler
 .text.FTM3_IRQHandler
                0x00003398        0x8 ./SDK/startup/startup_mk64f12.o
                0x00003398                FTM3_IRQHandler
 .text.DAC1_IRQHandler
                0x000033a0        0x8 ./SDK/startup/startup_mk64f12.o
                0x000033a0                DAC1_IRQHandler
 .text.ADC1_IRQHandler
                0x000033a8        0x8 ./SDK/startup/startup_mk64f12.o
                0x000033a8                ADC1_IRQHandler
 .text.I2C2_IRQHandler
                0x000033b0        0x8 ./SDK/startup/startup_mk64f12.o
                0x000033b0                I2C2_IRQHandler
 .text.CAN0_Bus_Off_IRQHandler
                0x000033b8        0x8 ./SDK/startup/startup_mk64f12.o
                0x000033b8                CAN0_Bus_Off_IRQHandler
 .text.CAN0_Error_IRQHandler
                0x000033c0        0x8 ./SDK/startup/startup_mk64f12.o
                0x000033c0                CAN0_Error_IRQHandler
 .text.CAN0_Tx_Warning_IRQHandler
                0x000033c8        0x8 ./SDK/startup/startup_mk64f12.o
                0x000033c8                CAN0_Tx_Warning_IRQHandler
 .text.CAN0_Rx_Warning_IRQHandler
                0x000033d0        0x8 ./SDK/startup/startup_mk64f12.o
                0x000033d0                CAN0_Rx_Warning_IRQHandler
 .text.CAN0_Wake_Up_IRQHandler
                0x000033d8        0x8 ./SDK/startup/startup_mk64f12.o
                0x000033d8                CAN0_Wake_Up_IRQHandler
 .text.SDHC_IRQHandler
                0x000033e0        0x8 ./SDK/startup/startup_mk64f12.o
                0x000033e0                SDHC_IRQHandler
 .text.ENET_1588_Timer_IRQHandler
                0x000033e8        0x8 ./SDK/startup/startup_mk64f12.o
                0x000033e8                ENET_1588_Timer_IRQHandler
 .text.ENET_Transmit_IRQHandler
                0x000033f0        0x8 ./SDK/startup/startup_mk64f12.o
                0x000033f0                ENET_Transmit_IRQHandler
 .text.ENET_Receive_IRQHandler
                0x000033f8        0x8 ./SDK/startup/startup_mk64f12.o
                0x000033f8                ENET_Receive_IRQHandler
 .text.ENET_Error_IRQHandler
                0x00003400        0x8 ./SDK/startup/startup_mk64f12.o
                0x00003400                ENET_Error_IRQHandler
 .text.SystemInitHook
                0x00003408        0xe ./SDK/CMSIS/system_MK64F12.o
                0x00003408                SystemInitHook
 .text.fabs     0x00003416       0x22 c:/nxp/mcuxpressoide_10.2.0_759/ide/tools/bin/../lib/gcc/arm-none-eabi/7.2.1/../../../../arm-none-eabi/lib/thumb/v7e-m/fpv4-sp/hard\libcr_c.a(fabs.o)
                0x00003416                fabs
 .text.__aeabi_d2iz
                0x00003438       0x40 c:/nxp/mcuxpressoide_10.2.0_759/ide/tools/bin/../lib/gcc/arm-none-eabi/7.2.1/thumb/v7e-m/fpv4-sp/hard\libcr_eabihelpers.a(double.o)
                0x00003438                __aeabi_d2iz
 .text.__bhs_ui2d
                0x00003478       0x46 c:/nxp/mcuxpressoide_10.2.0_759/ide/tools/bin/../lib/gcc/arm-none-eabi/7.2.1/thumb/v7e-m/fpv4-sp/hard\libcr_eabihelpers.a(double.o)
                0x00003478                __bhs_ui2d
 .text.__aeabi_i2d
                0x000034be       0x12 c:/nxp/mcuxpressoide_10.2.0_759/ide/tools/bin/../lib/gcc/arm-none-eabi/7.2.1/thumb/v7e-m/fpv4-sp/hard\libcr_eabihelpers.a(double.o)
                0x000034be                __aeabi_i2d
 .text.__aeabi_dcmpeq
                0x000034d0       0x30 c:/nxp/mcuxpressoide_10.2.0_759/ide/tools/bin/../lib/gcc/arm-none-eabi/7.2.1/thumb/v7e-m/fpv4-sp/hard\libcr_eabihelpers.a(double.o)
                0x000034d0                __aeabi_dcmpeq
 .text.__aeabi_dcmplt
                0x00003500       0x58 c:/nxp/mcuxpressoide_10.2.0_759/ide/tools/bin/../lib/gcc/arm-none-eabi/7.2.1/thumb/v7e-m/fpv4-sp/hard\libcr_eabihelpers.a(double.o)
                0x00003500                __aeabi_dcmplt
 .text.__aeabi_dcmpgt
                0x00003558       0x58 c:/nxp/mcuxpressoide_10.2.0_759/ide/tools/bin/../lib/gcc/arm-none-eabi/7.2.1/thumb/v7e-m/fpv4-sp/hard\libcr_eabihelpers.a(double.o)
                0x00003558                __aeabi_dcmpgt
 .text.__aeabi_dcmple
                0x000035b0       0x5a c:/nxp/mcuxpressoide_10.2.0_759/ide/tools/bin/../lib/gcc/arm-none-eabi/7.2.1/thumb/v7e-m/fpv4-sp/hard\libcr_eabihelpers.a(double.o)
                0x000035b0                __aeabi_dcmple
 *(SORT_BY_ALIGNMENT(.rodata) SORT_BY_ALIGNMENT(.rodata.*) SORT_BY_ALIGNMENT(.constdata) SORT_BY_ALIGNMENT(.constdata.*))
 *fill*         0x0000360a        0x6 ff
 .rodata.__huge_val
                0x00003610        0x8 c:/nxp/mcuxpressoide_10.2.0_759/ide/tools/bin/../lib/gcc/arm-none-eabi/7.2.1/../../../../arm-none-eabi/lib/thumb/v7e-m/fpv4-sp/hard\libcr_c.a(_hugeval.o)
                0x00003610                __huge_val
 .rodata.a.5195
                0x00003618       0x20 c:/nxp/mcuxpressoide_10.2.0_759/ide/tools/bin/../lib/gcc/arm-none-eabi/7.2.1/../../../../arm-none-eabi/lib/thumb/v7e-m/fpv4-sp/hard\libcr_c.a(atan.o)
 .rodata        0x00003638       0x14 ./source/protocols/CAN.o
 .rodata.IRQn   0x0000364c        0x6 ./source/protocols/uart.o
                0x00003658                . = ALIGN (0x8)
 *fill*         0x00003652        0x6 ff

.glue_7         0x00003658        0x0
 .glue_7        0x00003658        0x0 linker stubs

.glue_7t        0x00003658        0x0
 .glue_7t       0x00003658        0x0 linker stubs

.vfp11_veneer   0x00003658        0x0
 .vfp11_veneer  0x00003658        0x0 linker stubs

.v4_bx          0x00003658        0x0
 .v4_bx         0x00003658        0x0 linker stubs

.iplt           0x00003658        0x0
 .iplt          0x00003658        0x0 ./source/timers/SysTick.o

.rel.dyn        0x00003658        0x0
 .rel.iplt      0x00003658        0x0 ./source/timers/SysTick.o

.ARM.extab
 *(SORT_BY_ALIGNMENT(.ARM.extab*) SORT_BY_ALIGNMENT(.gnu.linkonce.armextab.*))
                0x00003658                __exidx_start = .

.ARM.exidx
 *(SORT_BY_ALIGNMENT(.ARM.exidx*) SORT_BY_ALIGNMENT(.gnu.linkonce.armexidx.*))
                0x00003658                __exidx_end = .
                0x00003658                _etext = .

.m_usb_data
 *(SORT_BY_ALIGNMENT(m_usb_bdt))

.data_RAM2      0x1fff0000        0x0 load address 0x00003658
 FILL mask 0xff
                [!provide]                PROVIDE (__start_data_RAM2, .)
 *(SORT_BY_ALIGNMENT(.ramfunc.$RAM2))
 *(SORT_BY_ALIGNMENT(.ramfunc.$SRAM_LOWER))
 *(SORT_BY_ALIGNMENT(.data.$RAM2*))
 *(SORT_BY_ALIGNMENT(.data.$SRAM_LOWER*))
                0x1fff0000                . = ALIGN (0x8)
                [!provide]                PROVIDE (__end_data_RAM2, .)

.data_RAM3      0x14000000        0x0 load address 0x00003658
 FILL mask 0xff
                [!provide]                PROVIDE (__start_data_RAM3, .)
 *(SORT_BY_ALIGNMENT(.ramfunc.$RAM3))
 *(SORT_BY_ALIGNMENT(.ramfunc.$FLEX_RAM))
 *(SORT_BY_ALIGNMENT(.data.$RAM3*))
 *(SORT_BY_ALIGNMENT(.data.$FLEX_RAM*))
                0x14000000                . = ALIGN (0x8)
                [!provide]                PROVIDE (__end_data_RAM3, .)

.uninit_RESERVED
                0x20000000        0x0
 *(SORT_BY_ALIGNMENT(.bss.$RESERVED*))
                0x20000000                . = ALIGN (0x4)
                0x20000000                _end_uninit_RESERVED = .

.data           0x20000000       0xa8 load address 0x00003658
 FILL mask 0xff
                0x20000000                _data = .
 *(SORT_BY_ALIGNMENT(vtable))
 *(SORT_BY_ALIGNMENT(.ramfunc*))
 *(SORT_BY_ALIGNMENT(.data*))
 .data.SIM_MASK
                0x20000000       0x18 ./source/protocols/uart.o
 .data.SIM_PTR  0x20000018        0x4 ./source/protocols/uart.o
 .data.UART_POINTERS
                0x2000001c       0x18 ./source/protocols/uart.o
 .data.PORT_PTRS
                0x20000034       0x18 ./source/protocols/uart.o
 .data.PORT_PTRS
                0x2000004c       0x14 ./source/MCAL/IRQ.o
 .data.SIM_MASK
                0x20000060       0x14 ./source/MCAL/gpio.o
 .data.SIM_PTR  0x20000074        0x4 ./source/MCAL/gpio.o
 .data.GPIO_PTRS
                0x20000078       0x14 ./source/MCAL/gpio.o
 .data.PORT_PTRS
                0x2000008c       0x14 ./source/MCAL/gpio.o
 .data.messagePointer
                0x200000a0        0x4 ./source/App.o
 .data.timers_cant
                0x200000a4        0x1 ./source/timers/timer.o
                0x200000a8                . = ALIGN (0x8)
 *fill*         0x200000a5        0x3 ff
                0x200000a8                _edata = .

.igot.plt       0x200000a8        0x0 load address 0x00003700
 .igot.plt      0x200000a8        0x0 ./source/timers/SysTick.o

.bss_RAM2       0x1fff0000        0x0
                [!provide]                PROVIDE (__start_bss_RAM2, .)
 *(SORT_BY_ALIGNMENT(.bss.$RAM2*))
 *(SORT_BY_ALIGNMENT(.bss.$SRAM_LOWER*))
                0x1fff0000                . = ALIGN ((. != 0x0)?0x8:0x1)
                [!provide]                PROVIDE (__end_bss_RAM2, .)

.bss_RAM3       0x14000000        0x0
                [!provide]                PROVIDE (__start_bss_RAM3, .)
 *(SORT_BY_ALIGNMENT(.bss.$RAM3*))
 *(SORT_BY_ALIGNMENT(.bss.$FLEX_RAM*))
                0x14000000                . = ALIGN ((. != 0x0)?0x8:0x1)
                [!provide]                PROVIDE (__end_bss_RAM3, .)

.bss            0x200000a8      0x7f8
                0x200000a8                _bss = .
 *(SORT_BY_ALIGNMENT(.bss*))
 .bss.ptr_to_fun_systick
                0x200000a8        0x4 ./source/timers/SysTick.o
                0x200000a8                ptr_to_fun_systick
 .bss.timers    0x200000ac      0x100 ./source/timers/timer.o
 .bss.callbacks
                0x200001ac       0x40 ./source/protocols/CAN.o
 .bss.isrI2cConfig
                0x200001ec       0x18 ./source/protocols/I2C.o
 .bss.rx        0x20000204       0xf0 ./source/protocols/uart.o
 .bss.tx        0x200002f4       0xf0 ./source/protocols/uart.o
 .bss.MbBuffer  0x200003e4      0x100 ./source/drivers/drv_CAN.o
 .bss.accelerometer
                0x200004e4        0x6 ./source/drivers/drv_FXOS8700CQ.o
 *fill*         0x200004ea        0x2 
 .bss.magnet    0x200004ec        0x6 ./source/drivers/drv_FXOS8700CQ.o
 *fill*         0x200004f2        0x2 
 .bss.i2cSensor
                0x200004f4        0x1 ./source/drivers/drv_FXOS8700CQ.o
 *fill*         0x200004f5        0x3 
 .bss.buffer    0x200004f8        0xd ./source/drivers/drv_FXOS8700CQ.o
 *fill*         0x20000505        0x3 
 .bss.i         0x20000508        0x4 ./source/drivers/drv_FXOS8700CQ.o
 .bss.PTRS_TO_FUN
                0x2000050c      0x280 ./source/MCAL/gpio.o
                0x2000050c                PTRS_TO_FUN
 .bss.measurament
                0x2000078c        0x8 ./source/App.o
 .bss.dispositives
                0x20000794       0x38 ./source/App.o
 .bss.bufferDisp
                0x200007cc       0x38 ./source/App.o
 .bss.message4CPU
                0x20000804       0x8c ./source/App.o
 .bss.__LDM_interruptDisableCount
                0x20000890        0x4 ./SDK/startup/hardware.o
 .bss.errno     0x20000894        0x4 c:/nxp/mcuxpressoide_10.2.0_759/ide/tools/bin/../lib/gcc/arm-none-eabi/7.2.1/../../../../arm-none-eabi/lib/thumb/v7e-m/fpv4-sp/hard\libcr_c.a(errno.o)
                0x20000894                errno
 .bss.yaInit.6772
                0x20000898        0x1 ./source/timers/SysTick.o
 .bss.yaInit.7447
                0x20000899        0x1 ./source/timers/timer.o
 .bss.timerTx   0x2000089a        0x1 ./source/App.o
 .bss.timerRx   0x2000089b        0x1 ./source/App.o
 .bss.sensorInit
                0x2000089c        0x1 ./source/App.o
 *(SORT_BY_ALIGNMENT(COMMON))
                0x200008a0                . = ALIGN (0x8)
 *fill*         0x2000089d        0x3 
                0x200008a0                _ebss = .
                [!provide]                PROVIDE (end, .)

.noinit_RAM2    0x1fff0000        0x0
 *(SORT_BY_ALIGNMENT(.noinit.$RAM2*))
 *(SORT_BY_ALIGNMENT(.noinit.$SRAM_LOWER*))
                0x1fff0000                . = ALIGN (0x8)

.noinit_RAM3    0x14000000        0x0
 *(SORT_BY_ALIGNMENT(.noinit.$RAM3*))
 *(SORT_BY_ALIGNMENT(.noinit.$FLEX_RAM*))
                0x14000000                . = ALIGN (0x8)

.noinit         0x200008a0        0x0
                0x200008a0                _noinit = .
 *(SORT_BY_ALIGNMENT(.noinit*))
                0x200008a0                . = ALIGN (0x8)
                0x200008a0                _end_noinit = .
                0x00001000                _HeapSize = 0x1000

.heap           0x200008a0     0x1000
                0x200008a0                _pvHeapStart = .
                0x200018a0                . = (. + _HeapSize)
 *fill*         0x200008a0     0x1000 
                0x200018a0                . = ALIGN (0x8)
                0x200018a0                _pvHeapLimit = .
                0x00001000                _StackSize = 0x1000

.heap2stackfill
                0x200018a0     0x1000
                0x200028a0                . = (. + _StackSize)
 *fill*         0x200018a0     0x1000 

.stack          0x2002f000        0x0
                0x2002f000                _vStackBase = .
                0x2002f000                . = ALIGN (0x8)
                0x20030000                _vStackTop = (. + _StackSize)
                0x00000000                _image_start = LOADADDR (.text)
                0x00003700                _image_end = (LOADADDR (.data) + SIZEOF (.data))
                0x00003700                _image_size = (_image_end - _image_start)
OUTPUT(UART.axf elf32-littlearm)

.debug_info     0x00000000     0x80fa
 .debug_info    0x00000000      0x15f ./source/timers/SysTick.o
 .debug_info    0x0000015f      0xb7b ./source/timers/timer.o
 .debug_info    0x00000cda      0xdc6 ./source/protocols/CAN.o
 .debug_info    0x00001aa0     0x1371 ./source/protocols/I2C.o
 .debug_info    0x00002e11      0xd5c ./source/protocols/uart.o
 .debug_info    0x00003b6d      0x3ef ./source/drivers/drv_CAN.o
 .debug_info    0x00003f5c       0xe0 ./source/drivers/drv_DEVBOARD.o
 .debug_info    0x0000403c      0xb9d ./source/drivers/drv_FXOS8700CQ.o
 .debug_info    0x00004bd9      0x1d3 ./source/drivers/drv_I2C.o
 .debug_info    0x00004dac      0x1a0 ./source/drivers/drv_K64.o
 .debug_info    0x00004f4c      0x1a7 ./source/drivers/drv_UART.o
 .debug_info    0x000050f3      0x32f ./source/MCAL/IRQ.o
 .debug_info    0x00005422      0x9ae ./source/MCAL/gpio.o
 .debug_info    0x00005dd0      0xd17 ./source/App.o
 .debug_info    0x00006ae7      0x675 ./SDK/startup/hardware.o
 .debug_info    0x0000715c       0xb7 ./SDK/startup/main.o
 .debug_info    0x00007213       0x3b ./SDK/startup/semihost_hardfault.o
 .debug_info    0x0000724e      0x8b0 ./SDK/startup/startup_mk64f12.o
 .debug_info    0x00007afe      0x5fc ./SDK/CMSIS/system_MK64F12.o

.debug_abbrev   0x00000000     0x1d5d
 .debug_abbrev  0x00000000      0x115 ./source/timers/SysTick.o
 .debug_abbrev  0x00000115      0x2b2 ./source/timers/timer.o
 .debug_abbrev  0x000003c7      0x2a0 ./source/protocols/CAN.o
 .debug_abbrev  0x00000667      0x2e7 ./source/protocols/I2C.o
 .debug_abbrev  0x0000094e      0x24e ./source/protocols/uart.o
 .debug_abbrev  0x00000b9c      0x18d ./source/drivers/drv_CAN.o
 .debug_abbrev  0x00000d29       0x9d ./source/drivers/drv_DEVBOARD.o
 .debug_abbrev  0x00000dc6      0x287 ./source/drivers/drv_FXOS8700CQ.o
 .debug_abbrev  0x0000104d       0xfa ./source/drivers/drv_I2C.o
 .debug_abbrev  0x00001147       0xb7 ./source/drivers/drv_K64.o
 .debug_abbrev  0x000011fe      0x10c ./source/drivers/drv_UART.o
 .debug_abbrev  0x0000130a      0x143 ./source/MCAL/IRQ.o
 .debug_abbrev  0x0000144d      0x1df ./source/MCAL/gpio.o
 .debug_abbrev  0x0000162c      0x2b2 ./source/App.o
 .debug_abbrev  0x000018de      0x138 ./SDK/startup/hardware.o
 .debug_abbrev  0x00001a16       0x7d ./SDK/startup/main.o
 .debug_abbrev  0x00001a93       0x2f ./SDK/startup/semihost_hardfault.o
 .debug_abbrev  0x00001ac2      0x15c ./SDK/startup/startup_mk64f12.o
 .debug_abbrev  0x00001c1e      0x13f ./SDK/CMSIS/system_MK64F12.o

.debug_aranges  0x00000000      0x848
 .debug_aranges
                0x00000000       0x28 ./source/timers/SysTick.o
 .debug_aranges
                0x00000028       0x58 ./source/timers/timer.o
 .debug_aranges
                0x00000080       0x78 ./source/protocols/CAN.o
 .debug_aranges
                0x000000f8       0x60 ./source/protocols/I2C.o
 .debug_aranges
                0x00000158       0x90 ./source/protocols/uart.o
 .debug_aranges
                0x000001e8       0x38 ./source/drivers/drv_CAN.o
 .debug_aranges
                0x00000220       0x20 ./source/drivers/drv_DEVBOARD.o
 .debug_aranges
                0x00000240       0x60 ./source/drivers/drv_FXOS8700CQ.o
 .debug_aranges
                0x000002a0       0x38 ./source/drivers/drv_I2C.o
 .debug_aranges
                0x000002d8       0x68 ./source/drivers/drv_K64.o
 .debug_aranges
                0x00000340       0x30 ./source/drivers/drv_UART.o
 .debug_aranges
                0x00000370       0x50 ./source/MCAL/IRQ.o
 .debug_aranges
                0x000003c0       0x48 ./source/MCAL/gpio.o
 .debug_aranges
                0x00000408       0x70 ./source/App.o
 .debug_aranges
                0x00000478       0x30 ./SDK/startup/hardware.o
 .debug_aranges
                0x000004a8       0x20 ./SDK/startup/main.o
 .debug_aranges
                0x000004c8       0x20 ./SDK/startup/semihost_hardfault.o
 .debug_aranges
                0x000004e8      0x330 ./SDK/startup/startup_mk64f12.o
 .debug_aranges
                0x00000818       0x30 ./SDK/CMSIS/system_MK64F12.o

.debug_ranges   0x00000000      0x718
 .debug_ranges  0x00000000       0x18 ./source/timers/SysTick.o
 .debug_ranges  0x00000018       0x48 ./source/timers/timer.o
 .debug_ranges  0x00000060       0x68 ./source/protocols/CAN.o
 .debug_ranges  0x000000c8       0x50 ./source/protocols/I2C.o
 .debug_ranges  0x00000118       0x80 ./source/protocols/uart.o
 .debug_ranges  0x00000198       0x28 ./source/drivers/drv_CAN.o
 .debug_ranges  0x000001c0       0x10 ./source/drivers/drv_DEVBOARD.o
 .debug_ranges  0x000001d0       0x50 ./source/drivers/drv_FXOS8700CQ.o
 .debug_ranges  0x00000220       0x28 ./source/drivers/drv_I2C.o
 .debug_ranges  0x00000248       0x58 ./source/drivers/drv_K64.o
 .debug_ranges  0x000002a0       0x20 ./source/drivers/drv_UART.o
 .debug_ranges  0x000002c0       0x40 ./source/MCAL/IRQ.o
 .debug_ranges  0x00000300       0x38 ./source/MCAL/gpio.o
 .debug_ranges  0x00000338       0x60 ./source/App.o
 .debug_ranges  0x00000398       0x20 ./SDK/startup/hardware.o
 .debug_ranges  0x000003b8       0x10 ./SDK/startup/main.o
 .debug_ranges  0x000003c8       0x10 ./SDK/startup/semihost_hardfault.o
 .debug_ranges  0x000003d8      0x320 ./SDK/startup/startup_mk64f12.o
 .debug_ranges  0x000006f8       0x20 ./SDK/CMSIS/system_MK64F12.o

.debug_macro    0x00000000    0x13976
 .debug_macro   0x00000000       0xbc ./source/timers/SysTick.o
 .debug_macro   0x000000bc      0xa5a ./source/timers/SysTick.o
 .debug_macro   0x00000b16       0x22 ./source/timers/SysTick.o
 .debug_macro   0x00000b38       0x5c ./source/timers/SysTick.o
 .debug_macro   0x00000b94      0x34e ./source/timers/SysTick.o
 .debug_macro   0x00000ee2       0x1c ./source/timers/SysTick.o
 .debug_macro   0x00000efe       0x22 ./source/timers/SysTick.o
 .debug_macro   0x00000f20       0xdf ./source/timers/SysTick.o
 .debug_macro   0x00000fff      0xecf ./source/timers/SysTick.o
 .debug_macro   0x00001ece       0x48 ./source/timers/SysTick.o
 .debug_macro   0x00001f16     0xe07b ./source/timers/SysTick.o
 .debug_macro   0x0000ff91       0x10 ./source/timers/SysTick.o
 .debug_macro   0x0000ffa1     0x122b ./source/timers/SysTick.o
 .debug_macro   0x000111cc       0x16 ./source/timers/SysTick.o
 .debug_macro   0x000111e2      0x1b0 ./source/timers/timer.o
 .debug_macro   0x00011392       0x17 ./source/timers/timer.o
 .debug_macro   0x000113a9       0x22 ./source/timers/timer.o
 .debug_macro   0x000113cb       0x52 ./source/timers/timer.o
 .debug_macro   0x0001141d       0x8d ./source/timers/timer.o
 .debug_macro   0x000114aa       0x35 ./source/timers/timer.o
 .debug_macro   0x000114df       0x9c ./source/timers/timer.o
 .debug_macro   0x0001157b       0x16 ./source/timers/timer.o
 .debug_macro   0x00011591      0x10e ./source/timers/timer.o
 .debug_macro   0x0001169f       0x8d ./source/timers/timer.o
 .debug_macro   0x0001172c       0x57 ./source/timers/timer.o
 .debug_macro   0x00011783       0x58 ./source/timers/timer.o
 .debug_macro   0x000117db       0x1f ./source/timers/timer.o
 .debug_macro   0x000117fa       0x43 ./source/timers/timer.o
 .debug_macro   0x0001183d       0x20 ./source/timers/timer.o
 .debug_macro   0x0001185d      0x18e ./source/timers/timer.o
 .debug_macro   0x000119eb      0x330 ./source/timers/timer.o
 .debug_macro   0x00011d1b       0x16 ./source/timers/timer.o
 .debug_macro   0x00011d31       0x29 ./source/timers/timer.o
 .debug_macro   0x00011d5a       0x28 ./source/timers/timer.o
 .debug_macro   0x00011d82       0xd9 ./source/timers/timer.o
 .debug_macro   0x00011e5b       0xcb ./source/protocols/CAN.o
 .debug_macro   0x00011f26       0x46 ./source/protocols/CAN.o
 .debug_macro   0x00011f6c      0x100 ./source/protocols/CAN.o
 .debug_macro   0x0001206c       0x1c ./source/protocols/CAN.o
 .debug_macro   0x00012088      0x286 ./source/protocols/I2C.o
 .debug_macro   0x0001230e       0x16 ./source/protocols/I2C.o
 .debug_macro   0x00012324       0x97 ./source/protocols/I2C.o
 .debug_macro   0x000123bb       0xfd ./source/protocols/I2C.o
 .debug_macro   0x000124b8       0x10 ./source/protocols/I2C.o
 .debug_macro   0x000124c8       0x10 ./source/protocols/I2C.o
 .debug_macro   0x000124d8       0x6a ./source/protocols/I2C.o
 .debug_macro   0x00012542       0x1c ./source/protocols/I2C.o
 .debug_macro   0x0001255e       0x52 ./source/protocols/I2C.o
 .debug_macro   0x000125b0       0x40 ./source/protocols/I2C.o
 .debug_macro   0x000125f0       0x10 ./source/protocols/I2C.o
 .debug_macro   0x00012600       0x40 ./source/protocols/I2C.o
 .debug_macro   0x00012640       0xd7 ./source/protocols/I2C.o
 .debug_macro   0x00012717       0x1c ./source/protocols/I2C.o
 .debug_macro   0x00012733       0x3d ./source/protocols/I2C.o
 .debug_macro   0x00012770       0x16 ./source/protocols/I2C.o
 .debug_macro   0x00012786      0x16f ./source/protocols/I2C.o
 .debug_macro   0x000128f5       0x10 ./source/protocols/I2C.o
 .debug_macro   0x00012905       0xc2 ./source/protocols/uart.o
 .debug_macro   0x000129c7       0x22 ./source/protocols/uart.o
 .debug_macro   0x000129e9       0xd7 ./source/drivers/drv_CAN.o
 .debug_macro   0x00012ac0       0x16 ./source/drivers/drv_CAN.o
 .debug_macro   0x00012ad6       0xcc ./source/drivers/drv_DEVBOARD.o
 .debug_macro   0x00012ba2      0x1df ./source/drivers/drv_FXOS8700CQ.o
 .debug_macro   0x00012d81       0x16 ./source/drivers/drv_FXOS8700CQ.o
 .debug_macro   0x00012d97       0xdb ./source/drivers/drv_I2C.o
 .debug_macro   0x00012e72       0xc2 ./source/drivers/drv_K64.o
 .debug_macro   0x00012f34       0xd9 ./source/drivers/drv_UART.o
 .debug_macro   0x0001300d       0x1c ./source/drivers/drv_UART.o
 .debug_macro   0x00013029       0x10 ./source/drivers/drv_UART.o
 .debug_macro   0x00013039       0xb3 ./source/MCAL/IRQ.o
 .debug_macro   0x000130ec       0xaf ./source/MCAL/gpio.o
 .debug_macro   0x0001319b      0x25f ./source/App.o
 .debug_macro   0x000133fa      0x174 ./source/App.o
 .debug_macro   0x0001356e      0x1e1 ./source/App.o
 .debug_macro   0x0001374f       0x35 ./source/App.o
 .debug_macro   0x00013784       0x9c ./SDK/startup/hardware.o
 .debug_macro   0x00013820       0x9c ./SDK/startup/main.o
 .debug_macro   0x000138bc       0x11 ./SDK/startup/semihost_hardfault.o
 .debug_macro   0x000138cd       0x29 ./SDK/startup/startup_mk64f12.o
 .debug_macro   0x000138f6       0x80 ./SDK/CMSIS/system_MK64F12.o

.debug_line     0x00000000     0x362c
 .debug_line    0x00000000      0x1b0 ./source/timers/SysTick.o
 .debug_line    0x000001b0      0x421 ./source/timers/timer.o
 .debug_line    0x000005d1      0x33a ./source/protocols/CAN.o
 .debug_line    0x0000090b      0x4fb ./source/protocols/I2C.o
 .debug_line    0x00000e06      0x38f ./source/protocols/uart.o
 .debug_line    0x00001195      0x21d ./source/drivers/drv_CAN.o
 .debug_line    0x000013b2      0x1bf ./source/drivers/drv_DEVBOARD.o
 .debug_line    0x00001571      0x4cd ./source/drivers/drv_FXOS8700CQ.o
 .debug_line    0x00001a3e      0x205 ./source/drivers/drv_I2C.o
 .debug_line    0x00001c43      0x24a ./source/drivers/drv_K64.o
 .debug_line    0x00001e8d      0x1f0 ./source/drivers/drv_UART.o
 .debug_line    0x0000207d      0x210 ./source/MCAL/IRQ.o
 .debug_line    0x0000228d      0x208 ./source/MCAL/gpio.o
 .debug_line    0x00002495      0x557 ./source/App.o
 .debug_line    0x000029ec      0x1d4 ./SDK/startup/hardware.o
 .debug_line    0x00002bc0      0x174 ./SDK/startup/main.o
 .debug_line    0x00002d34       0x59 ./SDK/startup/semihost_hardfault.o
 .debug_line    0x00002d8d      0x6d8 ./SDK/startup/startup_mk64f12.o
 .debug_line    0x00003465      0x1c7 ./SDK/CMSIS/system_MK64F12.o

.debug_str      0x00000000    0x7e58c
 .debug_str     0x00000000    0x76f2d ./source/timers/SysTick.o
                              0x770b4 (size before relaxing)
 .debug_str     0x00076f2d     0x352e ./source/timers/timer.o
                              0x7a5fb (size before relaxing)
 .debug_str     0x0007a45b      0xf27 ./source/protocols/CAN.o
                              0x77f55 (size before relaxing)
 .debug_str     0x0007b382     0x16af ./source/protocols/I2C.o
                              0x7c5df (size before relaxing)
 .debug_str     0x0007ca31      0x25e ./source/protocols/uart.o
                              0x779e1 (size before relaxing)
 .debug_str     0x0007cc8f       0xab ./source/drivers/drv_CAN.o
                              0x7773c (size before relaxing)
 .debug_str     0x0007cd3a       0x41 ./source/drivers/drv_DEVBOARD.o
                              0x77531 (size before relaxing)
 .debug_str     0x0007cd7b      0x213 ./source/drivers/drv_FXOS8700CQ.o
                              0x7ac60 (size before relaxing)
 .debug_str     0x0007cf8e       0x55 ./source/drivers/drv_I2C.o
                              0x77635 (size before relaxing)
 .debug_str     0x0007cfe3       0xb3 ./source/drivers/drv_K64.o
                              0x775a3 (size before relaxing)
 .debug_str     0x0007d096       0xba ./source/drivers/drv_UART.o
                              0x7717d (size before relaxing)
 .debug_str     0x0007d150       0x9a ./source/MCAL/IRQ.o
                              0x77129 (size before relaxing)
 .debug_str     0x0007d1ea       0x9b ./source/MCAL/gpio.o
                              0x777ff (size before relaxing)
 .debug_str     0x0007d285      0x9ce ./source/App.o
                              0x7b674 (size before relaxing)
 .debug_str     0x0007dc53      0x16f ./SDK/startup/hardware.o
                              0x771f8 (size before relaxing)
 .debug_str     0x0007ddc2       0x1b ./SDK/startup/main.o
                              0x76fcc (size before relaxing)
 .debug_str     0x0007dddd       0x36 ./SDK/startup/semihost_hardfault.o
                               0x2d32 (size before relaxing)
 .debug_str     0x0007de13      0x717 ./SDK/startup/startup_mk64f12.o
                               0x35a0 (size before relaxing)
 .debug_str     0x0007e52a       0x62 ./SDK/CMSIS/system_MK64F12.o
                              0x77107 (size before relaxing)

.comment        0x00000000       0x7e
 .comment       0x00000000       0x7e ./source/timers/SysTick.o
                                 0x7f (size before relaxing)
 .comment       0x0000007e       0x7f ./source/timers/timer.o
 .comment       0x0000007e       0x7f ./source/protocols/CAN.o
 .comment       0x0000007e       0x7f ./source/protocols/I2C.o
 .comment       0x0000007e       0x7f ./source/protocols/uart.o
 .comment       0x0000007e       0x7f ./source/drivers/drv_CAN.o
 .comment       0x0000007e       0x7f ./source/drivers/drv_DEVBOARD.o
 .comment       0x0000007e       0x7f ./source/drivers/drv_FXOS8700CQ.o
 .comment       0x0000007e       0x7f ./source/drivers/drv_I2C.o
 .comment       0x0000007e       0x7f ./source/drivers/drv_K64.o
 .comment       0x0000007e       0x7f ./source/drivers/drv_UART.o
 .comment       0x0000007e       0x7f ./source/MCAL/IRQ.o
 .comment       0x0000007e       0x7f ./source/MCAL/gpio.o
 .comment       0x0000007e       0x7f ./source/App.o
 .comment       0x0000007e       0x7f ./SDK/startup/hardware.o
 .comment       0x0000007e       0x7f ./SDK/startup/main.o
 .comment       0x0000007e       0x7f ./SDK/startup/semihost_hardfault.o
 .comment       0x0000007e       0x7f ./SDK/startup/startup_mk64f12.o
 .comment       0x0000007e       0x7f ./SDK/CMSIS/system_MK64F12.o
 .comment       0x0000007e       0x7f c:/nxp/mcuxpressoide_10.2.0_759/ide/tools/bin/../lib/gcc/arm-none-eabi/7.2.1/../../../../arm-none-eabi/lib/thumb/v7e-m/fpv4-sp/hard\libcr_c.a(atan2.o)
 .comment       0x0000007e       0x7f c:/nxp/mcuxpressoide_10.2.0_759/ide/tools/bin/../lib/gcc/arm-none-eabi/7.2.1/../../../../arm-none-eabi/lib/thumb/v7e-m/fpv4-sp/hard\libcr_c.a(errno.o)
 .comment       0x0000007e       0x7f c:/nxp/mcuxpressoide_10.2.0_759/ide/tools/bin/../lib/gcc/arm-none-eabi/7.2.1/../../../../arm-none-eabi/lib/thumb/v7e-m/fpv4-sp/hard\libcr_c.a(fabs.o)
 .comment       0x0000007e       0x7f c:/nxp/mcuxpressoide_10.2.0_759/ide/tools/bin/../lib/gcc/arm-none-eabi/7.2.1/../../../../arm-none-eabi/lib/thumb/v7e-m/fpv4-sp/hard\libcr_c.a(sqrt.o)
 .comment       0x0000007e       0x7f c:/nxp/mcuxpressoide_10.2.0_759/ide/tools/bin/../lib/gcc/arm-none-eabi/7.2.1/../../../../arm-none-eabi/lib/thumb/v7e-m/fpv4-sp/hard\libcr_c.a(_hugeval.o)
 .comment       0x0000007e       0x7f c:/nxp/mcuxpressoide_10.2.0_759/ide/tools/bin/../lib/gcc/arm-none-eabi/7.2.1/../../../../arm-none-eabi/lib/thumb/v7e-m/fpv4-sp/hard\libcr_c.a(atan.o)
 .comment       0x0000007e       0x7f c:/nxp/mcuxpressoide_10.2.0_759/ide/tools/bin/../lib/gcc/arm-none-eabi/7.2.1/thumb/v7e-m/fpv4-sp/hard\libcr_eabihelpers.a(double.o)

.ARM.attributes
                0x00000000       0x39
 .ARM.attributes
                0x00000000       0x39 ./source/timers/SysTick.o
 .ARM.attributes
                0x00000039       0x39 ./source/timers/timer.o
 .ARM.attributes
                0x00000072       0x39 ./source/protocols/CAN.o
 .ARM.attributes
                0x000000ab       0x39 ./source/protocols/I2C.o
 .ARM.attributes
                0x000000e4       0x39 ./source/protocols/uart.o
 .ARM.attributes
                0x0000011d       0x39 ./source/drivers/drv_CAN.o
 .ARM.attributes
                0x00000156       0x39 ./source/drivers/drv_DEVBOARD.o
 .ARM.attributes
                0x0000018f       0x39 ./source/drivers/drv_FXOS8700CQ.o
 .ARM.attributes
                0x000001c8       0x39 ./source/drivers/drv_I2C.o
 .ARM.attributes
                0x00000201       0x39 ./source/drivers/drv_K64.o
 .ARM.attributes
                0x0000023a       0x39 ./source/drivers/drv_UART.o
 .ARM.attributes
                0x00000273       0x39 ./source/MCAL/IRQ.o
 .ARM.attributes
                0x000002ac       0x39 ./source/MCAL/gpio.o
 .ARM.attributes
                0x000002e5       0x39 ./source/App.o
 .ARM.attributes
                0x0000031e       0x39 ./SDK/startup/hardware.o
 .ARM.attributes
                0x00000357       0x39 ./SDK/startup/main.o
 .ARM.attributes
                0x00000390       0x39 ./SDK/startup/semihost_hardfault.o
 .ARM.attributes
                0x000003c9       0x39 ./SDK/startup/startup_mk64f12.o
 .ARM.attributes
                0x00000402       0x39 ./SDK/CMSIS/system_MK64F12.o
 .ARM.attributes
                0x0000043b       0x39 c:/nxp/mcuxpressoide_10.2.0_759/ide/tools/bin/../lib/gcc/arm-none-eabi/7.2.1/../../../../arm-none-eabi/lib/thumb/v7e-m/fpv4-sp/hard\libcr_c.a(atan2.o)
 .ARM.attributes
                0x00000474       0x39 c:/nxp/mcuxpressoide_10.2.0_759/ide/tools/bin/../lib/gcc/arm-none-eabi/7.2.1/../../../../arm-none-eabi/lib/thumb/v7e-m/fpv4-sp/hard\libcr_c.a(errno.o)
 .ARM.attributes
                0x000004ad       0x39 c:/nxp/mcuxpressoide_10.2.0_759/ide/tools/bin/../lib/gcc/arm-none-eabi/7.2.1/../../../../arm-none-eabi/lib/thumb/v7e-m/fpv4-sp/hard\libcr_c.a(fabs.o)
 .ARM.attributes
                0x000004e6       0x39 c:/nxp/mcuxpressoide_10.2.0_759/ide/tools/bin/../lib/gcc/arm-none-eabi/7.2.1/../../../../arm-none-eabi/lib/thumb/v7e-m/fpv4-sp/hard\libcr_c.a(sqrt.o)
 .ARM.attributes
                0x0000051f       0x39 c:/nxp/mcuxpressoide_10.2.0_759/ide/tools/bin/../lib/gcc/arm-none-eabi/7.2.1/../../../../arm-none-eabi/lib/thumb/v7e-m/fpv4-sp/hard\libcr_c.a(_hugeval.o)
 .ARM.attributes
                0x00000558       0x39 c:/nxp/mcuxpressoide_10.2.0_759/ide/tools/bin/../lib/gcc/arm-none-eabi/7.2.1/../../../../arm-none-eabi/lib/thumb/v7e-m/fpv4-sp/hard\libcr_c.a(atan.o)
 .ARM.attributes
                0x00000591       0x39 c:/nxp/mcuxpressoide_10.2.0_759/ide/tools/bin/../lib/gcc/arm-none-eabi/7.2.1/thumb/v7e-m/fpv4-sp/hard\libcr_eabihelpers.a(double.o)

.debug_frame    0x00000000     0x19d8
 .debug_frame   0x00000000       0x64 ./source/timers/SysTick.o
 .debug_frame   0x00000064      0x138 ./source/timers/timer.o
 .debug_frame   0x0000019c      0x1e4 ./source/protocols/CAN.o
 .debug_frame   0x00000380      0x164 ./source/protocols/I2C.o
 .debug_frame   0x000004e4      0x27c ./source/protocols/uart.o
 .debug_frame   0x00000760       0xa8 ./source/drivers/drv_CAN.o
 .debug_frame   0x00000808       0x30 ./source/drivers/drv_DEVBOARD.o
 .debug_frame   0x00000838      0x148 ./source/drivers/drv_FXOS8700CQ.o
 .debug_frame   0x00000980       0x90 ./source/drivers/drv_I2C.o
 .debug_frame   0x00000a10      0x128 ./source/drivers/drv_K64.o
 .debug_frame   0x00000b38       0x7c ./source/drivers/drv_UART.o
 .debug_frame   0x00000bb4      0x150 ./source/MCAL/IRQ.o
 .debug_frame   0x00000d04       0xfc ./source/MCAL/gpio.o
 .debug_frame   0x00000e00      0x1a4 ./source/App.o
 .debug_frame   0x00000fa4       0x70 ./SDK/startup/hardware.o
 .debug_frame   0x00001014       0x2c ./SDK/startup/main.o
 .debug_frame   0x00001040       0x20 ./SDK/startup/semihost_hardfault.o
 .debug_frame   0x00001060      0x904 ./SDK/startup/startup_mk64f12.o
 .debug_frame   0x00001964       0x74 ./SDK/CMSIS/system_MK64F12.o
